Component: ARM Compiler 5.06 update 7 (build 960) Tool: armlink [4d3601]

==============================================================================

Section Cross References

    startup_stm32g431xx.o(RESET) refers to startup_stm32g431xx.o(STACK) for __initial_sp
    startup_stm32g431xx.o(RESET) refers to startup_stm32g431xx.o(.text) for Reset_Handler
    startup_stm32g431xx.o(RESET) refers to stm32g4xx_it.o(i.NMI_Handler) for NMI_Handler
    startup_stm32g431xx.o(RESET) refers to stm32g4xx_it.o(i.HardFault_Handler) for HardFault_Handler
    startup_stm32g431xx.o(RESET) refers to stm32g4xx_it.o(i.MemManage_Handler) for MemManage_Handler
    startup_stm32g431xx.o(RESET) refers to stm32g4xx_it.o(i.BusFault_Handler) for BusFault_Handler
    startup_stm32g431xx.o(RESET) refers to stm32g4xx_it.o(i.UsageFault_Handler) for UsageFault_Handler
    startup_stm32g431xx.o(RESET) refers to stm32g4xx_it.o(i.SVC_Handler) for SVC_Handler
    startup_stm32g431xx.o(RESET) refers to stm32g4xx_it.o(i.DebugMon_Handler) for DebugMon_Handler
    startup_stm32g431xx.o(RESET) refers to stm32g4xx_it.o(i.PendSV_Handler) for PendSV_Handler
    startup_stm32g431xx.o(RESET) refers to stm32g4xx_it.o(i.SysTick_Handler) for SysTick_Handler
    startup_stm32g431xx.o(RESET) refers to stm32g4xx_it.o(i.DMA1_Channel1_IRQHandler) for DMA1_Channel1_IRQHandler
    startup_stm32g431xx.o(RESET) refers to stm32g4xx_it.o(i.DMA1_Channel2_IRQHandler) for DMA1_Channel2_IRQHandler
    startup_stm32g431xx.o(RESET) refers to stm32g4xx_it.o(i.DMA1_Channel3_IRQHandler) for DMA1_Channel3_IRQHandler
    startup_stm32g431xx.o(RESET) refers to stm32g4xx_it.o(i.DMA1_Channel4_IRQHandler) for DMA1_Channel4_IRQHandler
    startup_stm32g431xx.o(RESET) refers to stm32g4xx_it.o(i.DMA1_Channel5_IRQHandler) for DMA1_Channel5_IRQHandler
    startup_stm32g431xx.o(RESET) refers to stm32g4xx_it.o(i.USART1_IRQHandler) for USART1_IRQHandler
    startup_stm32g431xx.o(.text) refers to system_stm32g4xx.o(i.SystemInit) for SystemInit
    startup_stm32g431xx.o(.text) refers to entry.o(.ARM.Collect$$$$00000000) for __main
    main.o(i.SystemClock_Config) refers to memseta.o(.text) for __aeabi_memclr4
    main.o(i.SystemClock_Config) refers to stm32g4xx_hal_pwr_ex.o(i.HAL_PWREx_ControlVoltageScaling) for HAL_PWREx_ControlVoltageScaling
    main.o(i.SystemClock_Config) refers to stm32g4xx_hal_rcc.o(i.HAL_RCC_OscConfig) for HAL_RCC_OscConfig
    main.o(i.SystemClock_Config) refers to main.o(i.Error_Handler) for Error_Handler
    main.o(i.SystemClock_Config) refers to stm32g4xx_hal_rcc.o(i.HAL_RCC_ClockConfig) for HAL_RCC_ClockConfig
    main.o(i.main) refers to stm32g4xx_hal.o(i.HAL_Init) for HAL_Init
    main.o(i.main) refers to main.o(i.SystemClock_Config) for SystemClock_Config
    main.o(i.main) refers to gpio.o(i.MX_GPIO_Init) for MX_GPIO_Init
    main.o(i.main) refers to dma.o(i.MX_DMA_Init) for MX_DMA_Init
    main.o(i.main) refers to adc.o(i.MX_ADC1_Init) for MX_ADC1_Init
    main.o(i.main) refers to adc.o(i.MX_ADC2_Init) for MX_ADC2_Init
    main.o(i.main) refers to rtc.o(i.MX_RTC_Init) for MX_RTC_Init
    main.o(i.main) refers to usart.o(i.MX_USART1_UART_Init) for MX_USART1_UART_Init
    main.o(i.main) refers to tim.o(i.MX_TIM3_Init) for MX_TIM3_Init
    main.o(i.main) refers to tim.o(i.MX_TIM16_Init) for MX_TIM16_Init
    main.o(i.main) refers to tim.o(i.MX_TIM17_Init) for MX_TIM17_Init
    main.o(i.main) refers to tim.o(i.MX_TIM2_Init) for MX_TIM2_Init
    main.o(i.main) refers to scheduler.o(i.scheduler_init) for scheduler_init
    main.o(i.main) refers to scheduler.o(i.scheduler_run) for scheduler_run
    gpio.o(i.MX_GPIO_Init) refers to memseta.o(.text) for __aeabi_memclr4
    gpio.o(i.MX_GPIO_Init) refers to stm32g4xx_hal_gpio.o(i.HAL_GPIO_WritePin) for HAL_GPIO_WritePin
    gpio.o(i.MX_GPIO_Init) refers to stm32g4xx_hal_gpio.o(i.HAL_GPIO_Init) for HAL_GPIO_Init
    adc.o(i.HAL_ADC_MspDeInit) refers to stm32g4xx_hal_gpio.o(i.HAL_GPIO_DeInit) for HAL_GPIO_DeInit
    adc.o(i.HAL_ADC_MspDeInit) refers to stm32g4xx_hal_dma.o(i.HAL_DMA_DeInit) for HAL_DMA_DeInit
    adc.o(i.HAL_ADC_MspDeInit) refers to adc.o(.data) for HAL_RCC_ADC12_CLK_ENABLED
    adc.o(i.HAL_ADC_MspInit) refers to memseta.o(.text) for __aeabi_memclr4
    adc.o(i.HAL_ADC_MspInit) refers to stm32g4xx_hal_rcc_ex.o(i.HAL_RCCEx_PeriphCLKConfig) for HAL_RCCEx_PeriphCLKConfig
    adc.o(i.HAL_ADC_MspInit) refers to main.o(i.Error_Handler) for Error_Handler
    adc.o(i.HAL_ADC_MspInit) refers to stm32g4xx_hal_gpio.o(i.HAL_GPIO_Init) for HAL_GPIO_Init
    adc.o(i.HAL_ADC_MspInit) refers to stm32g4xx_hal_dma.o(i.HAL_DMA_Init) for HAL_DMA_Init
    adc.o(i.HAL_ADC_MspInit) refers to adc.o(.data) for HAL_RCC_ADC12_CLK_ENABLED
    adc.o(i.HAL_ADC_MspInit) refers to adc.o(.bss) for hdma_adc1
    adc.o(i.MX_ADC1_Init) refers to memseta.o(.text) for __aeabi_memclr4
    adc.o(i.MX_ADC1_Init) refers to stm32g4xx_hal_adc.o(i.HAL_ADC_Init) for HAL_ADC_Init
[...]
    i.SDA_Output_Mode                        0x0800555c   Section        0  i2c_hal.o(i.SDA_Output_Mode)
    i.SVC_Handler                            0x08005588   Section        0  stm32g4xx_it.o(i.SVC_Handler)
    i.SysTick_Handler                        0x0800558a   Section        0  stm32g4xx_it.o(i.SysTick_Handler)
    i.SystemClock_Config                     0x08005592   Section        0  main.o(i.SystemClock_Config)
    i.SystemInit                             0x080055fc   Section        0  system_stm32g4xx.o(i.SystemInit)
    i.TIM_Base_SetConfig                     0x08005610   Section        0  stm32g4xx_hal_tim.o(i.TIM_Base_SetConfig)
    i.TIM_CCxChannelCmd                      0x080056cc   Section        0  stm32g4xx_hal_tim.o(i.TIM_CCxChannelCmd)
    i.TIM_DMACaptureCplt                     0x080056ee   Section        0  stm32g4xx_hal_tim.o(i.TIM_DMACaptureCplt)
    i.TIM_DMACaptureHalfCplt                 0x08005768   Section        0  stm32g4xx_hal_tim.o(i.TIM_DMACaptureHalfCplt)
    i.TIM_DMAError                           0x080057a8   Section        0  stm32g4xx_hal_tim.o(i.TIM_DMAError)
    i.TIM_ETR_SetConfig                      0x08005806   Section        0  stm32g4xx_hal_tim.o(i.TIM_ETR_SetConfig)
    i.TIM_ITRx_SetConfig                     0x0800581c   Section        0  stm32g4xx_hal_tim.o(i.TIM_ITRx_SetConfig)
    TIM_ITRx_SetConfig                       0x0800581d   Thumb Code    18  stm32g4xx_hal_tim.o(i.TIM_ITRx_SetConfig)
    i.TIM_OC1_SetConfig                      0x08005834   Section        0  stm32g4xx_hal_tim.o(i.TIM_OC1_SetConfig)
    TIM_OC1_SetConfig                        0x08005835   Thumb Code   146  stm32g4xx_hal_tim.o(i.TIM_OC1_SetConfig)
    i.TIM_OC2_SetConfig                      0x080058e0   Section        0  stm32g4xx_hal_tim.o(i.TIM_OC2_SetConfig)
    i.TIM_OC3_SetConfig                      0x08005994   Section        0  stm32g4xx_hal_tim.o(i.TIM_OC3_SetConfig)
    TIM_OC3_SetConfig                        0x08005995   Thumb Code   154  stm32g4xx_hal_tim.o(i.TIM_OC3_SetConfig)
    i.TIM_OC4_SetConfig                      0x08005a48   Section        0  stm32g4xx_hal_tim.o(i.TIM_OC4_SetConfig)
    TIM_OC4_SetConfig                        0x08005a49   Thumb Code   156  stm32g4xx_hal_tim.o(i.TIM_OC4_SetConfig)
    i.TIM_OC5_SetConfig                      0x08005afc   Section        0  stm32g4xx_hal_tim.o(i.TIM_OC5_SetConfig)
    TIM_OC5_SetConfig                        0x08005afd   Thumb Code    86  stm32g4xx_hal_tim.o(i.TIM_OC5_SetConfig)
    i.TIM_OC6_SetConfig                      0x08005b6c   Section        0  stm32g4xx_hal_tim.o(i.TIM_OC6_SetConfig)
    TIM_OC6_SetConfig                        0x08005b6d   Thumb Code    88  stm32g4xx_hal_tim.o(i.TIM_OC6_SetConfig)
    i.TIM_SlaveTimer_SetConfig               0x08005bdc   Section        0  stm32g4xx_hal_tim.o(i.TIM_SlaveTimer_SetConfig)
    TIM_SlaveTimer_SetConfig                 0x08005bdd   Thumb Code   240  stm32g4xx_hal_tim.o(i.TIM_SlaveTimer_SetConfig)
    i.TIM_TI1_ConfigInputStage               0x08005cd8   Section        0  stm32g4xx_hal_tim.o(i.TIM_TI1_ConfigInputStage)
    TIM_TI1_ConfigInputStage                 0x08005cd9   Thumb Code    38  stm32g4xx_hal_tim.o(i.TIM_TI1_ConfigInputStage)
    i.TIM_TI1_SetConfig                      0x08005d00   Section        0  stm32g4xx_hal_tim.o(i.TIM_TI1_SetConfig)
    i.TIM_TI2_ConfigInputStage               0x08005d7c   Section        0  stm32g4xx_hal_tim.o(i.TIM_TI2_ConfigInputStage)
    TIM_TI2_ConfigInputStage                 0x08005d7d   Thumb Code    40  stm32g4xx_hal_tim.o(i.TIM_TI2_ConfigInputStage)
    i.TIM_TI2_SetConfig                      0x08005da4   Section        0  stm32g4xx_hal_tim.o(i.TIM_TI2_SetConfig)
    TIM_TI2_SetConfig                        0x08005da5   Thumb Code    58  stm32g4xx_hal_tim.o(i.TIM_TI2_SetConfig)
    i.TIM_TI3_SetConfig                      0x08005dde   Section        0  stm32g4xx_hal_tim.o(i.TIM_TI3_SetConfig)
    TIM_TI3_SetConfig                        0x08005ddf   Thumb Code    56  stm32g4xx_hal_tim.o(i.TIM_TI3_SetConfig)
    i.TIM_TI4_SetConfig                      0x08005e16   Section        0  stm32g4xx_hal_tim.o(i.TIM_TI4_SetConfig)
    TIM_TI4_SetConfig                        0x08005e17   Thumb Code    60  stm32g4xx_hal_tim.o(i.TIM_TI4_SetConfig)
    i.UARTEx_SetNbDataToProcess              0x08005e54   Section        0  stm32g4xx_hal_uart_ex.o(i.UARTEx_SetNbDataToProcess)
    UARTEx_SetNbDataToProcess                0x08005e55   Thumb Code    78  stm32g4xx_hal_uart_ex.o(i.UARTEx_SetNbDataToProcess)
    i.UART_AdvFeatureConfig                  0x08005eac   Section        0  stm32g4xx_hal_uart.o(i.UART_AdvFeatureConfig)
    i.UART_CheckIdleState                    0x08005fa4   Section        0  stm32g4xx_hal_uart.o(i.UART_CheckIdleState)
    i.UART_DMAAbortOnError                   0x0800601a   Section        0  stm32g4xx_hal_uart.o(i.UART_DMAAbortOnError)
    UART_DMAAbortOnError                     0x0800601b   Thumb Code    24  stm32g4xx_hal_uart.o(i.UART_DMAAbortOnError)
    i.UART_DMAError                          0x08006032   Section        0  stm32g4xx_hal_uart.o(i.UART_DMAError)
    UART_DMAError                            0x08006033   Thumb Code    94  stm32g4xx_hal_uart.o(i.UART_DMAError)
    i.UART_DMAReceiveCplt                    0x08006090   Section        0  stm32g4xx_hal_uart.o(i.UART_DMAReceiveCplt)
    UART_DMAReceiveCplt                      0x08006091   Thumb Code   108  stm32g4xx_hal_uart.o(i.UART_DMAReceiveCplt)
    i.UART_DMARxHalfCplt                     0x080060fc   Section        0  stm32g4xx_hal_uart.o(i.UART_DMARxHalfCplt)
    UART_DMARxHalfCplt                       0x080060fd   Thumb Code    34  stm32g4xx_hal_uart.o(i.UART_DMARxHalfCplt)
    i.UART_EndRxTransfer                     0x08006120   Section        0  stm32g4xx_hal_uart.o(i.UART_EndRxTransfer)
    UART_EndRxTransfer                       0x08006121   Thumb Code    56  stm32g4xx_hal_uart.o(i.UART_EndRxTransfer)
    i.UART_EndTransmit_IT                    0x0800615c   Section        0  stm32g4xx_hal_uart.o(i.UART_EndTransmit_IT)
    UART_EndTransmit_IT                      0x0800615d   Thumb Code    34  stm32g4xx_hal_uart.o(i.UART_EndTransmit_IT)
    i.UART_EndTxTransfer                     0x0800617e   Section        0  stm32g4xx_hal_uart.o(i.UART_EndTxTransfer)
    UART_EndTxTransfer                       0x0800617f   Thumb Code    32  stm32g4xx_hal_uart.o(i.UART_EndTxTransfer)
    i.UART_SetConfig                         0x080061a0   Section        0  stm32g4xx_hal_uart.o(i.UART_SetConfig)
    i.UART_Start_Receive_DMA                 0x0800652c   Section        0  stm32g4xx_hal_uart.o(i.UART_Start_Receive_DMA)
    i.UART_WaitOnFlagUntilTimeout            0x080065cc   Section        0  stm32g4xx_hal_uart.o(i.UART_WaitOnFlagUntilTimeout)
    i.USART1_IRQHandler                      0x0800668c   Section        0  stm32g4xx_it.o(i.USART1_IRQHandler)
    i.UsageFault_Handler                     0x080066bc   Section        0  stm32g4xx_it.o(i.UsageFault_Handler)
    i.__0printf                              0x080066c0   Section        0  printfa.o(i.__0printf)
    i.__0vsprintf                            0x080066e0   Section        0  printfa.o(i.__0vsprintf)
    i.__NVIC_GetPriorityGrouping             0x08006704   Section        0  stm32g4xx_hal_cortex.o(i.__NVIC_GetPriorityGrouping)
    __NVIC_GetPriorityGrouping               0x08006705   Thumb Code    10  stm32g4xx_hal_cortex.o(i.__NVIC_GetPriorityGrouping)
    i.__NVIC_SetPriority                     0x08006714   Section        0  stm32g4xx_hal_cortex.o(i.__NVIC_SetPriority)
    __NVIC_SetPriority                       0x08006715   Thumb Code    32  stm32g4xx_hal_cortex.o(i.__NVIC_SetPriority)
    i.__scatterload_copy                     0x0800673c   Section       14  handlers.o(i.__scatterload_copy)
    i.__scatterload_null                     0x0800674a   Section        2  handlers.o(i.__scatterload_null)
    i.__scatterload_zeroinit                 0x0800674c   Section       14  handlers.o(i.__scatterload_zeroinit)
    i._fp_digits                             0x0800675c   Section        0  printfa.o(i._fp_digits)
    _fp_digits                               0x0800675d   Thumb Code   366  printfa.o(i._fp_digits)
    i._printf_core                           0x080068e0   Section        0  printfa.o(i._printf_core)
    _printf_core                             0x080068e1   Thumb Code  1704  printfa.o(i._printf_core)
    i._printf_post_padding                   0x08006f94   Section        0  printfa.o(i._printf_post_padding)
    _printf_post_padding                     0x08006f95   Thumb Code    36  printfa.o(i._printf_post_padding)
    i._printf_pre_padding                    0x08006fb8   Section        0  printfa.o(i._printf_pre_padding)
    _printf_pre_padding                      0x08006fb9   Thumb Code    46  printfa.o(i._printf_pre_padding)
    i._sputc                                 0x08006fe6   Section        0  printfa.o(i._sputc)
    _sputc                                   0x08006fe7   Thumb Code    10  printfa.o(i._sputc)
    i.adc_task                               0x08006ff0   Section        0  adc_app.o(i.adc_task)
    i.at24c02_read                           0x0800708c   Section        0  i2c_hal.o(i.at24c02_read)
    i.at24c02_write                          0x080070e0   Section        0  i2c_hal.o(i.at24c02_write)
    i.delay1                                 0x0800712a   Section        0  i2c_hal.o(i.delay1)
    delay1                                   0x0800712b   Thumb Code    26  i2c_hal.o(i.delay1)
    i.fputc                                  0x08007144   Section        0  usart.o(i.fputc)
    i.key_read                               0x08007160   Section        0  key_app.o(i.key_read)
    i.key_task                               0x080071a4   Section        0  key_app.o(i.key_task)
    i.lcd_sprintf                            0x080074a0   Section        0  lcd_app.o(i.lcd_sprintf)
    i.lcd_task                               0x080074cc   Section        0  lcd_app.o(i.lcd_task)
    i.led_disp                               0x08007678   Section        0  led_app.o(i.led_disp)
    i.led_task                               0x080076d8   Section        0  led_app.o(i.led_task)
    i.main                                   0x080076e8   Section        0  main.o(i.main)
    i.mcp4017_read                           0x08007724   Section        0  i2c_hal.o(i.mcp4017_read)
    i.mcp4017_write                          0x08007746   Section        0  i2c_hal.o(i.mcp4017_write)
    i.pwm_set_duty                           0x08007768   Section        0  tim_app.o(i.pwm_set_duty)
    i.rtc_task                               0x080077d0   Section        0  rtc_app.o(i.rtc_task)
    i.scheduler_init                         0x080077f4   Section        0  scheduler.o(i.scheduler_init)
    i.scheduler_run                          0x08007880   Section        0  scheduler.o(i.scheduler_run)
    i.tim_ic_task                            0x080078d8   Section        0  tim_app.o(i.tim_ic_task)
    i.uart_task                              0x08007978   Section        0  uart_app.o(i.uart_task)
    .constdata                               0x080079cc   Section       24  stm32g4xx_hal_uart.o(.constdata)
    .constdata                               0x080079e4   Section       16  stm32g4xx_hal_uart_ex.o(.constdata)
    numerator                                0x080079e4   Data           8  stm32g4xx_hal_uart_ex.o(.constdata)
    denominator                              0x080079ec   Data           8  stm32g4xx_hal_uart_ex.o(.constdata)
    .constdata                               0x080079f4   Section       24  system_stm32g4xx.o(.constdata)
    .constdata                               0x08007a0c   Section     4560  lcd.o(.constdata)
    .data                                    0x20000000   Section        4  adc.o(.data)
    HAL_RCC_ADC12_CLK_ENABLED                0x20000000   Data           4  adc.o(.data)
    .data                                    0x20000004   Section       12  stm32g4xx_hal.o(.data)
    .data                                    0x20000010   Section        4  system_stm32g4xx.o(.data)
    .data                                    0x20000014   Section        8  adc_app.o(.data)
    .data                                    0x2000001c   Section        4  key_app.o(.data)
    .data                                    0x20000020   Section        6  lcd.o(.data)
    TextColor                                0x20000020   Data           2  lcd.o(.data)
    BackColor                                0x20000022   Data           2  lcd.o(.data)
    .data                                    0x20000026   Section       11  lcd_app.o(.data)
    .data                                    0x20000031   Section        8  led_app.o(.data)
    .data                                    0x20000039   Section        4  rtc_app.o(.data)
    .data                                    0x20000040   Section       85  scheduler.o(.data)
    .data                                    0x20000095   Section        1  uart_app.o(.data)
    .data                                    0x20000098   Section       24  tim_app.o(.data)
    .data                                    0x200000b0   Section        4  stdout.o(.data)
    .bss                                     0x200000b4   Section      408  adc.o(.bss)
    .bss                                     0x2000024c   Section       40  rtc.o(.bss)
    .bss                                     0x20000274   Section      496  tim.o(.bss)
    .bss                                     0x20000464   Section      496  usart.o(.bss)
    .bss                                     0x20000654   Section      240  adc_app.o(.bss)
    .bss                                     0x20000744   Section       10  lcd_app.o(.bss)
    .bss                                     0x20000750   Section       20  rtc_app.o(.bss)
    .bss                                     0x20000764   Section      512  tim_app.o(.bss)
    STACK                                    0x20000968   Section     1024  startup_stm32g431xx.o(STACK)

    Global Symbols

    Symbol Name                              Value     Ov Type        Size  Object(Section)

    BuildAttributes$$THM_ISAv4$E$P$D$K$B$S$7EM$VFPi3$EXTD16$VFPS$VFMA$PE$A:L22UL41UL21$X:L11$S22US41US21$IEEE1$IW$USESV6$~STKCKD$USESV7$~SHL$OSPACE$ROPI$EBA8$MICROLIB$REQ8$PRES8$EABIv2 0x00000000   Number         0  anon$$obj.o ABSOLUTE
    __ARM_use_no_argv                        0x00000000   Number         0  main.o ABSOLUTE
    _printf_a                                0x00000000   Number         0  stubs.o ABSOLUTE
    _printf_c                                0x00000000   Number         0  stubs.o ABSOLUTE
    _printf_charcount                        0x00000000   Number         0  stubs.o ABSOLUTE
    _printf_d                                0x00000000   Number         0  stubs.o ABSOLUTE
    _printf_e                                0x00000000   Number         0  stubs.o ABSOLUTE
    _printf_f                                0x00000000   Number         0  stubs.o ABSOLUTE
    _printf_flags                            0x00000000   Number         0  stubs.o ABSOLUTE
    _printf_fp_dec                           0x00000000   Number         0  stubs.o ABSOLUTE
    _printf_fp_hex                           0x00000000   Number         0  stubs.o ABSOLUTE
    _printf_g                                0x00000000   Number         0  stubs.o ABSOLUTE
    _printf_i                                0x00000000   Number         0  stubs.o ABSOLUTE
    _printf_int_dec                          0x00000000   Number         0  stubs.o ABSOLUTE
    _printf_l                                0x00000000   Number         0  stubs.o ABSOLUTE
    _printf_lc                               0x00000000   Number         0  stubs.o ABSOLUTE
    _printf_ll                               0x00000000   Number         0  stubs.o ABSOLUTE
    _printf_lld                              0x00000000   Number         0  stubs.o ABSOLUTE
    _printf_lli                              0x00000000   Number         0  stubs.o ABSOLUTE
    _printf_llo                              0x00000000   Number         0  stubs.o ABSOLUTE
    _printf_llu                              0x00000000   Number         0  stubs.o ABSOLUTE
    _printf_llx                              0x00000000   Number         0  stubs.o ABSOLUTE
    _printf_longlong_dec                     0x00000000   Number         0  stubs.o ABSOLUTE
    _printf_longlong_hex                     0x00000000   Number         0  stubs.o ABSOLUTE
    _printf_longlong_oct                     0x00000000   Number         0  stubs.o ABSOLUTE
    _printf_ls                               0x00000000   Number         0  stubs.o ABSOLUTE
    _printf_mbtowc                           0x00000000   Number         0  stubs.o ABSOLUTE
    _printf_n                                0x00000000   Number         0  stubs.o ABSOLUTE
    _printf_o                                0x00000000   Number         0  stubs.o ABSOLUTE
    _printf_p                                0x00000000   Number         0  stubs.o ABSOLUTE
    _printf_percent                          0x00000000   Number         0  stubs.o ABSOLUTE
    _printf_pre_padding                      0x00000000   Number         0  stubs.o ABSOLUTE
    _printf_return_value                     0x00000000   Number         0  stubs.o ABSOLUTE
    _printf_s                                0x00000000   Number         0  stubs.o ABSOLUTE
    _printf_sizespec                         0x00000000   Number         0  stubs.o ABSOLUTE
    _printf_str                              0x00000000   Number         0  stubs.o ABSOLUTE
    _printf_truncate_signed                  0x00000000   Number         0  stubs.o ABSOLUTE
    _printf_truncate_unsigned                0x00000000   Number         0  stubs.o ABSOLUTE
    _printf_u                                0x00000000   Number         0  stubs.o ABSOLUTE
    _printf_wc                               0x00000000   Number         0  stubs.o ABSOLUTE
    _printf_wctomb                           0x00000000   Number         0  stubs.o ABSOLUTE
    _printf_widthprec                        0x00000000   Number         0  stubs.o ABSOLUTE
    _printf_x                                0x00000000   Number         0  stubs.o ABSOLUTE
    __arm_fini_                               - Undefined Weak Reference
    __cpp_initialize__aeabi_                  - Undefined Weak Reference
    __cxa_finalize                            - Undefined Weak Reference
    __decompress                              - Undefined Weak Reference
    _clock_init                               - Undefined Weak Reference
    _microlib_exit                            - Undefined Weak Reference
    __Vectors_Size                           0x000001d8   Number         0  startup_stm32g431xx.o ABSOLUTE
    __Vectors                                0x08000000   Data           4  startup_stm32g431xx.o(RESET)
    __Vectors_End                            0x080001d8   Data           0  startup_stm32g431xx.o(RESET)
    __main                                   0x080001d9   Thumb Code     0  entry.o(.ARM.Collect$$$$00000000)
    _main_stk                                0x080001d9   Thumb Code     0  entry2.o(.ARM.Collect$$$$00000001)
    _main_scatterload                        0x080001dd   Thumb Code     0  entry5.o(.ARM.Collect$$$$00000004)
    __main_after_scatterload                 0x080001e1   Thumb Code     0  entry5.o(.ARM.Collect$$$$00000004)
    _main_clock                              0x080001e1   Thumb Code     0  entry7b.o(.ARM.Collect$$$$00000008)
    _main_cpp_init                           0x080001e1   Thumb Code     0  entry8b.o(.ARM.Collect$$$$0000000A)
    _main_init                               0x080001e1   Thumb Code     0  entry9a.o(.ARM.Collect$$$$0000000B)
    __rt_lib_shutdown_fini                   0x080001e9   Thumb Code     0  entry12b.o(.ARM.Collect$$$$0000000E)
    __rt_final_cpp                           0x080001ed   Thumb Code     0  entry10a.o(.ARM.Collect$$$$0000000F)
    __rt_final_exit                          0x080001ed   Thumb Code     0  entry11a.o(.ARM.Collect$$$$00000011)
    Reset_Handler                            0x080001f1   Thumb Code     8  startup_stm32g431xx.o(.text)
    ADC1_2_IRQHandler                        0x0800020b   Thumb Code     0  startup_stm32g431xx.o(.text)
    COMP1_2_3_IRQHandler                     0x0800020b   Thumb Code     0  startup_stm32g431xx.o(.text)
    COMP4_IRQHandler                         0x0800020b   Thumb Code     0  startup_stm32g431xx.o(.text)
    CORDIC_IRQHandler                        0x0800020b   Thumb Code     0  startup_stm32g431xx.o(.text)
    CRS_IRQHandler                           0x0800020b   Thumb Code     0  startup_stm32g431xx.o(.text)
    DMA1_Channel6_IRQHandler                 0x0800020b   Thumb Code     0  startup_stm32g431xx.o(.text)
    DMA2_Channel1_IRQHandler                 0x0800020b   Thumb Code     0  startup_stm32g431xx.o(.text)
    DMA2_Channel2_IRQHandler                 0x0800020b   Thumb Code     0  startup_stm32g431xx.o(.text)
    DMA2_Channel3_IRQHandler                 0x0800020b   Thumb Code     0  startup_stm32g431xx.o(.text)
    DMA2_Channel4_IRQHandler                 0x0800020b   Thumb Code     0  startup_stm32g431xx.o(.text)
    DMA2_Channel5_IRQHandler                 0x0800020b   Thumb Code     0  startup_stm32g431xx.o(.text)
    DMA2_Channel6_IRQHandler                 0x0800020b   Thumb Code     0  startup_stm32g431xx.o(.text)
    DMAMUX_OVR_IRQHandler                    0x0800020b   Thumb Code     0  startup_stm32g431xx.o(.text)
    EXTI0_IRQHandler                         0x0800020b   Thumb Code     0  startup_stm32g431xx.o(.text)
    EXTI15_10_IRQHandler                     0x0800020b   Thumb Code     0  startup_stm32g431xx.o(.text)
    EXTI1_IRQHandler                         0x0800020b   Thumb Code     0  startup_stm32g431xx.o(.text)
    EXTI2_IRQHandler                         0x0800020b   Thumb Code     0  startup_stm32g431xx.o(.text)
    EXTI3_IRQHandler                         0x0800020b   Thumb Code     0  startup_stm32g431xx.o(.text)
    EXTI4_IRQHandler                         0x0800020b   Thumb Code     0  startup_stm32g431xx.o(.text)
    EXTI9_5_IRQHandler                       0x0800020b   Thumb Code     0  startup_stm32g431xx.o(.text)
    FDCAN1_IT0_IRQHandler                    0x0800020b   Thumb Code     0  startup_stm32g431xx.o(.text)
    FDCAN1_IT1_IRQHandler                    0x0800020b   Thumb Code     0  startup_stm32g431xx.o(.text)
    FLASH_IRQHandler                         0x0800020b   Thumb Code     0  startup_stm32g431xx.o(.text)
    FMAC_IRQHandler                          0x0800020b   Thumb Code     0  startup_stm32g431xx.o(.text)
    FPU_IRQHandler                           0x0800020b   Thumb Code     0  startup_stm32g431xx.o(.text)
    I2C1_ER_IRQHandler                       0x0800020b   Thumb Code     0  startup_stm32g431xx.o(.text)
    I2C1_EV_IRQHandler                       0x0800020b   Thumb Code     0  startup_stm32g431xx.o(.text)
    I2C2_ER_IRQHandler                       0x0800020b   Thumb Code     0  startup_stm32g431xx.o(.text)
    I2C2_EV_IRQHandler                       0x0800020b   Thumb Code     0  startup_stm32g431xx.o(.text)
    I2C3_ER_IRQHandler                       0x0800020b   Thumb Code     0  startup_stm32g431xx.o(.text)
    I2C3_EV_IRQHandler                       0x0800020b   Thumb Code     0  startup_stm32g431xx.o(.text)
    LPTIM1_IRQHandler                        0x0800020b   Thumb Code     0  startup_stm32g431xx.o(.text)
    LPUART1_IRQHandler                       0x0800020b   Thumb Code     0  startup_stm32g431xx.o(.text)
    PVD_PVM_IRQHandler                       0x0800020b   Thumb Code     0  startup_stm32g431xx.o(.text)
    RCC_IRQHandler                           0x0800020b   Thumb Code     0  startup_stm32g431xx.o(.text)
    RNG_IRQHandler                           0x0800020b   Thumb Code     0  startup_stm32g431xx.o(.text)
    RTC_Alarm_IRQHandler                     0x0800020b   Thumb Code     0  startup_stm32g431xx.o(.text)
    RTC_TAMP_LSECSS_IRQHandler               0x0800020b   Thumb Code     0  startup_stm32g431xx.o(.text)
    RTC_WKUP_IRQHandler                      0x0800020b   Thumb Code     0  startup_stm32g431xx.o(.text)
    SAI1_IRQHandler                          0x0800020b   Thumb Code     0  startup_stm32g431xx.o(.text)
    SPI1_IRQHandler                          0x0800020b   Thumb Code     0  startup_stm32g431xx.o(.text)
    SPI2_IRQHandler                          0x0800020b   Thumb Code     0  startup_stm32g431xx.o(.text)
    SPI3_IRQHandler                          0x0800020b   Thumb Code     0  startup_stm32g431xx.o(.text)
    TIM1_BRK_TIM15_IRQHandler                0x0800020b   Thumb Code     0  startup_stm32g431xx.o(.text)
    TIM1_CC_IRQHandler                       0x0800020b   Thumb Code     0  startup_stm32g431xx.o(.text)
    TIM1_TRG_COM_TIM17_IRQHandler            0x0800020b   Thumb Code     0  startup_stm32g431xx.o(.text)
    TIM1_UP_TIM16_IRQHandler                 0x0800020b   Thumb Code     0  startup_stm32g431xx.o(.text)
    TIM2_IRQHandler                          0x0800020b   Thumb Code     0  startup_stm32g431xx.o(.text)
    TIM3_IRQHandler                          0x0800020b   Thumb Code     0  startup_stm32g431xx.o(.text)
    TIM4_IRQHandler                          0x0800020b   Thumb Code     0  startup_stm32g431xx.o(.text)
    TIM6_DAC_IRQHandler                      0x0800020b   Thumb Code     0  startup_stm32g431xx.o(.text)
    TIM7_IRQHandler                          0x0800020b   Thumb Code     0  startup_stm32g431xx.o(.text)
    TIM8_BRK_IRQHandler                      0x0800020b   Thumb Code     0  startup_stm32g431xx.o(.text)
    TIM8_CC_IRQHandler                       0x0800020b   Thumb Code     0  startup_stm32g431xx.o(.text)
    TIM8_TRG_COM_IRQHandler                  0x0800020b   Thumb Code     0  startup_stm32g431xx.o(.text)
    TIM8_UP_IRQHandler                       0x0800020b   Thumb Code     0  startup_stm32g431xx.o(.text)
    UART4_IRQHandler                         0x0800020b   Thumb Code     0  startup_stm32g431xx.o(.text)
    UCPD1_IRQHandler                         0x0800020b   Thumb Code     0  startup_stm32g431xx.o(.text)
    USART2_IRQHandler                        0x0800020b   Thumb Code     0  startup_stm32g431xx.o(.text)
    USART3_IRQHandler                        0x0800020b   Thumb Code     0  startup_stm32g431xx.o(.text)
    USBWakeUp_IRQHandler                     0x0800020b   Thumb Code     0  startup_stm32g431xx.o(.text)
    USB_HP_IRQHandler                        0x0800020b   Thumb Code     0  startup_stm32g431xx.o(.text)
    USB_LP_IRQHandler                        0x0800020b   Thumb Code     0  startup_stm32g431xx.o(.text)
    WWDG_IRQHandler                          0x0800020b   Thumb Code     0  startup_stm32g431xx.o(.text)
    __aeabi_uldivmod                         0x08000215   Thumb Code    98  uldiv.o(.text)
    __aeabi_memset                           0x08000277   Thumb Code    14  memseta.o(.text)
    __aeabi_memset4                          0x08000277   Thumb Code     0  memseta.o(.text)
    __aeabi_memset8                          0x08000277   Thumb Code     0  memseta.o(.text)
    __aeabi_memclr                           0x08000285   Thumb Code     4  memseta.o(.text)
    __aeabi_memclr4                          0x08000285   Thumb Code     0  memseta.o(.text)
    __aeabi_memclr8                          0x08000285   Thumb Code     0  memseta.o(.text)
    _memset$wrapper                          0x08000289   Thumb Code    18  memseta.o(.text)
    memcmp                                   0x0800029b   Thumb Code    26  memcmp.o(.text)
    __aeabi_f2d                              0x080002b5   Thumb Code    38  f2d.o(.text)
    __aeabi_uidiv                            0x080002db   Thumb Code     0  uidiv.o(.text)
    __aeabi_uidivmod                         0x080002db   Thumb Code    44  uidiv.o(.text)
    __aeabi_llsl                             0x08000307   Thumb Code    30  llshl.o(.text)
    _ll_shift_l                              0x08000307   Thumb Code     0  llshl.o(.text)
    __aeabi_llsr                             0x08000325   Thumb Code    32  llushr.o(.text)
    _ll_ushift_r                             0x08000325   Thumb Code     0  llushr.o(.text)
    __I$use$fp                               0x08000345   Thumb Code     0  iusefp.o(.text)
    __aeabi_dadd                             0x08000345   Thumb Code   322  dadd.o(.text)
    __aeabi_dsub                             0x08000487   Thumb Code     6  dadd.o(.text)
    __aeabi_drsub                            0x0800048d   Thumb Code     6  dadd.o(.text)
    __aeabi_dmul                             0x08000493   Thumb Code   228  dmul.o(.text)
    __aeabi_ddiv                             0x08000577   Thumb Code   222  ddiv.o(.text)
    __aeabi_d2ulz                            0x08000655   Thumb Code    48  dfixul.o(.text)
    __aeabi_cdrcmple                         0x08000685   Thumb Code    48  cdrcmple.o(.text)
    __scatterload                            0x080006b5   Thumb Code    28  init.o(.text)
    __scatterload_rt2                        0x080006b5   Thumb Code     0  init.o(.text)
    __aeabi_lasr                             0x080006d9   Thumb Code    36  llsshr.o(.text)
    _ll_sshift_r                             0x080006d9   Thumb Code     0  llsshr.o(.text)
    _double_round                            0x080006fd   Thumb Code    30  depilogue.o(.text)
    _double_epilogue                         0x0800071b   Thumb Code   156  depilogue.o(.text)
    ADC_DMAConvCplt                          0x080007b7   Thumb Code   146  stm32g4xx_hal_adc.o(i.ADC_DMAConvCplt)
    ADC_DMAError                             0x08000849   Thumb Code    30  stm32g4xx_hal_adc.o(i.ADC_DMAError)
    ADC_DMAHalfConvCplt                      0x08000867   Thumb Code    14  stm32g4xx_hal_adc.o(i.ADC_DMAHalfConvCplt)
    ADC_Enable                               0x08000875   Thumb Code   128  stm32g4xx_hal_adc.o(i.ADC_Enable)
    BusFault_Handler                         0x080008f9   Thumb Code     4  stm32g4xx_it.o(i.BusFault_Handler)
    DMA1_Channel1_IRQHandler                 0x080008fd   Thumb Code    10  stm32g4xx_it.o(i.DMA1_Channel1_IRQHandler)
    DMA1_Channel2_IRQHandler                 0x0800090d   Thumb Code    10  stm32g4xx_it.o(i.DMA1_Channel2_IRQHandler)
    DMA1_Channel3_IRQHandler                 0x0800091d   Thumb Code    10  stm32g4xx_it.o(i.DMA1_Channel3_IRQHandler)
    DMA1_Channel4_IRQHandler                 0x0800092d   Thumb Code    10  stm32g4xx_it.o(i.DMA1_Channel4_IRQHandler)
    DMA1_Channel5_IRQHandler                 0x0800093d   Thumb Code    10  stm32g4xx_it.o(i.DMA1_Channel5_IRQHandler)
    DebugMon_Handler                         0x080009f5   Thumb Code     2  stm32g4xx_it.o(i.DebugMon_Handler)
    Delay_LCD                                0x080009f7   Thumb Code    30  lcd.o(i.Delay_LCD)
    Error_Handler                            0x08000a15   Thumb Code     6  main.o(i.Error_Handler)
    HAL_ADCEx_MultiModeConfigChannel         0x08000a1d   Thumb Code   260  stm32g4xx_hal_adc_ex.o(i.HAL_ADCEx_MultiModeConfigChannel)
    HAL_ADC_ConfigChannel                    0x08000b29   Thumb Code  1252  stm32g4xx_hal_adc.o(i.HAL_ADC_ConfigChannel)
    HAL_ADC_ConvCpltCallback                 0x08001031   Thumb Code     2  stm32g4xx_hal_adc.o(i.HAL_ADC_ConvCpltCallback)
    HAL_ADC_ConvHalfCpltCallback             0x08001033   Thumb Code     2  stm32g4xx_hal_adc.o(i.HAL_ADC_ConvHalfCpltCallback)
    HAL_ADC_ErrorCallback                    0x08001035   Thumb Code     2  stm32g4xx_hal_adc.o(i.HAL_ADC_ErrorCallback)
    HAL_ADC_Init                             0x08001039   Thumb Code   586  stm32g4xx_hal_adc.o(i.HAL_ADC_Init)
    HAL_ADC_MspInit                          0x080012a1   Thumb Code   392  adc.o(i.HAL_ADC_MspInit)
    HAL_ADC_Start_DMA                        0x08001445   Thumb Code   254  stm32g4xx_hal_adc.o(i.HAL_ADC_Start_DMA)
    HAL_DMA_Abort                            0x08001559   Thumb Code   118  stm32g4xx_hal_dma.o(i.HAL_DMA_Abort)
    HAL_DMA_Abort_IT                         0x080015cf   Thumb Code   148  stm32g4xx_hal_dma.o(i.HAL_DMA_Abort_IT)
    HAL_DMA_IRQHandler                       0x08001663   Thumb Code   254  stm32g4xx_hal_dma.o(i.HAL_DMA_IRQHandler)
    HAL_DMA_Init                             0x08001761   Thumb Code   200  stm32g4xx_hal_dma.o(i.HAL_DMA_Init)
    HAL_DMA_Start_IT                         0x08001831   Thumb Code   194  stm32g4xx_hal_dma.o(i.HAL_DMA_Start_IT)
    HAL_Delay                                0x080018f5   Thumb Code    36  stm32g4xx_hal.o(i.HAL_Delay)
    HAL_GPIO_Init                            0x0800191d   Thumb Code   438  stm32g4xx_hal_gpio.o(i.HAL_GPIO_Init)
    HAL_GPIO_ReadPin                         0x08001af5   Thumb Code    16  stm32g4xx_hal_gpio.o(i.HAL_GPIO_ReadPin)
    HAL_GPIO_WritePin                        0x08001b05   Thumb Code    10  stm32g4xx_hal_gpio.o(i.HAL_GPIO_WritePin)
    HAL_GetTick                              0x08001b11   Thumb Code     6  stm32g4xx_hal.o(i.HAL_GetTick)
    HAL_IncTick                              0x08001b1d   Thumb Code    16  stm32g4xx_hal.o(i.HAL_IncTick)
    HAL_Init                                 0x08001b35   Thumb Code    30  stm32g4xx_hal.o(i.HAL_Init)
    HAL_InitTick                             0x08001b55   Thumb Code    74  stm32g4xx_hal.o(i.HAL_InitTick)
    HAL_MspInit                              0x08001bad   Thumb Code    62  stm32g4xx_hal_msp.o(i.HAL_MspInit)
    HAL_NVIC_EnableIRQ                       0x08001bf1   Thumb Code    40  stm32g4xx_hal_cortex.o(i.HAL_NVIC_EnableIRQ)
    HAL_NVIC_SetPriority                     0x08001c19   Thumb Code   122  stm32g4xx_hal_cortex.o(i.HAL_NVIC_SetPriority)
    HAL_NVIC_SetPriorityGrouping             0x08001c95   Thumb Code    32  stm32g4xx_hal_cortex.o(i.HAL_NVIC_SetPriorityGrouping)
    HAL_PWREx_ControlVoltageScaling          0x08001cbd   Thumb Code   268  stm32g4xx_hal_pwr_ex.o(i.HAL_PWREx_ControlVoltageScaling)
    HAL_PWREx_DisableUCPDDeadBattery         0x08001dd5   Thumb Code    14  stm32g4xx_hal_pwr_ex.o(i.HAL_PWREx_DisableUCPDDeadBattery)
    HAL_RCCEx_PeriphCLKConfig                0x08001de9   Thumb Code   872  stm32g4xx_hal_rcc_ex.o(i.HAL_RCCEx_PeriphCLKConfig)
    HAL_RCC_ClockConfig                      0x08002159   Thumb Code   522  stm32g4xx_hal_rcc.o(i.HAL_RCC_ClockConfig)
    HAL_RCC_GetHCLKFreq                      0x0800237d   Thumb Code     6  stm32g4xx_hal_rcc.o(i.HAL_RCC_GetHCLKFreq)
    HAL_RCC_GetPCLK1Freq                     0x08002389   Thumb Code    26  stm32g4xx_hal_rcc.o(i.HAL_RCC_GetPCLK1Freq)
    HAL_RCC_GetPCLK2Freq                     0x080023ad   Thumb Code    26  stm32g4xx_hal_rcc.o(i.HAL_RCC_GetPCLK2Freq)
    HAL_RCC_GetSysClockFreq                  0x080023d1   Thumb Code   138  stm32g4xx_hal_rcc.o(i.HAL_RCC_GetSysClockFreq)
    HAL_RCC_OscConfig                        0x08002469   Thumb Code  1370  stm32g4xx_hal_rcc.o(i.HAL_RCC_OscConfig)
    HAL_RTC_GetDate                          0x080029d1   Thumb Code    70  stm32g4xx_hal_rtc.o(i.HAL_RTC_GetDate)
    HAL_RTC_GetTime                          0x08002a21   Thumb Code    90  stm32g4xx_hal_rtc.o(i.HAL_RTC_GetTime)
    HAL_RTC_Init                             0x08002a85   Thumb Code   172  stm32g4xx_hal_rtc.o(i.HAL_RTC_Init)
    HAL_RTC_MspInit                          0x08002b39   Thumb Code    92  rtc.o(i.HAL_RTC_MspInit)
    HAL_RTC_SetDate                          0x08002b9d   Thumb Code   198  stm32g4xx_hal_rtc.o(i.HAL_RTC_SetDate)
    HAL_RTC_SetTime                          0x08002c6d   Thumb Code   256  stm32g4xx_hal_rtc.o(i.HAL_RTC_SetTime)
    HAL_RTC_WaitForSynchro                   0x08002d75   Thumb Code    56  stm32g4xx_hal_rtc.o(i.HAL_RTC_WaitForSynchro)
    HAL_SYSTICK_Config                       0x08002db1   Thumb Code    52  stm32g4xx_hal_cortex.o(i.HAL_SYSTICK_Config)
    HAL_TIMEx_ConfigBreakDeadTime            0x08002de5   Thumb Code   224  stm32g4xx_hal_tim_ex.o(i.HAL_TIMEx_ConfigBreakDeadTime)
    HAL_TIMEx_MasterConfigSynchronization    0x08002ecd   Thumb Code   158  stm32g4xx_hal_tim_ex.o(i.HAL_TIMEx_MasterConfigSynchronization)
    HAL_TIM_Base_Init                        0x08002f85   Thumb Code   110  stm32g4xx_hal_tim.o(i.HAL_TIM_Base_Init)
    HAL_TIM_Base_MspInit                     0x08002ff5   Thumb Code   392  tim.o(i.HAL_TIM_Base_MspInit)
    HAL_TIM_ConfigClockSource                0x0800319d   Thumb Code   296  stm32g4xx_hal_tim.o(i.HAL_TIM_ConfigClockSource)
    HAL_TIM_ErrorCallback                    0x080032cd   Thumb Code     2  stm32g4xx_hal_tim.o(i.HAL_TIM_ErrorCallback)
    HAL_TIM_IC_CaptureCallback               0x080032cf   Thumb Code     2  stm32g4xx_hal_tim.o(i.HAL_TIM_IC_CaptureCallback)
    HAL_TIM_IC_CaptureHalfCpltCallback       0x080032d1   Thumb Code     2  stm32g4xx_hal_tim.o(i.HAL_TIM_IC_CaptureHalfCpltCallback)
    HAL_TIM_IC_ConfigChannel                 0x080032d3   Thumb Code   212  stm32g4xx_hal_tim.o(i.HAL_TIM_IC_ConfigChannel)
    HAL_TIM_IC_Init                          0x080033a7   Thumb Code   110  stm32g4xx_hal_tim.o(i.HAL_TIM_IC_Init)
    HAL_TIM_IC_MspInit                       0x08003415   Thumb Code     2  stm32g4xx_hal_tim.o(i.HAL_TIM_IC_MspInit)
    HAL_TIM_IC_Start_DMA                     0x08003419   Thumb Code   596  stm32g4xx_hal_tim.o(i.HAL_TIM_IC_Start_DMA)
    HAL_TIM_MspPostInit                      0x08003691   Thumb Code   148  tim.o(i.HAL_TIM_MspPostInit)
    HAL_TIM_PWM_ConfigChannel                0x08003731   Thumb Code   360  stm32g4xx_hal_tim.o(i.HAL_TIM_PWM_ConfigChannel)
    HAL_TIM_PWM_Init                         0x08003899   Thumb Code   110  stm32g4xx_hal_tim.o(i.HAL_TIM_PWM_Init)
    HAL_TIM_PWM_MspInit                      0x08003907   Thumb Code     2  stm32g4xx_hal_tim.o(i.HAL_TIM_PWM_MspInit)
    HAL_TIM_PWM_Start                        0x08003909   Thumb Code   298  stm32g4xx_hal_tim.o(i.HAL_TIM_PWM_Start)
    HAL_TIM_SlaveConfigSynchro               0x08003a55   Thumb Code   108  stm32g4xx_hal_tim.o(i.HAL_TIM_SlaveConfigSynchro)
    HAL_UARTEx_DisableFifoMode               0x08003ac1   Thumb Code    78  stm32g4xx_hal_uart_ex.o(i.HAL_UARTEx_DisableFifoMode)
    HAL_UARTEx_ReceiveToIdle_DMA             0x08003b0f   Thumb Code   102  stm32g4xx_hal_uart_ex.o(i.HAL_UARTEx_ReceiveToIdle_DMA)
    HAL_UARTEx_RxEventCallback               0x08003b75   Thumb Code    28  uart_app.o(i.HAL_UARTEx_RxEventCallback)
    HAL_UARTEx_RxFifoFullCallback            0x08003bc5   Thumb Code     2  stm32g4xx_hal_uart_ex.o(i.HAL_UARTEx_RxFifoFullCallback)
    HAL_UARTEx_SetRxFifoThreshold            0x08003bc7   Thumb Code    94  stm32g4xx_hal_uart_ex.o(i.HAL_UARTEx_SetRxFifoThreshold)
    HAL_UARTEx_SetTxFifoThreshold            0x08003c25   Thumb Code    94  stm32g4xx_hal_uart_ex.o(i.HAL_UARTEx_SetTxFifoThreshold)
    HAL_UARTEx_TxFifoEmptyCallback           0x08003c83   Thumb Code     2  stm32g4xx_hal_uart_ex.o(i.HAL_UARTEx_TxFifoEmptyCallback)
    HAL_UARTEx_WakeupCallback                0x08003c85   Thumb Code     2  stm32g4xx_hal_uart_ex.o(i.HAL_UARTEx_WakeupCallback)
    HAL_UART_ErrorCallback                   0x08003c87   Thumb Code     2  stm32g4xx_hal_uart.o(i.HAL_UART_ErrorCallback)
    HAL_UART_IRQHandler                      0x08003c89   Thumb Code   762  stm32g4xx_hal_uart.o(i.HAL_UART_IRQHandler)
    HAL_UART_Init                            0x08003f91   Thumb Code   120  stm32g4xx_hal_uart.o(i.HAL_UART_Init)
    HAL_UART_MspInit                         0x08004009   Thumb Code   210  usart.o(i.HAL_UART_MspInit)
    HAL_UART_RxCpltCallback                  0x080040ed   Thumb Code     2  stm32g4xx_hal_uart.o(i.HAL_UART_RxCpltCallback)
    HAL_UART_RxHalfCpltCallback              0x080040ef   Thumb Code     2  stm32g4xx_hal_uart.o(i.HAL_UART_RxHalfCpltCallback)
    HAL_UART_Transmit                        0x080040f1   Thumb Code   214  stm32g4xx_hal_uart.o(i.HAL_UART_Transmit)
    HAL_UART_TxCpltCallback                  0x080041c7   Thumb Code     2  stm32g4xx_hal_uart.o(i.HAL_UART_TxCpltCallback)
    HardFault_Handler                        0x080041c9   Thumb Code     4  stm32g4xx_it.o(i.HardFault_Handler)
    I2CReceiveByte                           0x080041cd   Thumb Code    80  i2c_hal.o(i.I2CReceiveByte)
    I2CSendAck                               0x0800421d   Thumb Code    46  i2c_hal.o(i.I2CSendAck)
    I2CSendByte                              0x0800424b   Thumb Code    78  i2c_hal.o(i.I2CSendByte)
    I2CSendNotAck                            0x08004299   Thumb Code    46  i2c_hal.o(i.I2CSendNotAck)
    I2CStart                                 0x080042c7   Thumb Code    52  i2c_hal.o(i.I2CStart)
    I2CStop                                  0x080042fb   Thumb Code    52  i2c_hal.o(i.I2CStop)
    I2CWaitAck                               0x0800432f   Thumb Code    78  i2c_hal.o(i.I2CWaitAck)
    LCD_BusIn                                0x0800437d   Thumb Code    42  lcd.o(i.LCD_BusIn)
    LCD_BusOut                               0x080043ad   Thumb Code    42  lcd.o(i.LCD_BusOut)
    LCD_Clear                                0x080043dd   Thumb Code    38  lcd.o(i.LCD_Clear)
    LCD_CtrlLinesConfig                      0x08004405   Thumb Code   186  lcd.o(i.LCD_CtrlLinesConfig)
    LCD_DisplayChar                          0x080044c9   Thumb Code    34  lcd.o(i.LCD_DisplayChar)
    LCD_DisplayStringLine                    0x080044f1   Thumb Code    44  lcd.o(i.LCD_DisplayStringLine)
    LCD_DrawChar                             0x0800451d   Thumb Code   100  lcd.o(i.LCD_DrawChar)
    LCD_Init                                 0x08004589   Thumb Code    50  lcd.o(i.LCD_Init)
    LCD_ReadReg                              0x080045c1   Thumb Code   164  lcd.o(i.LCD_ReadReg)
    LCD_SetBackColor                         0x0800466d   Thumb Code    12  lcd.o(i.LCD_SetBackColor)
    LCD_SetCursor                            0x0800467d   Thumb Code    24  lcd.o(i.LCD_SetCursor)
    LCD_SetTextColor                         0x08004695   Thumb Code    12  lcd.o(i.LCD_SetTextColor)
    LCD_WriteRAM                             0x080046a5   Thumb Code   110  lcd.o(i.LCD_WriteRAM)
    LCD_WriteRAM_Prepare                     0x0800471d   Thumb Code   112  lcd.o(i.LCD_WriteRAM_Prepare)
    LCD_WriteReg                             0x08004795   Thumb Code   136  lcd.o(i.LCD_WriteReg)
    MX_ADC1_Init                             0x08004909   Thumb Code   154  adc.o(i.MX_ADC1_Init)
    MX_ADC2_Init                             0x080049ad   Thumb Code   126  adc.o(i.MX_ADC2_Init)
    MX_DMA_Init                              0x08004a39   Thumb Code   138  dma.o(i.MX_DMA_Init)
    MX_GPIO_Init                             0x08004ac9   Thumb Code   366  gpio.o(i.MX_GPIO_Init)
    MX_RTC_Init                              0x08004c49   Thumb Code   146  rtc.o(i.MX_RTC_Init)
    MX_TIM16_Init                            0x08004ce5   Thumb Code   158  tim.o(i.MX_TIM16_Init)
    MX_TIM17_Init                            0x08004d8d   Thumb Code   158  tim.o(i.MX_TIM17_Init)
    MX_TIM2_Init                             0x08004e35   Thumb Code   192  tim.o(i.MX_TIM2_Init)
    MX_TIM3_Init                             0x08004ef9   Thumb Code   190  tim.o(i.MX_TIM3_Init)
    MX_USART1_UART_Init                      0x08004fc1   Thumb Code   124  usart.o(i.MX_USART1_UART_Init)
    MemManage_Handler                        0x0800504d   Thumb Code     4  stm32g4xx_it.o(i.MemManage_Handler)
    NMI_Handler                              0x08005051   Thumb Code     4  stm32g4xx_it.o(i.NMI_Handler)
    PendSV_Handler                           0x08005055   Thumb Code     2  stm32g4xx_it.o(i.PendSV_Handler)
    REG_8230_Init                            0x080050c1   Thumb Code   288  lcd.o(i.REG_8230_Init)
    REG_932X_Init                            0x080051e1   Thumb Code   512  lcd.o(i.REG_932X_Init)
    RTC_Bcd2ToByte                           0x080053e1   Thumb Code    20  stm32g4xx_hal_rtc.o(i.RTC_Bcd2ToByte)
    RTC_ByteToBcd2                           0x080053f5   Thumb Code    28  stm32g4xx_hal_rtc.o(i.RTC_ByteToBcd2)
    RTC_EnterInitMode                        0x08005411   Thumb Code    74  stm32g4xx_hal_rtc.o(i.RTC_EnterInitMode)
    RTC_ExitInitMode                         0x08005461   Thumb Code   100  stm32g4xx_hal_rtc.o(i.RTC_ExitInitMode)
    SCL_Output                               0x080054c9   Thumb Code    34  i2c_hal.o(i.SCL_Output)
    SDA_Input                                0x080054f1   Thumb Code    20  i2c_hal.o(i.SDA_Input)
    SDA_Input_Mode                           0x08005509   Thumb Code    40  i2c_hal.o(i.SDA_Input_Mode)
    SDA_Output                               0x08005535   Thumb Code    34  i2c_hal.o(i.SDA_Output)
    SDA_Output_Mode                          0x0800555d   Thumb Code    40  i2c_hal.o(i.SDA_Output_Mode)
    SVC_Handler                              0x08005589   Thumb Code     2  stm32g4xx_it.o(i.SVC_Handler)
    SysTick_Handler                          0x0800558b   Thumb Code     8  stm32g4xx_it.o(i.SysTick_Handler)
    SystemClock_Config                       0x08005593   Thumb Code   104  main.o(i.SystemClock_Config)
    SystemInit                               0x080055fd   Thumb Code    14  system_stm32g4xx.o(i.SystemInit)
    TIM_Base_SetConfig                       0x08005611   Thumb Code   158  stm32g4xx_hal_tim.o(i.TIM_Base_SetConfig)
    TIM_CCxChannelCmd                        0x080056cd   Thumb Code    34  stm32g4xx_hal_tim.o(i.TIM_CCxChannelCmd)
    TIM_DMACaptureCplt                       0x080056ef   Thumb Code   122  stm32g4xx_hal_tim.o(i.TIM_DMACaptureCplt)
    TIM_DMACaptureHalfCplt                   0x08005769   Thumb Code    64  stm32g4xx_hal_tim.o(i.TIM_DMACaptureHalfCplt)
    TIM_DMAError                             0x080057a9   Thumb Code    94  stm32g4xx_hal_tim.o(i.TIM_DMAError)
    TIM_ETR_SetConfig                        0x08005807   Thumb Code    22  stm32g4xx_hal_tim.o(i.TIM_ETR_SetConfig)
    TIM_OC2_SetConfig                        0x080058e1   Thumb Code   156  stm32g4xx_hal_tim.o(i.TIM_OC2_SetConfig)
    TIM_TI1_SetConfig                        0x08005d01   Thumb Code   102  stm32g4xx_hal_tim.o(i.TIM_TI1_SetConfig)
    UART_AdvFeatureConfig                    0x08005ead   Thumb Code   248  stm32g4xx_hal_uart.o(i.UART_AdvFeatureConfig)
    UART_CheckIdleState                      0x08005fa5   Thumb Code   118  stm32g4xx_hal_uart.o(i.UART_CheckIdleState)
    UART_SetConfig                           0x080061a1   Thumb Code   866  stm32g4xx_hal_uart.o(i.UART_SetConfig)
    UART_Start_Receive_DMA                   0x0800652d   Thumb Code   146  stm32g4xx_hal_uart.o(i.UART_Start_Receive_DMA)
    UART_WaitOnFlagUntilTimeout              0x080065cd   Thumb Code   190  stm32g4xx_hal_uart.o(i.UART_WaitOnFlagUntilTimeout)
    USART1_IRQHandler                        0x0800668d   Thumb Code    36  stm32g4xx_it.o(i.USART1_IRQHandler)
    UsageFault_Handler                       0x080066bd   Thumb Code     4  stm32g4xx_it.o(i.UsageFault_Handler)
    __0printf                                0x080066c1   Thumb Code    22  printfa.o(i.__0printf)
    __1printf                                0x080066c1   Thumb Code     0  printfa.o(i.__0printf)
    __2printf                                0x080066c1   Thumb Code     0  printfa.o(i.__0printf)
    __c89printf                              0x080066c1   Thumb Code     0  printfa.o(i.__0printf)
    printf                                   0x080066c1   Thumb Code     0  printfa.o(i.__0printf)
    __0vsprintf                              0x080066e1   Thumb Code    30  printfa.o(i.__0vsprintf)
    __1vsprintf                              0x080066e1   Thumb Code     0  printfa.o(i.__0vsprintf)
    __2vsprintf                              0x080066e1   Thumb Code     0  printfa.o(i.__0vsprintf)
    __c89vsprintf                            0x080066e1   Thumb Code     0  printfa.o(i.__0vsprintf)
    vsprintf                                 0x080066e1   Thumb Code     0  printfa.o(i.__0vsprintf)
    __scatterload_copy                       0x0800673d   Thumb Code    14  handlers.o(i.__scatterload_copy)
    __scatterload_null                       0x0800674b   Thumb Code     2  handlers.o(i.__scatterload_null)
    __scatterload_zeroinit                   0x0800674d   Thumb Code    14  handlers.o(i.__scatterload_zeroinit)
    adc_task                                 0x08006ff1   Thumb Code   140  adc_app.o(i.adc_task)
    at24c02_read                             0x0800708d   Thumb Code    84  i2c_hal.o(i.at24c02_read)
    at24c02_write                            0x080070e1   Thumb Code    74  i2c_hal.o(i.at24c02_write)
    fputc                                    0x08007145   Thumb Code    22  usart.o(i.fputc)
    key_read                                 0x08007161   Thumb Code    64  key_app.o(i.key_read)
    key_task                                 0x080071a5   Thumb Code   388  key_app.o(i.key_task)
    lcd_sprintf                              0x080074a1   Thumb Code    42  lcd_app.o(i.lcd_sprintf)
    lcd_task                                 0x080074cd   Thumb Code   206  lcd_app.o(i.lcd_task)
    led_disp                                 0x08007679   Thumb Code    88  led_app.o(i.led_disp)
    led_task                                 0x080076d9   Thumb Code    10  led_app.o(i.led_task)
    main                                     0x080076e9   Thumb Code    60  main.o(i.main)
    mcp4017_read                             0x08007725   Thumb Code    34  i2c_hal.o(i.mcp4017_read)
    mcp4017_write                            0x08007747   Thumb Code    34  i2c_hal.o(i.mcp4017_write)
    pwm_set_duty                             0x08007769   Thumb Code    92  tim_app.o(i.pwm_set_duty)
    rtc_task                                 0x080077d1   Thumb Code    24  rtc_app.o(i.rtc_task)
    scheduler_init                           0x080077f5   Thumb Code   100  scheduler.o(i.scheduler_init)
    scheduler_run                            0x08007881   Thumb Code    78  scheduler.o(i.scheduler_run)
    tim_ic_task                              0x080078d9   Thumb Code   132  tim_app.o(i.tim_ic_task)
    uart_task                                0x08007979   Thumb Code    40  uart_app.o(i.uart_task)
    UARTPrescTable                           0x080079cc   Data          24  stm32g4xx_hal_uart.o(.constdata)
    AHBPrescTable                            0x080079f4   Data          16  system_stm32g4xx.o(.constdata)
    APBPrescTable                            0x08007a04   Data           8  system_stm32g4xx.o(.constdata)
    ASCII_Table                              0x08007a0c   Data        4560  lcd.o(.constdata)
    Region$$Table$$Base                      0x08008bdc   Number         0  anon$$obj.o(Region$$Table)
    Region$$Table$$Limit                     0x08008bfc   Number         0  anon$$obj.o(Region$$Table)
    uwTick                                   0x20000004   Data           4  stm32g4xx_hal.o(.data)
    uwTickPrio                               0x20000008   Data           4  stm32g4xx_hal.o(.data)
    uwTickFreq                               0x2000000c   Data           4  stm32g4xx_hal.o(.data)
    SystemCoreClock                          0x20000010   Data           4  system_stm32g4xx.o(.data)
    adc_value                                0x20000014   Data           8  adc_app.o(.data)
    key_val                                  0x2000001c   Data           1  key_app.o(.data)
    key_old                                  0x2000001d   Data           1  key_app.o(.data)
    key_down                                 0x2000001e   Data           1  key_app.o(.data)
    key_up                                   0x2000001f   Data           1  key_app.o(.data)
    dummy                                    0x20000024   Data           2  lcd.o(.data)
    at_test_write_data                       0x20000026   Data          10  lcd_app.o(.data)
    mcp4017_value                            0x20000030   Data           1  lcd_app.o(.data)
    led_buf                                  0x20000031   Data           8  led_app.o(.data)
    date                                     0x20000039   Data           4  rtc_app.o(.data)
    SchedulerTasks                           0x20000040   Data          84  scheduler.o(.data)
    task_num                                 0x20000094   Data           1  scheduler.o(.data)
    uart_flag                                0x20000095   Data           1  uart_app.o(.data)
    PA6_pwm_duty                             0x20000098   Data           4  tim_app.o(.data)
    PA7_pwm_duty                             0x2000009c   Data           4  tim_app.o(.data)
    tim_ic_PB4_val                           0x200000a0   Data           4  tim_app.o(.data)
    tim_ic_PB4_temp                          0x200000a4   Data           4  tim_app.o(.data)
    tim_ic_PA15_val                          0x200000a8   Data           4  tim_app.o(.data)
    tim_ic_PA15_temp                         0x200000ac   Data           4  tim_app.o(.data)
    __stdout                                 0x200000b0   Data           4  stdout.o(.data)
    hadc1                                    0x200000b4   Data         108  adc.o(.bss)
    hadc2                                    0x20000120   Data         108  adc.o(.bss)
    hdma_adc1                                0x2000018c   Data          96  adc.o(.bss)
    hdma_adc2                                0x200001ec   Data          96  adc.o(.bss)
    hrtc                                     0x2000024c   Data          40  rtc.o(.bss)
    htim2                                    0x20000274   Data          76  tim.o(.bss)
    htim3                                    0x200002c0   Data          76  tim.o(.bss)
    htim16                                   0x2000030c   Data          76  tim.o(.bss)
    htim17                                   0x20000358   Data          76  tim.o(.bss)
    hdma_tim2_ch1                            0x200003a4   Data          96  tim.o(.bss)
    hdma_tim3_ch1                            0x20000404   Data          96  tim.o(.bss)
    uart_rx_buf                              0x20000464   Data         128  usart.o(.bss)
    uart_rx_dma_buf                          0x200004e4   Data         128  usart.o(.bss)
    huart1                                   0x20000564   Data         144  usart.o(.bss)
    hdma_usart1_rx                           0x200005f4   Data          96  usart.o(.bss)
    adc_dma_buf                              0x20000654   Data         240  adc_app.o(.bss)
    at_test_read_data                        0x20000744   Data          10  lcd_app.o(.bss)
    time                                     0x20000750   Data          20  rtc_app.o(.bss)
    tim_ic_PB4_buf                           0x20000764   Data         256  tim_app.o(.bss)
    tim_ic_PA15_buf                          0x20000864   Data         256  tim_app.o(.bss)
    __initial_sp                             0x20000d68   Data           0  startup_stm32g431xx.o(STACK)



==============================================================================

Memory Map of the image

  Image Entry point : 0x080001d9

  Load Region LR_IROM1 (Base: 0x08000000, Size: 0x00008cb0, Max: 0x00020000, ABSOLUTE)

    Execution Region ER_IROM1 (Exec base: 0x08000000, Load base: 0x08000000, Size: 0x00008bfc, Max: 0x00020000, ABSOLUTE)

    Exec Addr    Load Addr    Size         Type   Attr      Idx    E Section Name        Object

    0x08000000   0x08000000   0x000001d8   Data   RO            3    RESET               startup_stm32g431xx.o
    0x080001d8   0x080001d8   0x00000000   Code   RO         5534  * .ARM.Collect$$$$00000000  mc_w.l(entry.o)
    0x080001d8   0x080001d8   0x00000004   Code   RO         5806    .ARM.Collect$$$$00000001  mc_w.l(entry2.o)
    0x080001dc   0x080001dc   0x00000004   Code   RO         5809    .ARM.Collect$$$$00000004  mc_w.l(entry5.o)
    0x080001e0   0x080001e0   0x00000000   Code   RO         5811    .ARM.Collect$$$$00000008  mc_w.l(entry7b.o)
    0x080001e0   0x080001e0   0x00000000   Code   RO         5813    .ARM.Collect$$$$0000000A  mc_w.l(entry8b.o)
    0x080001e0   0x080001e0   0x00000008   Code   RO         5814    .ARM.Collect$$$$0000000B  mc_w.l(entry9a.o)
    0x080001e8   0x080001e8   0x00000004   Code   RO         5821    .ARM.Collect$$$$0000000E  mc_w.l(entry12b.o)
    0x080001ec   0x080001ec   0x00000000   Code   RO         5816    .ARM.Collect$$$$0000000F  mc_w.l(entry10a.o)
    0x080001ec   0x080001ec   0x00000000   Code   RO         5818    .ARM.Collect$$$$00000011  mc_w.l(entry11a.o)
    0x080001ec   0x080001ec   0x00000004   Code   RO         5807    .ARM.Collect$$$$00002712  mc_w.l(entry2.o)
    0x080001f0   0x080001f0   0x00000024   Code   RO            4    .text               startup_stm32g431xx.o
    0x08000214   0x08000214   0x00000062   Code   RO         5537    .text               mc_w.l(uldiv.o)
    0x08000276   0x08000276   0x00000024   Code   RO         5539    .text               mc_w.l(memseta.o)
    0x0800029a   0x0800029a   0x0000001a   Code   RO         5541    .text               mc_w.l(memcmp.o)
    0x080002b4   0x080002b4   0x00000026   Code   RO         5804    .text               mf_w.l(f2d.o)
    0x080002da   0x080002da   0x0000002c   Code   RO         5823    .text               mc_w.l(uidiv.o)
    0x08000306   0x08000306   0x0000001e   Code   RO         5825    .text               mc_w.l(llshl.o)
    0x08000324   0x08000324   0x00000020   Code   RO         5827    .text               mc_w.l(llushr.o)
    0x08000344   0x08000344   0x00000000   Code   RO         5829    .text               mc_w.l(iusefp.o)
    0x08000344   0x08000344   0x0000014e   Code   RO         5830    .text               mf_w.l(dadd.o)
    0x08000492   0x08000492   0x000000e4   Code   RO         5832    .text               mf_w.l(dmul.o)
    0x08000576   0x08000576   0x000000de   Code   RO         5834    .text               mf_w.l(ddiv.o)
    0x08000654   0x08000654   0x00000030   Code   RO         5836    .text               mf_w.l(dfixul.o)
    0x08000684   0x08000684   0x00000030   Code   RO         5838    .text               mf_w.l(cdrcmple.o)
    0x080006b4   0x080006b4   0x00000024   Code   RO         5840    .text               mc_w.l(init.o)
    0x080006d8   0x080006d8   0x00000024   Code   RO         5842    .text               mc_w.l(llsshr.o)
    0x080006fc   0x080006fc   0x000000ba   Code   RO         5844    .text               mf_w.l(depilogue.o)
    0x080007b6   0x080007b6   0x00000092   Code   RO          627    i.ADC_DMAConvCplt   stm32g4xx_hal_adc.o
    0x08000848   0x08000848   0x0000001e   Code   RO          628    i.ADC_DMAError      stm32g4xx_hal_adc.o
    0x08000866   0x08000866   0x0000000e   Code   RO          629    i.ADC_DMAHalfConvCplt  stm32g4xx_hal_adc.o
    0x08000874   0x08000874   0x00000084   Code   RO          631    i.ADC_Enable        stm32g4xx_hal_adc.o
    0x080008f8   0x080008f8   0x00000004   Code   RO          490    i.BusFault_Handler  stm32g4xx_it.o
    0x080008fc   0x080008fc   0x00000010   Code   RO          491    i.DMA1_Channel1_IRQHandler  stm32g4xx_it.o
    0x0800090c   0x0800090c   0x00000010   Code   RO          492    i.DMA1_Channel2_IRQHandler  stm32g4xx_it.o
    0x0800091c   0x0800091c   0x00000010   Code   RO          493    i.DMA1_Channel3_IRQHandler  stm32g4xx_it.o
    0x0800092c   0x0800092c   0x00000010   Code   RO          494    i.DMA1_Channel4_IRQHandler  stm32g4xx_it.o
    0x0800093c   0x0800093c   0x00000010   Code   RO          495    i.DMA1_Channel5_IRQHandler  stm32g4xx_it.o
    0x0800094c   0x0800094c   0x00000044   Code   RO         2031    i.DMA_CalcDMAMUXChannelBaseAndMask  stm32g4xx_hal_dma.o
    0x08000990   0x08000990   0x00000024   Code   RO         2032    i.DMA_CalcDMAMUXRequestGenBaseAndMask  stm32g4xx_hal_dma.o
    0x080009b4   0x080009b4   0x00000040   Code   RO         2033    i.DMA_SetConfig     stm32g4xx_hal_dma.o
    0x080009f4   0x080009f4   0x00000002   Code   RO          496    i.DebugMon_Handler  stm32g4xx_it.o
    0x080009f6   0x080009f6   0x0000001e   Code   RO         5093    i.Delay_LCD         lcd.o
    0x08000a14   0x08000a14   0x00000006   Code   RO           13    i.Error_Handler     main.o
    0x08000a1a   0x08000a1a   0x00000002   PAD
    0x08000a1c   0x08000a1c   0x0000010c   Code   RO          921    i.HAL_ADCEx_MultiModeConfigChannel  stm32g4xx_hal_adc_ex.o
    0x08000b28   0x08000b28   0x00000508   Code   RO          633    i.HAL_ADC_ConfigChannel  stm32g4xx_hal_adc.o
    0x08001030   0x08001030   0x00000002   Code   RO          634    i.HAL_ADC_ConvCpltCallback  stm32g4xx_hal_adc.o
    0x08001032   0x08001032   0x00000002   Code   RO          635    i.HAL_ADC_ConvHalfCpltCallback  stm32g4xx_hal_adc.o
    0x08001034   0x08001034   0x00000002   Code   RO          637    i.HAL_ADC_ErrorCallback  stm32g4xx_hal_adc.o
    0x08001036   0x08001036   0x00000002   PAD
    0x08001038   0x08001038   0x00000268   Code   RO          642    i.HAL_ADC_Init      stm32g4xx_hal_adc.o
    0x080012a0   0x080012a0   0x000001a4   Code   RO          257    i.HAL_ADC_MspInit   adc.o
    0x08001444   0x08001444   0x00000114   Code   RO          650    i.HAL_ADC_Start_DMA  stm32g4xx_hal_adc.o
    0x08001558   0x08001558   0x00000076   Code   RO         2034    i.HAL_DMA_Abort     stm32g4xx_hal_dma.o
    0x080015ce   0x080015ce   0x00000094   Code   RO         2035    i.HAL_DMA_Abort_IT  stm32g4xx_hal_dma.o
    0x08001662   0x08001662   0x000000fe   Code   RO         2039    i.HAL_DMA_IRQHandler  stm32g4xx_hal_dma.o
    0x08001760   0x08001760   0x000000d0   Code   RO         2040    i.HAL_DMA_Init      stm32g4xx_hal_dma.o
    0x08001830   0x08001830   0x000000c2   Code   RO         2044    i.HAL_DMA_Start_IT  stm32g4xx_hal_dma.o
    0x080018f2   0x080018f2   0x00000002   PAD
    0x080018f4   0x080018f4   0x00000028   Code   RO         1145    i.HAL_Delay         stm32g4xx_hal.o
    0x0800191c   0x0800191c   0x000001d8   Code   RO         1896    i.HAL_GPIO_Init     stm32g4xx_hal_gpio.o
    0x08001af4   0x08001af4   0x00000010   Code   RO         1898    i.HAL_GPIO_ReadPin  stm32g4xx_hal_gpio.o
    0x08001b04   0x08001b04   0x0000000a   Code   RO         1900    i.HAL_GPIO_WritePin  stm32g4xx_hal_gpio.o
    0x08001b0e   0x08001b0e   0x00000002   PAD
    0x08001b10   0x08001b10   0x0000000c   Code   RO         1149    i.HAL_GetTick       stm32g4xx_hal.o
    0x08001b1c   0x08001b1c   0x00000018   Code   RO         1152    i.HAL_IncTick       stm32g4xx_hal.o
    0x08001b34   0x08001b34   0x0000001e   Code   RO         1153    i.HAL_Init          stm32g4xx_hal.o
    0x08001b52   0x08001b52   0x00000002   PAD
    0x08001b54   0x08001b54   0x00000058   Code   RO         1154    i.HAL_InitTick      stm32g4xx_hal.o
    0x08001bac   0x08001bac   0x00000044   Code   RO          602    i.HAL_MspInit       stm32g4xx_hal_msp.o
    0x08001bf0   0x08001bf0   0x00000028   Code   RO         2543    i.HAL_NVIC_EnableIRQ  stm32g4xx_hal_cortex.o
    0x08001c18   0x08001c18   0x0000007a   Code   RO         2549    i.HAL_NVIC_SetPriority  stm32g4xx_hal_cortex.o
    0x08001c92   0x08001c92   0x00000002   PAD
    0x08001c94   0x08001c94   0x00000028   Code   RO         2550    i.HAL_NVIC_SetPriorityGrouping  stm32g4xx_hal_cortex.o
    0x08001cbc   0x08001cbc   0x00000118   Code   RO         2299    i.HAL_PWREx_ControlVoltageScaling  stm32g4xx_hal_pwr_ex.o
    0x08001dd4   0x08001dd4   0x00000014   Code   RO         2311    i.HAL_PWREx_DisableUCPDDeadBattery  stm32g4xx_hal_pwr_ex.o
    0x08001de8   0x08001de8   0x00000370   Code   RO         1503    i.HAL_RCCEx_PeriphCLKConfig  stm32g4xx_hal_rcc_ex.o
    0x08002158   0x08002158   0x00000224   Code   RO         1373    i.HAL_RCC_ClockConfig  stm32g4xx_hal_rcc.o
    0x0800237c   0x0800237c   0x0000000c   Code   RO         1379    i.HAL_RCC_GetHCLKFreq  stm32g4xx_hal_rcc.o
    0x08002388   0x08002388   0x00000024   Code   RO         1381    i.HAL_RCC_GetPCLK1Freq  stm32g4xx_hal_rcc.o
    0x080023ac   0x080023ac   0x00000024   Code   RO         1382    i.HAL_RCC_GetPCLK2Freq  stm32g4xx_hal_rcc.o
    0x080023d0   0x080023d0   0x00000098   Code   RO         1383    i.HAL_RCC_GetSysClockFreq  stm32g4xx_hal_rcc.o
    0x08002468   0x08002468   0x00000568   Code   RO         1386    i.HAL_RCC_OscConfig  stm32g4xx_hal_rcc.o
    0x080029d0   0x080029d0   0x00000050   Code   RO         2688    i.HAL_RTC_GetDate   stm32g4xx_hal_rtc.o
    0x08002a20   0x08002a20   0x00000064   Code   RO         2690    i.HAL_RTC_GetTime   stm32g4xx_hal_rtc.o
    0x08002a84   0x08002a84   0x000000b4   Code   RO         2691    i.HAL_RTC_Init      stm32g4xx_hal_rtc.o
    0x08002b38   0x08002b38   0x00000064   Code   RO          330    i.HAL_RTC_MspInit   rtc.o
    0x08002b9c   0x08002b9c   0x000000d0   Code   RO         2697    i.HAL_RTC_SetDate   stm32g4xx_hal_rtc.o
    0x08002c6c   0x08002c6c   0x00000108   Code   RO         2698    i.HAL_RTC_SetTime   stm32g4xx_hal_rtc.o
    0x08002d74   0x08002d74   0x0000003c   Code   RO         2699    i.HAL_RTC_WaitForSynchro  stm32g4xx_hal_rtc.o
    0x08002db0   0x08002db0   0x00000034   Code   RO         2554    i.HAL_SYSTICK_Config  stm32g4xx_hal_cortex.o
    0x08002de4   0x08002de4   0x000000e8   Code   RO         3866    i.HAL_TIMEx_ConfigBreakDeadTime  stm32g4xx_hal_tim_ex.o
    0x08002ecc   0x08002ecc   0x000000b8   Code   RO         3903    i.HAL_TIMEx_MasterConfigSynchronization  stm32g4xx_hal_tim_ex.o
    0x08002f84   0x08002f84   0x0000006e   Code   RO         3136    i.HAL_TIM_Base_Init  stm32g4xx_hal_tim.o
    0x08002ff2   0x08002ff2   0x00000002   PAD
    0x08002ff4   0x08002ff4   0x000001a8   Code   RO          372    i.HAL_TIM_Base_MspInit  tim.o
    0x0800319c   0x0800319c   0x00000130   Code   RO         3145    i.HAL_TIM_ConfigClockSource  stm32g4xx_hal_tim.o
    0x080032cc   0x080032cc   0x00000002   Code   RO         3166    i.HAL_TIM_ErrorCallback  stm32g4xx_hal_tim.o
    0x080032ce   0x080032ce   0x00000002   Code   RO         3170    i.HAL_TIM_IC_CaptureCallback  stm32g4xx_hal_tim.o
    0x080032d0   0x080032d0   0x00000002   Code   RO         3171    i.HAL_TIM_IC_CaptureHalfCpltCallback  stm32g4xx_hal_tim.o
    0x080032d2   0x080032d2   0x000000d4   Code   RO         3172    i.HAL_TIM_IC_ConfigChannel  stm32g4xx_hal_tim.o
    0x080033a6   0x080033a6   0x0000006e   Code   RO         3175    i.HAL_TIM_IC_Init   stm32g4xx_hal_tim.o
    0x08003414   0x08003414   0x00000002   Code   RO         3177    i.HAL_TIM_IC_MspInit  stm32g4xx_hal_tim.o
    0x08003416   0x08003416   0x00000002   PAD
    0x08003418   0x08003418   0x00000278   Code   RO         3179    i.HAL_TIM_IC_Start_DMA  stm32g4xx_hal_tim.o
    0x08003690   0x08003690   0x000000a0   Code   RO          373    i.HAL_TIM_MspPostInit  tim.o
    0x08003730   0x08003730   0x00000168   Code   RO         3208    i.HAL_TIM_PWM_ConfigChannel  stm32g4xx_hal_tim.o
    0x08003898   0x08003898   0x0000006e   Code   RO         3211    i.HAL_TIM_PWM_Init  stm32g4xx_hal_tim.o
    0x08003906   0x08003906   0x00000002   Code   RO         3213    i.HAL_TIM_PWM_MspInit  stm32g4xx_hal_tim.o
    0x08003908   0x08003908   0x0000014c   Code   RO         3216    i.HAL_TIM_PWM_Start  stm32g4xx_hal_tim.o
    0x08003a54   0x08003a54   0x0000006c   Code   RO         3225    i.HAL_TIM_SlaveConfigSynchro  stm32g4xx_hal_tim.o
    0x08003ac0   0x08003ac0   0x0000004e   Code   RO         4715    i.HAL_UARTEx_DisableFifoMode  stm32g4xx_hal_uart_ex.o
    0x08003b0e   0x08003b0e   0x00000066   Code   RO         4720    i.HAL_UARTEx_ReceiveToIdle_DMA  stm32g4xx_hal_uart_ex.o
    0x08003b74   0x08003b74   0x00000050   Code   RO         5457    i.HAL_UARTEx_RxEventCallback  uart_app.o
    0x08003bc4   0x08003bc4   0x00000002   Code   RO         4722    i.HAL_UARTEx_RxFifoFullCallback  stm32g4xx_hal_uart_ex.o
    0x08003bc6   0x08003bc6   0x0000005e   Code   RO         4723    i.HAL_UARTEx_SetRxFifoThreshold  stm32g4xx_hal_uart_ex.o
    0x08003c24   0x08003c24   0x0000005e   Code   RO         4724    i.HAL_UARTEx_SetTxFifoThreshold  stm32g4xx_hal_uart_ex.o
    0x08003c82   0x08003c82   0x00000002   Code   RO         4726    i.HAL_UARTEx_TxFifoEmptyCallback  stm32g4xx_hal_uart_ex.o
    0x08003c84   0x08003c84   0x00000002   Code   RO         4727    i.HAL_UARTEx_WakeupCallback  stm32g4xx_hal_uart_ex.o
    0x08003c86   0x08003c86   0x00000002   Code   RO         4315    i.HAL_UART_ErrorCallback  stm32g4xx_hal_uart.o
    0x08003c88   0x08003c88   0x00000308   Code   RO         4318    i.HAL_UART_IRQHandler  stm32g4xx_hal_uart.o
    0x08003f90   0x08003f90   0x00000078   Code   RO         4319    i.HAL_UART_Init     stm32g4xx_hal_uart.o
    0x08004008   0x08004008   0x000000e4   Code   RO          438    i.HAL_UART_MspInit  usart.o
    0x080040ec   0x080040ec   0x00000002   Code   RO         4326    i.HAL_UART_RxCpltCallback  stm32g4xx_hal_uart.o
    0x080040ee   0x080040ee   0x00000002   Code   RO         4327    i.HAL_UART_RxHalfCpltCallback  stm32g4xx_hal_uart.o
    0x080040f0   0x080040f0   0x000000d6   Code   RO         4328    i.HAL_UART_Transmit  stm32g4xx_hal_uart.o
    0x080041c6   0x080041c6   0x00000002   Code   RO         4331    i.HAL_UART_TxCpltCallback  stm32g4xx_hal_uart.o
    0x080041c8   0x080041c8   0x00000004   Code   RO          497    i.HardFault_Handler  stm32g4xx_it.o
    0x080041cc   0x080041cc   0x00000050   Code   RO         4932    i.I2CReceiveByte    i2c_hal.o
    0x0800421c   0x0800421c   0x0000002e   Code   RO         4933    i.I2CSendAck        i2c_hal.o
    0x0800424a   0x0800424a   0x0000004e   Code   RO         4934    i.I2CSendByte       i2c_hal.o
    0x08004298   0x08004298   0x0000002e   Code   RO         4935    i.I2CSendNotAck     i2c_hal.o
    0x080042c6   0x080042c6   0x00000034   Code   RO         4936    i.I2CStart          i2c_hal.o
    0x080042fa   0x080042fa   0x00000034   Code   RO         4937    i.I2CStop           i2c_hal.o
    0x0800432e   0x0800432e   0x0000004e   Code   RO         4938    i.I2CWaitAck        i2c_hal.o
    0x0800437c   0x0800437c   0x00000030   Code   RO         5094    i.LCD_BusIn         lcd.o
    0x080043ac   0x080043ac   0x00000030   Code   RO         5095    i.LCD_BusOut        lcd.o
    0x080043dc   0x080043dc   0x00000026   Code   RO         5096    i.LCD_Clear         lcd.o
    0x08004402   0x08004402   0x00000002   PAD
    0x08004404   0x08004404   0x000000c4   Code   RO         5098    i.LCD_CtrlLinesConfig  lcd.o
    0x080044c8   0x080044c8   0x00000028   Code   RO         5099    i.LCD_DisplayChar   lcd.o
    0x080044f0   0x080044f0   0x0000002c   Code   RO         5102    i.LCD_DisplayStringLine  lcd.o
    0x0800451c   0x0800451c   0x0000006c   Code   RO         5103    i.LCD_DrawChar      lcd.o
    0x08004588   0x08004588   0x00000038   Code   RO         5109    i.LCD_Init          lcd.o
    0x080045c0   0x080045c0   0x000000ac   Code   RO         5112    i.LCD_ReadReg       lcd.o
    0x0800466c   0x0800466c   0x00000010   Code   RO         5113    i.LCD_SetBackColor  lcd.o
    0x0800467c   0x0800467c   0x00000018   Code   RO         5114    i.LCD_SetCursor     lcd.o
    0x08004694   0x08004694   0x00000010   Code   RO         5116    i.LCD_SetTextColor  lcd.o
    0x080046a4   0x080046a4   0x00000078   Code   RO         5119    i.LCD_WriteRAM      lcd.o
    0x0800471c   0x0800471c   0x00000078   Code   RO         5120    i.LCD_WriteRAM_Prepare  lcd.o
    0x08004794   0x08004794   0x00000090   Code   RO         5121    i.LCD_WriteReg      lcd.o
    0x08004824   0x08004824   0x00000010   Code   RO          656    i.LL_ADC_Enable     stm32g4xx_hal_adc.o
    0x08004834   0x08004834   0x0000000a   Code   RO          657    i.LL_ADC_GetMultimode  stm32g4xx_hal_adc.o
    0x0800483e   0x0800483e   0x00000012   Code   RO          658    i.LL_ADC_GetOffsetChannel  stm32g4xx_hal_adc.o
    0x08004850   0x08004850   0x0000000a   Code   RO          659    i.LL_ADC_INJ_IsConversionOngoing  stm32g4xx_hal_adc.o
    0x0800485a   0x0800485a   0x0000000a   Code   RO          661    i.LL_ADC_IsEnabled  stm32g4xx_hal_adc.o
    0x08004864   0x08004864   0x0000000a   Code   RO          933    i.LL_ADC_IsEnabled  stm32g4xx_hal_adc_ex.o
    0x0800486e   0x0800486e   0x0000000a   Code   RO          662    i.LL_ADC_IsInternalRegulatorEnabled  stm32g4xx_hal_adc.o
    0x08004878   0x08004878   0x0000000a   Code   RO          663    i.LL_ADC_REG_IsConversionOngoing  stm32g4xx_hal_adc.o
    0x08004882   0x08004882   0x0000000a   Code   RO          934    i.LL_ADC_REG_IsConversionOngoing  stm32g4xx_hal_adc_ex.o
    0x0800488c   0x0800488c   0x00000012   Code   RO          664    i.LL_ADC_REG_IsTriggerSourceSWStart  stm32g4xx_hal_adc.o
    0x0800489e   0x0800489e   0x00000002   PAD
    0x080048a0   0x080048a0   0x00000010   Code   RO          665    i.LL_ADC_REG_StartConversion  stm32g4xx_hal_adc.o
    0x080048b0   0x080048b0   0x00000028   Code   RO          667    i.LL_ADC_SetChannelSamplingTime  stm32g4xx_hal_adc.o
    0x080048d8   0x080048d8   0x0000000c   Code   RO          668    i.LL_ADC_SetCommonPathInternalCh  stm32g4xx_hal_adc.o
    0x080048e4   0x080048e4   0x00000016   Code   RO          669    i.LL_ADC_SetOffsetState  stm32g4xx_hal_adc.o
    0x080048fa   0x080048fa   0x0000000c   Code   RO          670    i.LL_ADC_SetSamplingTimeCommonConfig  stm32g4xx_hal_adc.o
    0x08004906   0x08004906   0x00000002   PAD
    0x08004908   0x08004908   0x000000a4   Code   RO          258    i.MX_ADC1_Init      adc.o
    0x080049ac   0x080049ac   0x0000008c   Code   RO          259    i.MX_ADC2_Init      adc.o
    0x08004a38   0x08004a38   0x00000090   Code   RO          305    i.MX_DMA_Init       dma.o
    0x08004ac8   0x08004ac8   0x00000180   Code   RO          232    i.MX_GPIO_Init      gpio.o
    0x08004c48   0x08004c48   0x0000009c   Code   RO          331    i.MX_RTC_Init       rtc.o
    0x08004ce4   0x08004ce4   0x000000a8   Code   RO          374    i.MX_TIM16_Init     tim.o
    0x08004d8c   0x08004d8c   0x000000a8   Code   RO          375    i.MX_TIM17_Init     tim.o
    0x08004e34   0x08004e34   0x000000c4   Code   RO          376    i.MX_TIM2_Init      tim.o
    0x08004ef8   0x08004ef8   0x000000c8   Code   RO          377    i.MX_TIM3_Init      tim.o
    0x08004fc0   0x08004fc0   0x0000008c   Code   RO          439    i.MX_USART1_UART_Init  usart.o
    0x0800504c   0x0800504c   0x00000004   Code   RO          498    i.MemManage_Handler  stm32g4xx_it.o
    0x08005050   0x08005050   0x00000004   Code   RO          499    i.NMI_Handler       stm32g4xx_it.o
    0x08005054   0x08005054   0x00000002   Code   RO          500    i.PendSV_Handler    stm32g4xx_it.o
    0x08005056   0x08005056   0x00000002   PAD
    0x08005058   0x08005058   0x00000068   Code   RO         1387    i.RCC_GetSysClockFreqFromPLLSource  stm32g4xx_hal_rcc.o
    0x080050c0   0x080050c0   0x00000120   Code   RO         5122    i.REG_8230_Init     lcd.o
    0x080051e0   0x080051e0   0x00000200   Code   RO         5123    i.REG_932X_Init     lcd.o
    0x080053e0   0x080053e0   0x00000014   Code   RO         2700    i.RTC_Bcd2ToByte    stm32g4xx_hal_rtc.o
    0x080053f4   0x080053f4   0x0000001c   Code   RO         2701    i.RTC_ByteToBcd2    stm32g4xx_hal_rtc.o
    0x08005410   0x08005410   0x00000050   Code   RO         2702    i.RTC_EnterInitMode  stm32g4xx_hal_rtc.o
    0x08005460   0x08005460   0x00000068   Code   RO         2703    i.RTC_ExitInitMode  stm32g4xx_hal_rtc.o
    0x080054c8   0x080054c8   0x00000028   Code   RO         4939    i.SCL_Output        i2c_hal.o
    0x080054f0   0x080054f0   0x00000018   Code   RO         4940    i.SDA_Input         i2c_hal.o
    0x08005508   0x08005508   0x0000002c   Code   RO         4941    i.SDA_Input_Mode    i2c_hal.o
    0x08005534   0x08005534   0x00000028   Code   RO         4942    i.SDA_Output        i2c_hal.o
    0x0800555c   0x0800555c   0x0000002c   Code   RO         4943    i.SDA_Output_Mode   i2c_hal.o
    0x08005588   0x08005588   0x00000002   Code   RO          501    i.SVC_Handler       stm32g4xx_it.o
    0x0800558a   0x0800558a   0x00000008   Code   RO          502    i.SysTick_Handler   stm32g4xx_it.o
    0x08005592   0x08005592   0x00000068   Code   RO           14    i.SystemClock_Config  main.o
    0x080055fa   0x080055fa   0x00000002   PAD
    0x080055fc   0x080055fc   0x00000014   Code   RO         4833    i.SystemInit        system_stm32g4xx.o
    0x08005610   0x08005610   0x000000bc   Code   RO         3229    i.TIM_Base_SetConfig  stm32g4xx_hal_tim.o
    0x080056cc   0x080056cc   0x00000022   Code   RO         3230    i.TIM_CCxChannelCmd  stm32g4xx_hal_tim.o
    0x080056ee   0x080056ee   0x0000007a   Code   RO         3231    i.TIM_DMACaptureCplt  stm32g4xx_hal_tim.o
    0x08005768   0x08005768   0x00000040   Code   RO         3232    i.TIM_DMACaptureHalfCplt  stm32g4xx_hal_tim.o
    0x080057a8   0x080057a8   0x0000005e   Code   RO         3235    i.TIM_DMAError      stm32g4xx_hal_tim.o
    0x08005806   0x08005806   0x00000016   Code   RO         3240    i.TIM_ETR_SetConfig  stm32g4xx_hal_tim.o
    0x0800581c   0x0800581c   0x00000018   Code   RO         3241    i.TIM_ITRx_SetConfig  stm32g4xx_hal_tim.o
    0x08005834   0x08005834   0x000000ac   Code   RO         3242    i.TIM_OC1_SetConfig  stm32g4xx_hal_tim.o
    0x080058e0   0x080058e0   0x000000b4   Code   RO         3243    i.TIM_OC2_SetConfig  stm32g4xx_hal_tim.o
    0x08005994   0x08005994   0x000000b4   Code   RO         3244    i.TIM_OC3_SetConfig  stm32g4xx_hal_tim.o
    0x08005a48   0x08005a48   0x000000b4   Code   RO         3245    i.TIM_OC4_SetConfig  stm32g4xx_hal_tim.o
    0x08005afc   0x08005afc   0x00000070   Code   RO         3246    i.TIM_OC5_SetConfig  stm32g4xx_hal_tim.o
    0x08005b6c   0x08005b6c   0x00000070   Code   RO         3247    i.TIM_OC6_SetConfig  stm32g4xx_hal_tim.o
    0x08005bdc   0x08005bdc   0x000000fc   Code   RO         3248    i.TIM_SlaveTimer_SetConfig  stm32g4xx_hal_tim.o
    0x08005cd8   0x08005cd8   0x00000026   Code   RO         3249    i.TIM_TI1_ConfigInputStage  stm32g4xx_hal_tim.o
    0x08005cfe   0x08005cfe   0x00000002   PAD
    0x08005d00   0x08005d00   0x0000007c   Code   RO         3250    i.TIM_TI1_SetConfig  stm32g4xx_hal_tim.o
    0x08005d7c   0x08005d7c   0x00000028   Code   RO         3251    i.TIM_TI2_ConfigInputStage  stm32g4xx_hal_tim.o
    0x08005da4   0x08005da4   0x0000003a   Code   RO         3252    i.TIM_TI2_SetConfig  stm32g4xx_hal_tim.o
    0x08005dde   0x08005dde   0x00000038   Code   RO         3253    i.TIM_TI3_SetConfig  stm32g4xx_hal_tim.o
    0x08005e16   0x08005e16   0x0000003c   Code   RO         3254    i.TIM_TI4_SetConfig  stm32g4xx_hal_tim.o
    0x08005e52   0x08005e52   0x00000002   PAD
    0x08005e54   0x08005e54   0x00000058   Code   RO         4728    i.UARTEx_SetNbDataToProcess  stm32g4xx_hal_uart_ex.o
    0x08005eac   0x08005eac   0x000000f8   Code   RO         4333    i.UART_AdvFeatureConfig  stm32g4xx_hal_uart.o
    0x08005fa4   0x08005fa4   0x00000076   Code   RO         4334    i.UART_CheckIdleState  stm32g4xx_hal_uart.o
    0x0800601a   0x0800601a   0x00000018   Code   RO         4335    i.UART_DMAAbortOnError  stm32g4xx_hal_uart.o
    0x08006032   0x08006032   0x0000005e   Code   RO         4336    i.UART_DMAError     stm32g4xx_hal_uart.o
    0x08006090   0x08006090   0x0000006c   Code   RO         4337    i.UART_DMAReceiveCplt  stm32g4xx_hal_uart.o
    0x080060fc   0x080060fc   0x00000022   Code   RO         4339    i.UART_DMARxHalfCplt  stm32g4xx_hal_uart.o
    0x0800611e   0x0800611e   0x00000002   PAD
    0x08006120   0x08006120   0x0000003c   Code   RO         4345    i.UART_EndRxTransfer  stm32g4xx_hal_uart.o
    0x0800615c   0x0800615c   0x00000022   Code   RO         4346    i.UART_EndTransmit_IT  stm32g4xx_hal_uart.o
    0x0800617e   0x0800617e   0x00000020   Code   RO         4347    i.UART_EndTxTransfer  stm32g4xx_hal_uart.o
    0x0800619e   0x0800619e   0x00000002   PAD
    0x080061a0   0x080061a0   0x0000038c   Code   RO         4352    i.UART_SetConfig    stm32g4xx_hal_uart.o
    0x0800652c   0x0800652c   0x000000a0   Code   RO         4353    i.UART_Start_Receive_DMA  stm32g4xx_hal_uart.o
    0x080065cc   0x080065cc   0x000000be   Code   RO         4359    i.UART_WaitOnFlagUntilTimeout  stm32g4xx_hal_uart.o
    0x0800668a   0x0800668a   0x00000002   PAD
    0x0800668c   0x0800668c   0x00000030   Code   RO          503    i.USART1_IRQHandler  stm32g4xx_it.o
    0x080066bc   0x080066bc   0x00000004   Code   RO          504    i.UsageFault_Handler  stm32g4xx_it.o
    0x080066c0   0x080066c0   0x00000020   Code   RO         5776    i.__0printf         mc_w.l(printfa.o)
    0x080066e0   0x080066e0   0x00000024   Code   RO         5782    i.__0vsprintf       mc_w.l(printfa.o)
    0x08006704   0x08006704   0x00000010   Code   RO         2556    i.__NVIC_GetPriorityGrouping  stm32g4xx_hal_cortex.o
    0x08006714   0x08006714   0x00000028   Code   RO         2557    i.__NVIC_SetPriority  stm32g4xx_hal_cortex.o
    0x0800673c   0x0800673c   0x0000000e   Code   RO         5848    i.__scatterload_copy  mc_w.l(handlers.o)
    0x0800674a   0x0800674a   0x00000002   Code   RO         5849    i.__scatterload_null  mc_w.l(handlers.o)
    0x0800674c   0x0800674c   0x0000000e   Code   RO         5850    i.__scatterload_zeroinit  mc_w.l(handlers.o)
    0x0800675a   0x0800675a   0x00000002   PAD
    0x0800675c   0x0800675c   0x00000184   Code   RO         5783    i._fp_digits        mc_w.l(printfa.o)
    0x080068e0   0x080068e0   0x000006b4   Code   RO         5784    i._printf_core      mc_w.l(printfa.o)
    0x08006f94   0x08006f94   0x00000024   Code   RO         5785    i._printf_post_padding  mc_w.l(printfa.o)
    0x08006fb8   0x08006fb8   0x0000002e   Code   RO         5786    i._printf_pre_padding  mc_w.l(printfa.o)
    0x08006fe6   0x08006fe6   0x0000000a   Code   RO         5788    i._sputc            mc_w.l(printfa.o)
    0x08006ff0   0x08006ff0   0x0000009c   Code   RO         4869    i.adc_task          adc_app.o
    0x0800708c   0x0800708c   0x00000054   Code   RO         4944    i.at24c02_read      i2c_hal.o
    0x080070e0   0x080070e0   0x0000004a   Code   RO         4945    i.at24c02_write     i2c_hal.o
    0x0800712a   0x0800712a   0x0000001a   Code   RO         4946    i.delay1            i2c_hal.o
    0x08007144   0x08007144   0x0000001c   Code   RO          440    i.fputc             usart.o
    0x08007160   0x08007160   0x00000044   Code   RO         5060    i.key_read          key_app.o
    0x080071a4   0x080071a4   0x000002fc   Code   RO         5061    i.key_task          key_app.o
    0x080074a0   0x080074a0   0x0000002a   Code   RO         5304    i.lcd_sprintf       lcd_app.o
    0x080074ca   0x080074ca   0x00000002   PAD
    0x080074cc   0x080074cc   0x000001ac   Code   RO         5305    i.lcd_task          lcd_app.o
    0x08007678   0x08007678   0x00000060   Code   RO         5349    i.led_disp          led_app.o
    0x080076d8   0x080076d8   0x00000010   Code   RO         5350    i.led_task          led_app.o
    0x080076e8   0x080076e8   0x0000003c   Code   RO           15    i.main              main.o
    0x08007724   0x08007724   0x00000022   Code   RO         4947    i.mcp4017_read      i2c_hal.o
    0x08007746   0x08007746   0x00000022   Code   RO         4948    i.mcp4017_write     i2c_hal.o
    0x08007768   0x08007768   0x00000068   Code   RO         5493    i.pwm_set_duty      tim_app.o
    0x080077d0   0x080077d0   0x00000024   Code   RO         5387    i.rtc_task          rtc_app.o
    0x080077f4   0x080077f4   0x0000008c   Code   RO         5424    i.scheduler_init    scheduler.o
    0x08007880   0x08007880   0x00000058   Code   RO         5425    i.scheduler_run     scheduler.o
    0x080078d8   0x080078d8   0x000000a0   Code   RO         5495    i.tim_ic_task       tim_app.o
    0x08007978   0x08007978   0x00000054   Code   RO         5458    i.uart_task         uart_app.o
    0x080079cc   0x080079cc   0x00000018   Data   RO         4360    .constdata          stm32g4xx_hal_uart.o
    0x080079e4   0x080079e4   0x00000010   Data   RO         4730    .constdata          stm32g4xx_hal_uart_ex.o
    0x080079f4   0x080079f4   0x00000018   Data   RO         4834    .constdata          system_stm32g4xx.o
    0x08007a0c   0x08007a0c   0x000011d0   Data   RO         5124    .constdata          lcd.o
    0x08008bdc   0x08008bdc   0x00000020   Data   RO         5846    Region$$Table       anon$$obj.o


    Execution Region RW_IRAM1 (Exec base: 0x20000000, Load base: 0x08008bfc, Size: 0x00000d68, Max: 0x00008000, ABSOLUTE)

    Exec Addr    Load Addr    Size         Type   Attr      Idx    E Section Name        Object

    0x20000000   0x08008bfc   0x00000004   Data   RW          261    .data               adc.o
    0x20000004   0x08008c00   0x0000000c   Data   RW         1173    .data               stm32g4xx_hal.o
    0x20000010   0x08008c0c   0x00000004   Data   RW         4835    .data               system_stm32g4xx.o
    0x20000014   0x08008c10   0x00000008   Data   RW         4871    .data               adc_app.o
    0x2000001c   0x08008c18   0x00000004   Data   RW         5062    .data               key_app.o
    0x20000020   0x08008c1c   0x00000006   Data   RW         5125    .data               lcd.o
    0x20000026   0x08008c22   0x0000000b   Data   RW         5307    .data               lcd_app.o
    0x20000031   0x08008c2d   0x00000008   Data   RW         5351    .data               led_app.o
    0x20000039   0x08008c35   0x00000004   Data   RW         5389    .data               rtc_app.o
    0x2000003d   0x08008c39   0x00000003   PAD
    0x20000040   0x08008c3c   0x00000055   Data   RW         5426    .data               scheduler.o
    0x20000095   0x08008c91   0x00000001   Data   RW         5459    .data               uart_app.o
    0x20000096   0x08008c92   0x00000002   PAD
    0x20000098   0x08008c94   0x00000018   Data   RW         5497    .data               tim_app.o
    0x200000b0   0x08008cac   0x00000004   Data   RW         5822    .data               mc_w.l(stdout.o)
    0x200000b4        -       0x00000198   Zero   RW          260    .bss                adc.o
    0x2000024c        -       0x00000028   Zero   RW          332    .bss                rtc.o
    0x20000274        -       0x000001f0   Zero   RW          378    .bss                tim.o
    0x20000464        -       0x000001f0   Zero   RW          441    .bss                usart.o
    0x20000654        -       0x000000f0   Zero   RW         4870    .bss                adc_app.o
    0x20000744        -       0x0000000a   Zero   RW         5306    .bss                lcd_app.o
    0x2000074e   0x08008cb0   0x00000002   PAD
    0x20000750        -       0x00000014   Zero   RW         5388    .bss                rtc_app.o
    0x20000764        -       0x00000200   Zero   RW         5496    .bss                tim_app.o
    0x20000964   0x08008cb0   0x00000004   PAD
    0x20000968        -       0x00000400   Zero   RW            1    STACK               startup_stm32g431xx.o


==============================================================================

Image component sizes


      Code (inc. data)   RO Data    RW Data    ZI Data      Debug   Object Name

       724         52          0          4        408       3170   adc.o
       156         16          0          8        240       3299   adc_app.o
       144          6          0          0          0        954   dma.o
       384         18          0          0          0       1231   gpio.o
       876         24          0          0          0      10741   i2c_hal.o
       832        380          0          4          0       1828   key_app.o
      2020         84       4560          6          0      12468   lcd.o
       470        222          0         11         10       2670   lcd_app.o
       112         14          0          8          0       1852   led_app.o
       170          0          0          0          0     685853   main.o
       256         18          0          0         40       1999   rtc.o
        36         12          0          4         20        811   rtc_app.o
       228         50          0         85          0       1951   scheduler.o
        36          8        472          0       1024        900   startup_stm32g431xx.o
       194         32          0         12          0       4757   stm32g4xx_hal.o
      2712        114          0          0          0      83861   stm32g4xx_hal_adc.o
       288          8          0          0          0      68127   stm32g4xx_hal_adc_ex.o
       310         22          0          0          0      34803   stm32g4xx_hal_cortex.o
      1090         22          0          0          0       6866   stm32g4xx_hal_dma.o
       498         34          0          0          0       3187   stm32g4xx_hal_gpio.o
        68          6          0          0          0        982   stm32g4xx_hal_msp.o
       300         18          0          0          0       1533   stm32g4xx_hal_pwr_ex.o
      2272        108          0          0          0       7460   stm32g4xx_hal_rcc.o
       880          8          0          0          0       2000   stm32g4xx_hal_rcc_ex.o
      1124         60          0          0          0       8649   stm32g4xx_hal_rtc.o
      4400        306          0          0          0      28451   stm32g4xx_hal_tim.o
       416         34          0          0          0       2472   stm32g4xx_hal_tim_ex.o
      3128         94         24          0          0      35316   stm32g4xx_hal_uart.o
       462         10         16          0          0       6865   stm32g4xx_hal_uart_ex.o
       162         42          0          0          0       8205   stm32g4xx_it.o
        20          6         24          4          0       1319   system_stm32g4xx.o
      1316         78          0          0        496       5731   tim.o
       264         40          0         24        512       2160   tim_app.o
       164         96          0          1          0       1785   uart_app.o
       396         40          0          0        496       3089   usart.o

    ----------------------------------------------------------------------
     26946       2082       5128        176       3252    1047345   Object Totals
         0          0         32          0          0          0   (incl. Generated)
        38          0          0          5          6          0   (incl. Padding)

    ----------------------------------------------------------------------

      Code (inc. data)   RO Data    RW Data    ZI Data      Debug   Library Member Name

         0          0          0          0          0          0   entry.o
         0          0          0          0          0          0   entry10a.o
         0          0          0          0          0          0   entry11a.o
         4          0          0          0          0          0   entry12b.o
         8          4          0          0          0          0   entry2.o
         4          0          0          0          0          0   entry5.o
         0          0          0          0          0          0   entry7b.o
         0          0          0          0          0          0   entry8b.o
         8          4          0          0          0          0   entry9a.o
        30          0          0          0          0          0   handlers.o
        36          8          0          0          0         68   init.o
         0          0          0          0          0          0   iusefp.o
        30          0          0          0          0         68   llshl.o
        36          0          0          0          0         68   llsshr.o
        32          0          0          0          0         68   llushr.o
        26          0          0          0          0         80   memcmp.o
        36          0          0          0          0        108   memseta.o
      2264         96          0          0          0        612   printfa.o
         0          0          0          4          0          0   stdout.o
        44          0          0          0          0         80   uidiv.o
        98          0          0          0          0         92   uldiv.o
        48          0          0          0          0         68   cdrcmple.o
       334          0          0          0          0        148   dadd.o
       222          0          0          0          0        100   ddiv.o
       186          0          0          0          0        176   depilogue.o
        48          0          0          0          0         68   dfixul.o
       228          0          0          0          0         96   dmul.o
        38          0          0          0          0         68   f2d.o

    ----------------------------------------------------------------------
      3762        112          0          4          0       1968   Library Totals
         2          0          0          0          0          0   (incl. Padding)

    ----------------------------------------------------------------------

      Code (inc. data)   RO Data    RW Data    ZI Data      Debug   Library Name

      2656        112          0          4          0       1244   mc_w.l
      1104          0          0          0          0        724   mf_w.l

    ----------------------------------------------------------------------
      3762        112          0          4          0       1968   Library Totals

    ----------------------------------------------------------------------

==============================================================================


      Code (inc. data)   RO Data    RW Data    ZI Data      Debug   

     30708       2194       5128        180       3252    1027829   Grand Totals
     30708       2194       5128        180       3252    1027829   ELF Image Totals
     30708       2194       5128        180          0          0   ROM Totals

==============================================================================

    Total RO  Size (Code + RO Data)                35836 (  35.00kB)
    Total RW  Size (RW Data + ZI Data)              3432 (   3.35kB)
    Total ROM Size (Code + RO Data + RW Data)      36016 (  35.17kB)

==============================================================================

