Component: ARM Compiler 5.06 update 7 (build 960) Tool: armlink [4d3601]

==============================================================================

Section Cross References

    startup_stm32g431xx.o(RESET) refers to startup_stm32g431xx.o(STACK) for __initial_sp
    startup_stm32g431xx.o(RESET) refers to startup_stm32g431xx.o(.text) for Reset_Handler
    startup_stm32g431xx.o(RESET) refers to stm32g4xx_it.o(i.NMI_Handler) for NMI_Handler
    startup_stm32g431xx.o(RESET) refers to stm32g4xx_it.o(i.HardFault_Handler) for HardFault_Handler
    startup_stm32g431xx.o(RESET) refers to stm32g4xx_it.o(i.MemManage_Handler) for MemManage_Handler
    startup_stm32g431xx.o(RESET) refers to stm32g4xx_it.o(i.BusFault_Handler) for BusFault_Handler
    startup_stm32g431xx.o(RESET) refers to stm32g4xx_it.o(i.UsageFault_Handler) for UsageFault_Handler
    startup_stm32g431xx.o(RESET) refers to stm32g4xx_it.o(i.SVC_Handler) for SVC_Handler
    startup_stm32g431xx.o(RESET) refers to stm32g4xx_it.o(i.DebugMon_Handler) for DebugMon_Handler
    startup_stm32g431xx.o(RESET) refers to stm32g4xx_it.o(i.PendSV_Handler) for PendSV_Handler
    startup_stm32g431xx.o(RESET) refers to stm32g4xx_it.o(i.SysTick_Handler) for SysTick_Handler
    startup_stm32g431xx.o(RESET) refers to stm32g4xx_it.o(i.DMA1_Channel1_IRQHandler) for DMA1_Channel1_IRQHandler
    startup_stm32g431xx.o(RESET) refers to stm32g4xx_it.o(i.DMA1_Channel2_IRQHandler) for DMA1_Channel2_IRQHandler
    startup_stm32g431xx.o(RESET) refers to stm32g4xx_it.o(i.DMA1_Channel3_IRQHandler) for DMA1_Channel3_IRQHandler
    startup_stm32g431xx.o(RESET) refers to stm32g4xx_it.o(i.USART1_IRQHandler) for USART1_IRQHandler
    startup_stm32g431xx.o(.text) refers to system_stm32g4xx.o(i.SystemInit) for SystemInit
    startup_stm32g431xx.o(.text) refers to entry.o(.ARM.Collect$$$$00000000) for __main
    main.o(i.SystemClock_Config) refers to memseta.o(.text) for __aeabi_memclr4
    main.o(i.SystemClock_Config) refers to stm32g4xx_hal_pwr_ex.o(i.HAL_PWREx_ControlVoltageScaling) for HAL_PWREx_ControlVoltageScaling
    main.o(i.SystemClock_Config) refers to stm32g4xx_hal_rcc.o(i.HAL_RCC_OscConfig) for HAL_RCC_OscConfig
    main.o(i.SystemClock_Config) refers to main.o(i.Error_Handler) for Error_Handler
    main.o(i.SystemClock_Config) refers to stm32g4xx_hal_rcc.o(i.HAL_RCC_ClockConfig) for HAL_RCC_ClockConfig
    main.o(i.main) refers to stm32g4xx_hal.o(i.HAL_Init) for HAL_Init
    main.o(i.main) refers to main.o(i.SystemClock_Config) for SystemClock_Config
    main.o(i.main) refers to gpio.o(i.MX_GPIO_Init) for MX_GPIO_Init
    main.o(i.main) refers to dma.o(i.MX_DMA_Init) for MX_DMA_Init
    main.o(i.main) refers to usart.o(i.MX_USART1_UART_Init) for MX_USART1_UART_Init
    main.o(i.main) refers to adc.o(i.MX_ADC1_Init) for MX_ADC1_Init
    main.o(i.main) refers to adc.o(i.MX_ADC2_Init) for MX_ADC2_Init
    main.o(i.main) refers to scheduler.o(i.scheduler_init) for scheduler_init
    main.o(i.main) refers to scheduler.o(i.scheduler_run) for scheduler_run
    gpio.o(i.MX_GPIO_Init) refers to memseta.o(.text) for __aeabi_memclr4
    gpio.o(i.MX_GPIO_Init) refers to stm32g4xx_hal_gpio.o(i.HAL_GPIO_WritePin) for HAL_GPIO_WritePin
    gpio.o(i.MX_GPIO_Init) refers to stm32g4xx_hal_gpio.o(i.HAL_GPIO_Init) for HAL_GPIO_Init
    adc.o(i.HAL_ADC_MspDeInit) refers to stm32g4xx_hal_gpio.o(i.HAL_GPIO_DeInit) for HAL_GPIO_DeInit
    adc.o(i.HAL_ADC_MspDeInit) refers to stm32g4xx_hal_dma.o(i.HAL_DMA_DeInit) for HAL_DMA_DeInit
    adc.o(i.HAL_ADC_MspDeInit) refers to adc.o(.data) for HAL_RCC_ADC12_CLK_ENABLED
    adc.o(i.HAL_ADC_MspInit) refers to memseta.o(.text) for __aeabi_memclr4
    adc.o(i.HAL_ADC_MspInit) refers to stm32g4xx_hal_rcc_ex.o(i.HAL_RCCEx_PeriphCLKConfig) for HAL_RCCEx_PeriphCLKConfig
    adc.o(i.HAL_ADC_MspInit) refers to main.o(i.Error_Handler) for Error_Handler
    adc.o(i.HAL_ADC_MspInit) refers to stm32g4xx_hal_gpio.o(i.HAL_GPIO_Init) for HAL_GPIO_Init
    adc.o(i.HAL_ADC_MspInit) refers to stm32g4xx_hal_dma.o(i.HAL_DMA_Init) for HAL_DMA_Init
    adc.o(i.HAL_ADC_MspInit) refers to adc.o(.data) for HAL_RCC_ADC12_CLK_ENABLED
    adc.o(i.HAL_ADC_MspInit) refers to adc.o(.bss) for hdma_adc1
    adc.o(i.MX_ADC1_Init) refers to memseta.o(.text) for __aeabi_memclr4
    adc.o(i.MX_ADC1_Init) refers to stm32g4xx_hal_adc.o(i.HAL_ADC_Init) for HAL_ADC_Init
    adc.o(i.MX_ADC1_Init) refers to main.o(i.Error_Handler) for Error_Handler
    adc.o(i.MX_ADC1_Init) refers to stm32g4xx_hal_adc_ex.o(i.HAL_ADCEx_MultiModeConfigChannel) for HAL_ADCEx_MultiModeConfigChannel
    adc.o(i.MX_ADC1_Init) refers to stm32g4xx_hal_adc.o(i.HAL_ADC_ConfigChannel) for HAL_ADC_ConfigChannel
    adc.o(i.MX_ADC1_Init) refers to adc.o(.bss) for hadc1
    adc.o(i.MX_ADC2_Init) refers to memseta.o(.text) for __aeabi_memclr4
    adc.o(i.MX_ADC2_Init) refers to stm32g4xx_hal_adc.o(i.HAL_ADC_Init) for HAL_ADC_Init
    adc.o(i.MX_ADC2_Init) refers to main.o(i.Error_Handler) for Error_Handler
[...]
    ../clib/microlib/printf/printf.c         0x00000000   Number         0  printf7.o ABSOLUTE
    ../clib/microlib/printf/printf.c         0x00000000   Number         0  printf6.o ABSOLUTE
    ../clib/microlib/printf/printf.c         0x00000000   Number         0  printf5.o ABSOLUTE
    ../clib/microlib/printf/printf.c         0x00000000   Number         0  printf4.o ABSOLUTE
    ../clib/microlib/printf/printf.c         0x00000000   Number         0  printf3.o ABSOLUTE
    ../clib/microlib/printf/printf.c         0x00000000   Number         0  printf2.o ABSOLUTE
    ../clib/microlib/printf/printf.c         0x00000000   Number         0  printf1.o ABSOLUTE
    ../clib/microlib/printf/printf.c         0x00000000   Number         0  printfb.o ABSOLUTE
    ../clib/microlib/printf/printf.c         0x00000000   Number         0  printf0.o ABSOLUTE
    ../clib/microlib/printf/printf.c         0x00000000   Number         0  printfa.o ABSOLUTE
    ../clib/microlib/printf/stubs.s          0x00000000   Number         0  stubs.o ABSOLUTE
    ../clib/microlib/stdio/streams.c         0x00000000   Number         0  stdout.o ABSOLUTE
    ../clib/microlib/string/memset.c         0x00000000   Number         0  memseta.o ABSOLUTE
    ../clib/microlib/stubs.s                 0x00000000   Number         0  iusefp.o ABSOLUTE
    ../fplib/microlib/f2d.c                  0x00000000   Number         0  f2d.o ABSOLUTE
    ../fplib/microlib/fpadd.c                0x00000000   Number         0  dadd.o ABSOLUTE
    ../fplib/microlib/fpdiv.c                0x00000000   Number         0  ddiv.o ABSOLUTE
    ../fplib/microlib/fpepilogue.c           0x00000000   Number         0  depilogue.o ABSOLUTE
    ../fplib/microlib/fpfix.c                0x00000000   Number         0  dfixul.o ABSOLUTE
    ../fplib/microlib/fpmul.c                0x00000000   Number         0  dmul.o ABSOLUTE
    ..\App\adc_app.c                         0x00000000   Number         0  adc_app.o ABSOLUTE
    ..\App\key_app.c                         0x00000000   Number         0  key_app.o ABSOLUTE
    ..\App\lcd.c                             0x00000000   Number         0  lcd.o ABSOLUTE
    ..\App\lcd_app.c                         0x00000000   Number         0  lcd_app.o ABSOLUTE
    ..\App\led_app.c                         0x00000000   Number         0  led_app.o ABSOLUTE
    ..\App\scheduler.c                       0x00000000   Number         0  scheduler.o ABSOLUTE
    ..\App\uart_app.c                        0x00000000   Number         0  uart_app.o ABSOLUTE
    ..\Core\Src\adc.c                        0x00000000   Number         0  adc.o ABSOLUTE
    ..\Core\Src\dma.c                        0x00000000   Number         0  dma.o ABSOLUTE
    ..\Core\Src\gpio.c                       0x00000000   Number         0  gpio.o ABSOLUTE
    ..\Core\Src\main.c                       0x00000000   Number         0  main.o ABSOLUTE
    ..\Core\Src\stm32g4xx_hal_msp.c          0x00000000   Number         0  stm32g4xx_hal_msp.o ABSOLUTE
    ..\Core\Src\stm32g4xx_it.c               0x00000000   Number         0  stm32g4xx_it.o ABSOLUTE
    ..\Core\Src\system_stm32g4xx.c           0x00000000   Number         0  system_stm32g4xx.o ABSOLUTE
    ..\Core\Src\usart.c                      0x00000000   Number         0  usart.o ABSOLUTE
    ..\Drivers\STM32G4xx_HAL_Driver\Src\stm32g4xx_hal.c 0x00000000   Number         0  stm32g4xx_hal.o ABSOLUTE
    ..\Drivers\STM32G4xx_HAL_Driver\Src\stm32g4xx_hal_adc.c 0x00000000   Number         0  stm32g4xx_hal_adc.o ABSOLUTE
    ..\Drivers\STM32G4xx_HAL_Driver\Src\stm32g4xx_hal_adc_ex.c 0x00000000   Number         0  stm32g4xx_hal_adc_ex.o ABSOLUTE
    ..\Drivers\STM32G4xx_HAL_Driver\Src\stm32g4xx_hal_cortex.c 0x00000000   Number         0  stm32g4xx_hal_cortex.o ABSOLUTE
    ..\Drivers\STM32G4xx_HAL_Driver\Src\stm32g4xx_hal_dma.c 0x00000000   Number         0  stm32g4xx_hal_dma.o ABSOLUTE
    ..\Drivers\STM32G4xx_HAL_Driver\Src\stm32g4xx_hal_dma_ex.c 0x00000000   Number         0  stm32g4xx_hal_dma_ex.o ABSOLUTE
    ..\Drivers\STM32G4xx_HAL_Driver\Src\stm32g4xx_hal_exti.c 0x00000000   Number         0  stm32g4xx_hal_exti.o ABSOLUTE
    ..\Drivers\STM32G4xx_HAL_Driver\Src\stm32g4xx_hal_flash.c 0x00000000   Number         0  stm32g4xx_hal_flash.o ABSOLUTE
    ..\Drivers\STM32G4xx_HAL_Driver\Src\stm32g4xx_hal_flash_ex.c 0x00000000   Number         0  stm32g4xx_hal_flash_ex.o ABSOLUTE
    ..\Drivers\STM32G4xx_HAL_Driver\Src\stm32g4xx_hal_flash_ramfunc.c 0x00000000   Number         0  stm32g4xx_hal_flash_ramfunc.o ABSOLUTE
    ..\Drivers\STM32G4xx_HAL_Driver\Src\stm32g4xx_hal_gpio.c 0x00000000   Number         0  stm32g4xx_hal_gpio.o ABSOLUTE
    ..\Drivers\STM32G4xx_HAL_Driver\Src\stm32g4xx_hal_pwr.c 0x00000000   Number         0  stm32g4xx_hal_pwr.o ABSOLUTE
    ..\Drivers\STM32G4xx_HAL_Driver\Src\stm32g4xx_hal_pwr_ex.c 0x00000000   Number         0  stm32g4xx_hal_pwr_ex.o ABSOLUTE
    ..\Drivers\STM32G4xx_HAL_Driver\Src\stm32g4xx_hal_rcc.c 0x00000000   Number         0  stm32g4xx_hal_rcc.o ABSOLUTE
    ..\Drivers\STM32G4xx_HAL_Driver\Src\stm32g4xx_hal_rcc_ex.c 0x00000000   Number         0  stm32g4xx_hal_rcc_ex.o ABSOLUTE
    ..\Drivers\STM32G4xx_HAL_Driver\Src\stm32g4xx_hal_uart.c 0x00000000   Number         0  stm32g4xx_hal_uart.o ABSOLUTE
    ..\Drivers\STM32G4xx_HAL_Driver\Src\stm32g4xx_hal_uart_ex.c 0x00000000   Number         0  stm32g4xx_hal_uart_ex.o ABSOLUTE
    ..\\App\\adc_app.c                       0x00000000   Number         0  adc_app.o ABSOLUTE
    ..\\App\\key_app.c                       0x00000000   Number         0  key_app.o ABSOLUTE
    ..\\App\\lcd.c                           0x00000000   Number         0  lcd.o ABSOLUTE
    ..\\App\\lcd_app.c                       0x00000000   Number         0  lcd_app.o ABSOLUTE
    ..\\App\\led_app.c                       0x00000000   Number         0  led_app.o ABSOLUTE
    ..\\App\\scheduler.c                     0x00000000   Number         0  scheduler.o ABSOLUTE
    ..\\App\\uart_app.c                      0x00000000   Number         0  uart_app.o ABSOLUTE
    cdrcmple.s                               0x00000000   Number         0  cdrcmple.o ABSOLUTE
    dc.s                                     0x00000000   Number         0  dc.o ABSOLUTE
    handlers.s                               0x00000000   Number         0  handlers.o ABSOLUTE
    init.s                                   0x00000000   Number         0  init.o ABSOLUTE
    startup_stm32g431xx.s                    0x00000000   Number         0  startup_stm32g431xx.o ABSOLUTE
    RESET                                    0x08000000   Section      472  startup_stm32g431xx.o(RESET)
    .ARM.Collect$$$$00000000                 0x080001d8   Section        0  entry.o(.ARM.Collect$$$$00000000)
    .ARM.Collect$$$$00000001                 0x080001d8   Section        4  entry2.o(.ARM.Collect$$$$00000001)
    .ARM.Collect$$$$00000004                 0x080001dc   Section        4  entry5.o(.ARM.Collect$$$$00000004)
    .ARM.Collect$$$$00000008                 0x080001e0   Section        0  entry7b.o(.ARM.Collect$$$$00000008)
    .ARM.Collect$$$$0000000A                 0x080001e0   Section        0  entry8b.o(.ARM.Collect$$$$0000000A)
    .ARM.Collect$$$$0000000B                 0x080001e0   Section        8  entry9a.o(.ARM.Collect$$$$0000000B)
    .ARM.Collect$$$$0000000E                 0x080001e8   Section        4  entry12b.o(.ARM.Collect$$$$0000000E)
    .ARM.Collect$$$$0000000F                 0x080001ec   Section        0  entry10a.o(.ARM.Collect$$$$0000000F)
    .ARM.Collect$$$$00000011                 0x080001ec   Section        0  entry11a.o(.ARM.Collect$$$$00000011)
    .ARM.Collect$$$$00002712                 0x080001ec   Section        4  entry2.o(.ARM.Collect$$$$00002712)
    __lit__00000000                          0x080001ec   Data           4  entry2.o(.ARM.Collect$$$$00002712)
    .text                                    0x080001f0   Section       36  startup_stm32g431xx.o(.text)
    $v0                                      0x080001f0   Number         0  startup_stm32g431xx.o(.text)
    .text                                    0x08000214   Section        0  uldiv.o(.text)
    .text                                    0x08000276   Section        0  memseta.o(.text)
    .text                                    0x0800029a   Section        0  f2d.o(.text)
    .text                                    0x080002c0   Section        0  uidiv.o(.text)
    .text                                    0x080002ec   Section        0  llshl.o(.text)
    .text                                    0x0800030a   Section        0  llushr.o(.text)
    .text                                    0x0800032a   Section        0  iusefp.o(.text)
    .text                                    0x0800032a   Section        0  dadd.o(.text)
    .text                                    0x08000478   Section        0  dmul.o(.text)
    .text                                    0x0800055c   Section        0  ddiv.o(.text)
    .text                                    0x0800063a   Section        0  dfixul.o(.text)
    .text                                    0x0800066c   Section       48  cdrcmple.o(.text)
    .text                                    0x0800069c   Section       36  init.o(.text)
    .text                                    0x080006c0   Section        0  llsshr.o(.text)
    .text                                    0x080006e4   Section        0  depilogue.o(.text)
    i.ADC_DMAConvCplt                        0x0800079e   Section        0  stm32g4xx_hal_adc.o(i.ADC_DMAConvCplt)
    i.ADC_DMAError                           0x08000830   Section        0  stm32g4xx_hal_adc.o(i.ADC_DMAError)
    i.ADC_DMAHalfConvCplt                    0x0800084e   Section        0  stm32g4xx_hal_adc.o(i.ADC_DMAHalfConvCplt)
    i.ADC_Enable                             0x0800085c   Section        0  stm32g4xx_hal_adc.o(i.ADC_Enable)
    i.BusFault_Handler                       0x080008e0   Section        0  stm32g4xx_it.o(i.BusFault_Handler)
    i.DMA1_Channel1_IRQHandler               0x080008e4   Section        0  stm32g4xx_it.o(i.DMA1_Channel1_IRQHandler)
    i.DMA1_Channel2_IRQHandler               0x080008f4   Section        0  stm32g4xx_it.o(i.DMA1_Channel2_IRQHandler)
    i.DMA1_Channel3_IRQHandler               0x08000904   Section        0  stm32g4xx_it.o(i.DMA1_Channel3_IRQHandler)
    i.DMA_CalcDMAMUXChannelBaseAndMask       0x08000914   Section        0  stm32g4xx_hal_dma.o(i.DMA_CalcDMAMUXChannelBaseAndMask)
    DMA_CalcDMAMUXChannelBaseAndMask         0x08000915   Thumb Code    58  stm32g4xx_hal_dma.o(i.DMA_CalcDMAMUXChannelBaseAndMask)
    i.DMA_CalcDMAMUXRequestGenBaseAndMask    0x08000958   Section        0  stm32g4xx_hal_dma.o(i.DMA_CalcDMAMUXRequestGenBaseAndMask)
    DMA_CalcDMAMUXRequestGenBaseAndMask      0x08000959   Thumb Code    32  stm32g4xx_hal_dma.o(i.DMA_CalcDMAMUXRequestGenBaseAndMask)
    i.DMA_SetConfig                          0x0800097c   Section        0  stm32g4xx_hal_dma.o(i.DMA_SetConfig)
    DMA_SetConfig                            0x0800097d   Thumb Code    64  stm32g4xx_hal_dma.o(i.DMA_SetConfig)
    i.DebugMon_Handler                       0x080009bc   Section        0  stm32g4xx_it.o(i.DebugMon_Handler)
    i.Delay_LCD                              0x080009be   Section        0  lcd.o(i.Delay_LCD)
    i.Error_Handler                          0x080009dc   Section        0  main.o(i.Error_Handler)
    i.HAL_ADCEx_MultiModeConfigChannel       0x080009e4   Section        0  stm32g4xx_hal_adc_ex.o(i.HAL_ADCEx_MultiModeConfigChannel)
    i.HAL_ADC_ConfigChannel                  0x08000af0   Section        0  stm32g4xx_hal_adc.o(i.HAL_ADC_ConfigChannel)
    i.HAL_ADC_ConvCpltCallback               0x08000ff8   Section        0  stm32g4xx_hal_adc.o(i.HAL_ADC_ConvCpltCallback)
    i.HAL_ADC_ConvHalfCpltCallback           0x08000ffa   Section        0  stm32g4xx_hal_adc.o(i.HAL_ADC_ConvHalfCpltCallback)
    i.HAL_ADC_ErrorCallback                  0x08000ffc   Section        0  stm32g4xx_hal_adc.o(i.HAL_ADC_ErrorCallback)
    i.HAL_ADC_Init                           0x08001000   Section        0  stm32g4xx_hal_adc.o(i.HAL_ADC_Init)
    i.HAL_ADC_MspInit                        0x08001268   Section        0  adc.o(i.HAL_ADC_MspInit)
    i.HAL_ADC_Start_DMA                      0x0800140c   Section        0  stm32g4xx_hal_adc.o(i.HAL_ADC_Start_DMA)
    i.HAL_DMA_Abort                          0x08001520   Section        0  stm32g4xx_hal_dma.o(i.HAL_DMA_Abort)
    i.HAL_DMA_Abort_IT                       0x08001596   Section        0  stm32g4xx_hal_dma.o(i.HAL_DMA_Abort_IT)
    i.HAL_DMA_IRQHandler                     0x0800162a   Section        0  stm32g4xx_hal_dma.o(i.HAL_DMA_IRQHandler)
    i.HAL_DMA_Init                           0x08001728   Section        0  stm32g4xx_hal_dma.o(i.HAL_DMA_Init)
    i.HAL_DMA_Start_IT                       0x080017f8   Section        0  stm32g4xx_hal_dma.o(i.HAL_DMA_Start_IT)
    i.HAL_Delay                              0x080018bc   Section        0  stm32g4xx_hal.o(i.HAL_Delay)
    i.HAL_GPIO_Init                          0x080018e4   Section        0  stm32g4xx_hal_gpio.o(i.HAL_GPIO_Init)
    i.HAL_GPIO_ReadPin                       0x08001abc   Section        0  stm32g4xx_hal_gpio.o(i.HAL_GPIO_ReadPin)
    i.HAL_GPIO_WritePin                      0x08001acc   Section        0  stm32g4xx_hal_gpio.o(i.HAL_GPIO_WritePin)
    i.HAL_GetTick                            0x08001ad8   Section        0  stm32g4xx_hal.o(i.HAL_GetTick)
    i.HAL_IncTick                            0x08001ae4   Section        0  stm32g4xx_hal.o(i.HAL_IncTick)
    i.HAL_Init                               0x08001afc   Section        0  stm32g4xx_hal.o(i.HAL_Init)
    i.HAL_InitTick                           0x08001b1c   Section        0  stm32g4xx_hal.o(i.HAL_InitTick)
    i.HAL_MspInit                            0x08001b74   Section        0  stm32g4xx_hal_msp.o(i.HAL_MspInit)
    i.HAL_NVIC_EnableIRQ                     0x08001bb8   Section        0  stm32g4xx_hal_cortex.o(i.HAL_NVIC_EnableIRQ)
    i.HAL_NVIC_SetPriority                   0x08001be0   Section        0  stm32g4xx_hal_cortex.o(i.HAL_NVIC_SetPriority)
    i.HAL_NVIC_SetPriorityGrouping           0x08001c5c   Section        0  stm32g4xx_hal_cortex.o(i.HAL_NVIC_SetPriorityGrouping)
    i.HAL_PWREx_ControlVoltageScaling        0x08001c84   Section        0  stm32g4xx_hal_pwr_ex.o(i.HAL_PWREx_ControlVoltageScaling)
    i.HAL_PWREx_DisableUCPDDeadBattery       0x08001d9c   Section        0  stm32g4xx_hal_pwr_ex.o(i.HAL_PWREx_DisableUCPDDeadBattery)
    i.HAL_RCCEx_PeriphCLKConfig              0x08001db0   Section        0  stm32g4xx_hal_rcc_ex.o(i.HAL_RCCEx_PeriphCLKConfig)
    i.HAL_RCC_ClockConfig                    0x08002120   Section        0  stm32g4xx_hal_rcc.o(i.HAL_RCC_ClockConfig)
    i.HAL_RCC_GetHCLKFreq                    0x08002344   Section        0  stm32g4xx_hal_rcc.o(i.HAL_RCC_GetHCLKFreq)
    i.HAL_RCC_GetPCLK1Freq                   0x08002350   Section        0  stm32g4xx_hal_rcc.o(i.HAL_RCC_GetPCLK1Freq)
    i.HAL_RCC_GetPCLK2Freq                   0x08002374   Section        0  stm32g4xx_hal_rcc.o(i.HAL_RCC_GetPCLK2Freq)
    i.HAL_RCC_GetSysClockFreq                0x08002398   Section        0  stm32g4xx_hal_rcc.o(i.HAL_RCC_GetSysClockFreq)
    i.HAL_RCC_OscConfig                      0x08002430   Section        0  stm32g4xx_hal_rcc.o(i.HAL_RCC_OscConfig)
    i.HAL_SYSTICK_Config                     0x08002998   Section        0  stm32g4xx_hal_cortex.o(i.HAL_SYSTICK_Config)
    i.HAL_UARTEx_DisableFifoMode             0x080029cc   Section        0  stm32g4xx_hal_uart_ex.o(i.HAL_UARTEx_DisableFifoMode)
    i.HAL_UARTEx_ReceiveToIdle_DMA           0x08002a1a   Section        0  stm32g4xx_hal_uart_ex.o(i.HAL_UARTEx_ReceiveToIdle_DMA)
    i.HAL_UARTEx_RxEventCallback             0x08002a80   Section        0  uart_app.o(i.HAL_UARTEx_RxEventCallback)
    i.HAL_UARTEx_RxFifoFullCallback          0x08002ad0   Section        0  stm32g4xx_hal_uart_ex.o(i.HAL_UARTEx_RxFifoFullCallback)
    i.HAL_UARTEx_SetRxFifoThreshold          0x08002ad2   Section        0  stm32g4xx_hal_uart_ex.o(i.HAL_UARTEx_SetRxFifoThreshold)
    i.HAL_UARTEx_SetTxFifoThreshold          0x08002b30   Section        0  stm32g4xx_hal_uart_ex.o(i.HAL_UARTEx_SetTxFifoThreshold)
    i.HAL_UARTEx_TxFifoEmptyCallback         0x08002b8e   Section        0  stm32g4xx_hal_uart_ex.o(i.HAL_UARTEx_TxFifoEmptyCallback)
    i.HAL_UARTEx_WakeupCallback              0x08002b90   Section        0  stm32g4xx_hal_uart_ex.o(i.HAL_UARTEx_WakeupCallback)
    i.HAL_UART_ErrorCallback                 0x08002b92   Section        0  stm32g4xx_hal_uart.o(i.HAL_UART_ErrorCallback)
    i.HAL_UART_IRQHandler                    0x08002b94   Section        0  stm32g4xx_hal_uart.o(i.HAL_UART_IRQHandler)
    i.HAL_UART_Init                          0x08002e9c   Section        0  stm32g4xx_hal_uart.o(i.HAL_UART_Init)
    i.HAL_UART_MspInit                       0x08002f14   Section        0  usart.o(i.HAL_UART_MspInit)
    i.HAL_UART_RxCpltCallback                0x08002ff8   Section        0  stm32g4xx_hal_uart.o(i.HAL_UART_RxCpltCallback)
    i.HAL_UART_RxHalfCpltCallback            0x08002ffa   Section        0  stm32g4xx_hal_uart.o(i.HAL_UART_RxHalfCpltCallback)
    i.HAL_UART_Transmit                      0x08002ffc   Section        0  stm32g4xx_hal_uart.o(i.HAL_UART_Transmit)
    i.HAL_UART_TxCpltCallback                0x080030d2   Section        0  stm32g4xx_hal_uart.o(i.HAL_UART_TxCpltCallback)
    i.HardFault_Handler                      0x080030d4   Section        0  stm32g4xx_it.o(i.HardFault_Handler)
    i.LCD_BusIn                              0x080030d8   Section        0  lcd.o(i.LCD_BusIn)
    i.LCD_BusOut                             0x08003108   Section        0  lcd.o(i.LCD_BusOut)
    i.LCD_Clear                              0x08003138   Section        0  lcd.o(i.LCD_Clear)
    i.LCD_CtrlLinesConfig                    0x08003160   Section        0  lcd.o(i.LCD_CtrlLinesConfig)
    i.LCD_DisplayChar                        0x08003224   Section        0  lcd.o(i.LCD_DisplayChar)
    i.LCD_DisplayStringLine                  0x0800324c   Section        0  lcd.o(i.LCD_DisplayStringLine)
    i.LCD_DrawChar                           0x08003278   Section        0  lcd.o(i.LCD_DrawChar)
    i.LCD_Init                               0x080032e4   Section        0  lcd.o(i.LCD_Init)
    i.LCD_ReadReg                            0x0800331c   Section        0  lcd.o(i.LCD_ReadReg)
    i.LCD_SetBackColor                       0x080033c8   Section        0  lcd.o(i.LCD_SetBackColor)
    i.LCD_SetCursor                          0x080033d8   Section        0  lcd.o(i.LCD_SetCursor)
    i.LCD_SetTextColor                       0x080033f0   Section        0  lcd.o(i.LCD_SetTextColor)
    i.LCD_WriteRAM                           0x08003400   Section        0  lcd.o(i.LCD_WriteRAM)
    i.LCD_WriteRAM_Prepare                   0x08003478   Section        0  lcd.o(i.LCD_WriteRAM_Prepare)
    i.LCD_WriteReg                           0x080034f0   Section        0  lcd.o(i.LCD_WriteReg)
    i.LL_ADC_Enable                          0x08003580   Section        0  stm32g4xx_hal_adc.o(i.LL_ADC_Enable)
    LL_ADC_Enable                            0x08003581   Thumb Code    12  stm32g4xx_hal_adc.o(i.LL_ADC_Enable)
    i.LL_ADC_GetMultimode                    0x08003590   Section        0  stm32g4xx_hal_adc.o(i.LL_ADC_GetMultimode)
    LL_ADC_GetMultimode                      0x08003591   Thumb Code    10  stm32g4xx_hal_adc.o(i.LL_ADC_GetMultimode)
    i.LL_ADC_GetOffsetChannel                0x0800359a   Section        0  stm32g4xx_hal_adc.o(i.LL_ADC_GetOffsetChannel)
    LL_ADC_GetOffsetChannel                  0x0800359b   Thumb Code    18  stm32g4xx_hal_adc.o(i.LL_ADC_GetOffsetChannel)
    i.LL_ADC_INJ_IsConversionOngoing         0x080035ac   Section        0  stm32g4xx_hal_adc.o(i.LL_ADC_INJ_IsConversionOngoing)
    LL_ADC_INJ_IsConversionOngoing           0x080035ad   Thumb Code    10  stm32g4xx_hal_adc.o(i.LL_ADC_INJ_IsConversionOngoing)
    i.LL_ADC_IsEnabled                       0x080035b6   Section        0  stm32g4xx_hal_adc.o(i.LL_ADC_IsEnabled)
    LL_ADC_IsEnabled                         0x080035b7   Thumb Code    10  stm32g4xx_hal_adc.o(i.LL_ADC_IsEnabled)
    i.LL_ADC_IsEnabled                       0x080035c0   Section        0  stm32g4xx_hal_adc_ex.o(i.LL_ADC_IsEnabled)
    LL_ADC_IsEnabled                         0x080035c1   Thumb Code    10  stm32g4xx_hal_adc_ex.o(i.LL_ADC_IsEnabled)
    i.LL_ADC_IsInternalRegulatorEnabled      0x080035ca   Section        0  stm32g4xx_hal_adc.o(i.LL_ADC_IsInternalRegulatorEnabled)
    LL_ADC_IsInternalRegulatorEnabled        0x080035cb   Thumb Code    10  stm32g4xx_hal_adc.o(i.LL_ADC_IsInternalRegulatorEnabled)
    i.LL_ADC_REG_IsConversionOngoing         0x080035d4   Section        0  stm32g4xx_hal_adc.o(i.LL_ADC_REG_IsConversionOngoing)
    LL_ADC_REG_IsConversionOngoing           0x080035d5   Thumb Code    10  stm32g4xx_hal_adc.o(i.LL_ADC_REG_IsConversionOngoing)
    i.LL_ADC_REG_IsConversionOngoing         0x080035de   Section        0  stm32g4xx_hal_adc_ex.o(i.LL_ADC_REG_IsConversionOngoing)
    LL_ADC_REG_IsConversionOngoing           0x080035df   Thumb Code    10  stm32g4xx_hal_adc_ex.o(i.LL_ADC_REG_IsConversionOngoing)
    i.LL_ADC_REG_IsTriggerSourceSWStart      0x080035e8   Section        0  stm32g4xx_hal_adc.o(i.LL_ADC_REG_IsTriggerSourceSWStart)
    LL_ADC_REG_IsTriggerSourceSWStart        0x080035e9   Thumb Code    18  stm32g4xx_hal_adc.o(i.LL_ADC_REG_IsTriggerSourceSWStart)
    i.LL_ADC_REG_StartConversion             0x080035fc   Section        0  stm32g4xx_hal_adc.o(i.LL_ADC_REG_StartConversion)
    LL_ADC_REG_StartConversion               0x080035fd   Thumb Code    12  stm32g4xx_hal_adc.o(i.LL_ADC_REG_StartConversion)
    i.LL_ADC_SetChannelSamplingTime          0x0800360c   Section        0  stm32g4xx_hal_adc.o(i.LL_ADC_SetChannelSamplingTime)
    LL_ADC_SetChannelSamplingTime            0x0800360d   Thumb Code    40  stm32g4xx_hal_adc.o(i.LL_ADC_SetChannelSamplingTime)
    i.LL_ADC_SetCommonPathInternalCh         0x08003634   Section        0  stm32g4xx_hal_adc.o(i.LL_ADC_SetCommonPathInternalCh)
    LL_ADC_SetCommonPathInternalCh           0x08003635   Thumb Code    12  stm32g4xx_hal_adc.o(i.LL_ADC_SetCommonPathInternalCh)
    i.LL_ADC_SetOffsetState                  0x08003640   Section        0  stm32g4xx_hal_adc.o(i.LL_ADC_SetOffsetState)
    LL_ADC_SetOffsetState                    0x08003641   Thumb Code    22  stm32g4xx_hal_adc.o(i.LL_ADC_SetOffsetState)
    i.LL_ADC_SetSamplingTimeCommonConfig     0x08003656   Section        0  stm32g4xx_hal_adc.o(i.LL_ADC_SetSamplingTimeCommonConfig)
    LL_ADC_SetSamplingTimeCommonConfig       0x08003657   Thumb Code    12  stm32g4xx_hal_adc.o(i.LL_ADC_SetSamplingTimeCommonConfig)
    i.MX_ADC1_Init                           0x08003664   Section        0  adc.o(i.MX_ADC1_Init)
    i.MX_ADC2_Init                           0x08003708   Section        0  adc.o(i.MX_ADC2_Init)
    i.MX_DMA_Init                            0x08003794   Section        0  dma.o(i.MX_DMA_Init)
    i.MX_GPIO_Init                           0x08003804   Section        0  gpio.o(i.MX_GPIO_Init)
    i.MX_USART1_UART_Init                    0x0800396c   Section        0  usart.o(i.MX_USART1_UART_Init)
    i.MemManage_Handler                      0x080039f8   Section        0  stm32g4xx_it.o(i.MemManage_Handler)
    i.NMI_Handler                            0x080039fc   Section        0  stm32g4xx_it.o(i.NMI_Handler)
    i.PendSV_Handler                         0x08003a00   Section        0  stm32g4xx_it.o(i.PendSV_Handler)
    i.RCC_GetSysClockFreqFromPLLSource       0x08003a04   Section        0  stm32g4xx_hal_rcc.o(i.RCC_GetSysClockFreqFromPLLSource)
    RCC_GetSysClockFreqFromPLLSource         0x08003a05   Thumb Code    90  stm32g4xx_hal_rcc.o(i.RCC_GetSysClockFreqFromPLLSource)
    i.REG_8230_Init                          0x08003a6c   Section        0  lcd.o(i.REG_8230_Init)
    i.REG_932X_Init                          0x08003b8c   Section        0  lcd.o(i.REG_932X_Init)
    i.SVC_Handler                            0x08003d8c   Section        0  stm32g4xx_it.o(i.SVC_Handler)
    i.SysTick_Handler                        0x08003d8e   Section        0  stm32g4xx_it.o(i.SysTick_Handler)
    i.SystemClock_Config                     0x08003d96   Section        0  main.o(i.SystemClock_Config)
    i.SystemInit                             0x08003e00   Section        0  system_stm32g4xx.o(i.SystemInit)
    i.UARTEx_SetNbDataToProcess              0x08003e14   Section        0  stm32g4xx_hal_uart_ex.o(i.UARTEx_SetNbDataToProcess)
    UARTEx_SetNbDataToProcess                0x08003e15   Thumb Code    78  stm32g4xx_hal_uart_ex.o(i.UARTEx_SetNbDataToProcess)
    i.UART_AdvFeatureConfig                  0x08003e6c   Section        0  stm32g4xx_hal_uart.o(i.UART_AdvFeatureConfig)
    i.UART_CheckIdleState                    0x08003f64   Section        0  stm32g4xx_hal_uart.o(i.UART_CheckIdleState)
    i.UART_DMAAbortOnError                   0x08003fda   Section        0  stm32g4xx_hal_uart.o(i.UART_DMAAbortOnError)
    UART_DMAAbortOnError                     0x08003fdb   Thumb Code    24  stm32g4xx_hal_uart.o(i.UART_DMAAbortOnError)
    i.UART_DMAError                          0x08003ff2   Section        0  stm32g4xx_hal_uart.o(i.UART_DMAError)
    UART_DMAError                            0x08003ff3   Thumb Code    94  stm32g4xx_hal_uart.o(i.UART_DMAError)
    i.UART_DMAReceiveCplt                    0x08004050   Section        0  stm32g4xx_hal_uart.o(i.UART_DMAReceiveCplt)
    UART_DMAReceiveCplt                      0x08004051   Thumb Code   108  stm32g4xx_hal_uart.o(i.UART_DMAReceiveCplt)
    i.UART_DMARxHalfCplt                     0x080040bc   Section        0  stm32g4xx_hal_uart.o(i.UART_DMARxHalfCplt)
    UART_DMARxHalfCplt                       0x080040bd   Thumb Code    34  stm32g4xx_hal_uart.o(i.UART_DMARxHalfCplt)
    i.UART_EndRxTransfer                     0x080040e0   Section        0  stm32g4xx_hal_uart.o(i.UART_EndRxTransfer)
    UART_EndRxTransfer                       0x080040e1   Thumb Code    56  stm32g4xx_hal_uart.o(i.UART_EndRxTransfer)
    i.UART_EndTransmit_IT                    0x0800411c   Section        0  stm32g4xx_hal_uart.o(i.UART_EndTransmit_IT)
    UART_EndTransmit_IT                      0x0800411d   Thumb Code    34  stm32g4xx_hal_uart.o(i.UART_EndTransmit_IT)
    i.UART_EndTxTransfer                     0x0800413e   Section        0  stm32g4xx_hal_uart.o(i.UART_EndTxTransfer)
    UART_EndTxTransfer                       0x0800413f   Thumb Code    32  stm32g4xx_hal_uart.o(i.UART_EndTxTransfer)
    i.UART_SetConfig                         0x08004160   Section        0  stm32g4xx_hal_uart.o(i.UART_SetConfig)
    i.UART_Start_Receive_DMA                 0x080044ec   Section        0  stm32g4xx_hal_uart.o(i.UART_Start_Receive_DMA)
    i.UART_WaitOnFlagUntilTimeout            0x0800458c   Section        0  stm32g4xx_hal_uart.o(i.UART_WaitOnFlagUntilTimeout)
    i.USART1_IRQHandler                      0x0800464c   Section        0  stm32g4xx_it.o(i.USART1_IRQHandler)
    i.UsageFault_Handler                     0x0800467c   Section        0  stm32g4xx_it.o(i.UsageFault_Handler)
    i.__0printf                              0x08004680   Section        0  printfa.o(i.__0printf)
    i.__0vsprintf                            0x080046a0   Section        0  printfa.o(i.__0vsprintf)
    i.__NVIC_GetPriorityGrouping             0x080046c4   Section        0  stm32g4xx_hal_cortex.o(i.__NVIC_GetPriorityGrouping)
    __NVIC_GetPriorityGrouping               0x080046c5   Thumb Code    10  stm32g4xx_hal_cortex.o(i.__NVIC_GetPriorityGrouping)
    i.__NVIC_SetPriority                     0x080046d4   Section        0  stm32g4xx_hal_cortex.o(i.__NVIC_SetPriority)
    __NVIC_SetPriority                       0x080046d5   Thumb Code    32  stm32g4xx_hal_cortex.o(i.__NVIC_SetPriority)
    i.__scatterload_copy                     0x080046fc   Section       14  handlers.o(i.__scatterload_copy)
    i.__scatterload_null                     0x0800470a   Section        2  handlers.o(i.__scatterload_null)
    i.__scatterload_zeroinit                 0x0800470c   Section       14  handlers.o(i.__scatterload_zeroinit)
    i._fp_digits                             0x0800471c   Section        0  printfa.o(i._fp_digits)
    _fp_digits                               0x0800471d   Thumb Code   366  printfa.o(i._fp_digits)
    i._printf_core                           0x080048a0   Section        0  printfa.o(i._printf_core)
    _printf_core                             0x080048a1   Thumb Code  1704  printfa.o(i._printf_core)
    i._printf_post_padding                   0x08004f54   Section        0  printfa.o(i._printf_post_padding)
    _printf_post_padding                     0x08004f55   Thumb Code    36  printfa.o(i._printf_post_padding)
    i._printf_pre_padding                    0x08004f78   Section        0  printfa.o(i._printf_pre_padding)
    _printf_pre_padding                      0x08004f79   Thumb Code    46  printfa.o(i._printf_pre_padding)
    i._sputc                                 0x08004fa6   Section        0  printfa.o(i._sputc)
    _sputc                                   0x08004fa7   Thumb Code    10  printfa.o(i._sputc)
    i.adc_task                               0x08004fb0   Section        0  adc_app.o(i.adc_task)
    i.fputc                                  0x0800504c   Section        0  usart.o(i.fputc)
    i.key_read                               0x08005064   Section        0  key_app.o(i.key_read)
    i.key_task                               0x080050a8   Section        0  key_app.o(i.key_task)
    i.lcd_sprintf                            0x08005148   Section        0  lcd_app.o(i.lcd_sprintf)
    i.lcd_task                               0x08005174   Section        0  lcd_app.o(i.lcd_task)
    i.led_disp                               0x08005210   Section        0  led_app.o(i.led_disp)
    i.led_task                               0x08005270   Section        0  led_app.o(i.led_task)
    i.main                                   0x08005284   Section        0  main.o(i.main)
    i.scheduler_init                         0x080052ac   Section        0  scheduler.o(i.scheduler_init)
    i.scheduler_run                          0x080052f4   Section        0  scheduler.o(i.scheduler_run)
    i.uart_task                              0x0800534c   Section        0  uart_app.o(i.uart_task)
    .constdata                               0x080053a0   Section       24  stm32g4xx_hal_uart.o(.constdata)
    .constdata                               0x080053b8   Section       16  stm32g4xx_hal_uart_ex.o(.constdata)
    numerator                                0x080053b8   Data           8  stm32g4xx_hal_uart_ex.o(.constdata)
    denominator                              0x080053c0   Data           8  stm32g4xx_hal_uart_ex.o(.constdata)
    .constdata                               0x080053c8   Section       24  system_stm32g4xx.o(.constdata)
    .constdata                               0x080053e0   Section     4560  lcd.o(.constdata)
    .data                                    0x20000000   Section        4  adc.o(.data)
    HAL_RCC_ADC12_CLK_ENABLED                0x20000000   Data           4  adc.o(.data)
    .data                                    0x20000004   Section       12  stm32g4xx_hal.o(.data)
    .data                                    0x20000010   Section        4  system_stm32g4xx.o(.data)
    .data                                    0x20000014   Section        4  key_app.o(.data)
    .data                                    0x20000018   Section        6  lcd.o(.data)
    TextColor                                0x20000018   Data           2  lcd.o(.data)
    BackColor                                0x2000001a   Data           2  lcd.o(.data)
    .data                                    0x2000001e   Section        8  led_app.o(.data)
    .data                                    0x20000028   Section       61  scheduler.o(.data)
    .data                                    0x20000065   Section        1  uart_app.o(.data)
    .data                                    0x20000068   Section        8  adc_app.o(.data)
    .data                                    0x20000070   Section        4  stdout.o(.data)
    .bss                                     0x20000074   Section      408  adc.o(.bss)
    .bss                                     0x2000020c   Section      496  usart.o(.bss)
    .bss                                     0x200003fc   Section      240  adc_app.o(.bss)
    STACK                                    0x200004f0   Section     1024  startup_stm32g431xx.o(STACK)

    Global Symbols

    Symbol Name                              Value     Ov Type        Size  Object(Section)

    BuildAttributes$$THM_ISAv4$E$P$D$K$B$S$7EM$VFPi3$EXTD16$VFPS$VFMA$PE$A:L22UL41UL21$X:L11$S22US41US21$IEEE1$IW$USESV6$~STKCKD$USESV7$~SHL$OSPACE$ROPI$EBA8$MICROLIB$REQ8$PRES8$EABIv2 0x00000000   Number         0  anon$$obj.o ABSOLUTE
    __ARM_use_no_argv                        0x00000000   Number         0  main.o ABSOLUTE
    _printf_a                                0x00000000   Number         0  stubs.o ABSOLUTE
    _printf_c                                0x00000000   Number         0  stubs.o ABSOLUTE
    _printf_charcount                        0x00000000   Number         0  stubs.o ABSOLUTE
    _printf_d                                0x00000000   Number         0  stubs.o ABSOLUTE
    _printf_e                                0x00000000   Number         0  stubs.o ABSOLUTE
    _printf_f                                0x00000000   Number         0  stubs.o ABSOLUTE
    _printf_flags                            0x00000000   Number         0  stubs.o ABSOLUTE
    _printf_fp_dec                           0x00000000   Number         0  stubs.o ABSOLUTE
    _printf_fp_hex                           0x00000000   Number         0  stubs.o ABSOLUTE
    _printf_g                                0x00000000   Number         0  stubs.o ABSOLUTE
    _printf_i                                0x00000000   Number         0  stubs.o ABSOLUTE
    _printf_int_dec                          0x00000000   Number         0  stubs.o ABSOLUTE
    _printf_l                                0x00000000   Number         0  stubs.o ABSOLUTE
    _printf_lc                               0x00000000   Number         0  stubs.o ABSOLUTE
    _printf_ll                               0x00000000   Number         0  stubs.o ABSOLUTE
    _printf_lld                              0x00000000   Number         0  stubs.o ABSOLUTE
    _printf_lli                              0x00000000   Number         0  stubs.o ABSOLUTE
    _printf_llo                              0x00000000   Number         0  stubs.o ABSOLUTE
    _printf_llu                              0x00000000   Number         0  stubs.o ABSOLUTE
    _printf_llx                              0x00000000   Number         0  stubs.o ABSOLUTE
    _printf_longlong_dec                     0x00000000   Number         0  stubs.o ABSOLUTE
    _printf_longlong_hex                     0x00000000   Number         0  stubs.o ABSOLUTE
    _printf_longlong_oct                     0x00000000   Number         0  stubs.o ABSOLUTE
    _printf_ls                               0x00000000   Number         0  stubs.o ABSOLUTE
    _printf_mbtowc                           0x00000000   Number         0  stubs.o ABSOLUTE
    _printf_n                                0x00000000   Number         0  stubs.o ABSOLUTE
    _printf_o                                0x00000000   Number         0  stubs.o ABSOLUTE
    _printf_p                                0x00000000   Number         0  stubs.o ABSOLUTE
    _printf_percent                          0x00000000   Number         0  stubs.o ABSOLUTE
    _printf_pre_padding                      0x00000000   Number         0  stubs.o ABSOLUTE
    _printf_return_value                     0x00000000   Number         0  stubs.o ABSOLUTE
    _printf_s                                0x00000000   Number         0  stubs.o ABSOLUTE
    _printf_sizespec                         0x00000000   Number         0  stubs.o ABSOLUTE
    _printf_str                              0x00000000   Number         0  stubs.o ABSOLUTE
    _printf_truncate_signed                  0x00000000   Number         0  stubs.o ABSOLUTE
    _printf_truncate_unsigned                0x00000000   Number         0  stubs.o ABSOLUTE
    _printf_u                                0x00000000   Number         0  stubs.o ABSOLUTE
    _printf_wc                               0x00000000   Number         0  stubs.o ABSOLUTE
    _printf_wctomb                           0x00000000   Number         0  stubs.o ABSOLUTE
    _printf_widthprec                        0x00000000   Number         0  stubs.o ABSOLUTE
    _printf_x                                0x00000000   Number         0  stubs.o ABSOLUTE
    __arm_fini_                               - Undefined Weak Reference
    __cpp_initialize__aeabi_                  - Undefined Weak Reference
    __cxa_finalize                            - Undefined Weak Reference
    __decompress                              - Undefined Weak Reference
    _clock_init                               - Undefined Weak Reference
    _microlib_exit                            - Undefined Weak Reference
    __Vectors_Size                           0x000001d8   Number         0  startup_stm32g431xx.o ABSOLUTE
    __Vectors                                0x08000000   Data           4  startup_stm32g431xx.o(RESET)
    __Vectors_End                            0x080001d8   Data           0  startup_stm32g431xx.o(RESET)
    __main                                   0x080001d9   Thumb Code     0  entry.o(.ARM.Collect$$$$00000000)
    _main_stk                                0x080001d9   Thumb Code     0  entry2.o(.ARM.Collect$$$$00000001)
    _main_scatterload                        0x080001dd   Thumb Code     0  entry5.o(.ARM.Collect$$$$00000004)
    __main_after_scatterload                 0x080001e1   Thumb Code     0  entry5.o(.ARM.Collect$$$$00000004)
    _main_clock                              0x080001e1   Thumb Code     0  entry7b.o(.ARM.Collect$$$$00000008)
    _main_cpp_init                           0x080001e1   Thumb Code     0  entry8b.o(.ARM.Collect$$$$0000000A)
    _main_init                               0x080001e1   Thumb Code     0  entry9a.o(.ARM.Collect$$$$0000000B)
    __rt_lib_shutdown_fini                   0x080001e9   Thumb Code     0  entry12b.o(.ARM.Collect$$$$0000000E)
    __rt_final_cpp                           0x080001ed   Thumb Code     0  entry10a.o(.ARM.Collect$$$$0000000F)
    __rt_final_exit                          0x080001ed   Thumb Code     0  entry11a.o(.ARM.Collect$$$$00000011)
    Reset_Handler                            0x080001f1   Thumb Code     8  startup_stm32g431xx.o(.text)
    ADC1_2_IRQHandler                        0x0800020b   Thumb Code     0  startup_stm32g431xx.o(.text)
    COMP1_2_3_IRQHandler                     0x0800020b   Thumb Code     0  startup_stm32g431xx.o(.text)
    COMP4_IRQHandler                         0x0800020b   Thumb Code     0  startup_stm32g431xx.o(.text)
    CORDIC_IRQHandler                        0x0800020b   Thumb Code     0  startup_stm32g431xx.o(.text)
    CRS_IRQHandler                           0x0800020b   Thumb Code     0  startup_stm32g431xx.o(.text)
    DMA1_Channel4_IRQHandler                 0x0800020b   Thumb Code     0  startup_stm32g431xx.o(.text)
    DMA1_Channel5_IRQHandler                 0x0800020b   Thumb Code     0  startup_stm32g431xx.o(.text)
    DMA1_Channel6_IRQHandler                 0x0800020b   Thumb Code     0  startup_stm32g431xx.o(.text)
    DMA2_Channel1_IRQHandler                 0x0800020b   Thumb Code     0  startup_stm32g431xx.o(.text)
    DMA2_Channel2_IRQHandler                 0x0800020b   Thumb Code     0  startup_stm32g431xx.o(.text)
    DMA2_Channel3_IRQHandler                 0x0800020b   Thumb Code     0  startup_stm32g431xx.o(.text)
    DMA2_Channel4_IRQHandler                 0x0800020b   Thumb Code     0  startup_stm32g431xx.o(.text)
    DMA2_Channel5_IRQHandler                 0x0800020b   Thumb Code     0  startup_stm32g431xx.o(.text)
    DMA2_Channel6_IRQHandler                 0x0800020b   Thumb Code     0  startup_stm32g431xx.o(.text)
    DMAMUX_OVR_IRQHandler                    0x0800020b   Thumb Code     0  startup_stm32g431xx.o(.text)
    EXTI0_IRQHandler                         0x0800020b   Thumb Code     0  startup_stm32g431xx.o(.text)
    EXTI15_10_IRQHandler                     0x0800020b   Thumb Code     0  startup_stm32g431xx.o(.text)
    EXTI1_IRQHandler                         0x0800020b   Thumb Code     0  startup_stm32g431xx.o(.text)
    EXTI2_IRQHandler                         0x0800020b   Thumb Code     0  startup_stm32g431xx.o(.text)
    EXTI3_IRQHandler                         0x0800020b   Thumb Code     0  startup_stm32g431xx.o(.text)
    EXTI4_IRQHandler                         0x0800020b   Thumb Code     0  startup_stm32g431xx.o(.text)
    EXTI9_5_IRQHandler                       0x0800020b   Thumb Code     0  startup_stm32g431xx.o(.text)
    FDCAN1_IT0_IRQHandler                    0x0800020b   Thumb Code     0  startup_stm32g431xx.o(.text)
    FDCAN1_IT1_IRQHandler                    0x0800020b   Thumb Code     0  startup_stm32g431xx.o(.text)
    FLASH_IRQHandler                         0x0800020b   Thumb Code     0  startup_stm32g431xx.o(.text)
    FMAC_IRQHandler                          0x0800020b   Thumb Code     0  startup_stm32g431xx.o(.text)
    FPU_IRQHandler                           0x0800020b   Thumb Code     0  startup_stm32g431xx.o(.text)
    I2C1_ER_IRQHandler                       0x0800020b   Thumb Code     0  startup_stm32g431xx.o(.text)
    I2C1_EV_IRQHandler                       0x0800020b   Thumb Code     0  startup_stm32g431xx.o(.text)
    I2C2_ER_IRQHandler                       0x0800020b   Thumb Code     0  startup_stm32g431xx.o(.text)
    I2C2_EV_IRQHandler                       0x0800020b   Thumb Code     0  startup_stm32g431xx.o(.text)
    I2C3_ER_IRQHandler                       0x0800020b   Thumb Code     0  startup_stm32g431xx.o(.text)
    I2C3_EV_IRQHandler                       0x0800020b   Thumb Code     0  startup_stm32g431xx.o(.text)
    LPTIM1_IRQHandler                        0x0800020b   Thumb Code     0  startup_stm32g431xx.o(.text)
    LPUART1_IRQHandler                       0x0800020b   Thumb Code     0  startup_stm32g431xx.o(.text)
    PVD_PVM_IRQHandler                       0x0800020b   Thumb Code     0  startup_stm32g431xx.o(.text)
    RCC_IRQHandler                           0x0800020b   Thumb Code     0  startup_stm32g431xx.o(.text)
    RNG_IRQHandler                           0x0800020b   Thumb Code     0  startup_stm32g431xx.o(.text)
    RTC_Alarm_IRQHandler                     0x0800020b   Thumb Code     0  startup_stm32g431xx.o(.text)
    RTC_TAMP_LSECSS_IRQHandler               0x0800020b   Thumb Code     0  startup_stm32g431xx.o(.text)
    RTC_WKUP_IRQHandler                      0x0800020b   Thumb Code     0  startup_stm32g431xx.o(.text)
    SAI1_IRQHandler                          0x0800020b   Thumb Code     0  startup_stm32g431xx.o(.text)
    SPI1_IRQHandler                          0x0800020b   Thumb Code     0  startup_stm32g431xx.o(.text)
    SPI2_IRQHandler                          0x0800020b   Thumb Code     0  startup_stm32g431xx.o(.text)
    SPI3_IRQHandler                          0x0800020b   Thumb Code     0  startup_stm32g431xx.o(.text)
    TIM1_BRK_TIM15_IRQHandler                0x0800020b   Thumb Code     0  startup_stm32g431xx.o(.text)
    TIM1_CC_IRQHandler                       0x0800020b   Thumb Code     0  startup_stm32g431xx.o(.text)
    TIM1_TRG_COM_TIM17_IRQHandler            0x0800020b   Thumb Code     0  startup_stm32g431xx.o(.text)
    TIM1_UP_TIM16_IRQHandler                 0x0800020b   Thumb Code     0  startup_stm32g431xx.o(.text)
    TIM2_IRQHandler                          0x0800020b   Thumb Code     0  startup_stm32g431xx.o(.text)
    TIM3_IRQHandler                          0x0800020b   Thumb Code     0  startup_stm32g431xx.o(.text)
    TIM4_IRQHandler                          0x0800020b   Thumb Code     0  startup_stm32g431xx.o(.text)
    TIM6_DAC_IRQHandler                      0x0800020b   Thumb Code     0  startup_stm32g431xx.o(.text)
    TIM7_IRQHandler                          0x0800020b   Thumb Code     0  startup_stm32g431xx.o(.text)
    TIM8_BRK_IRQHandler                      0x0800020b   Thumb Code     0  startup_stm32g431xx.o(.text)
    TIM8_CC_IRQHandler                       0x0800020b   Thumb Code     0  startup_stm32g431xx.o(.text)
    TIM8_TRG_COM_IRQHandler                  0x0800020b   Thumb Code     0  startup_stm32g431xx.o(.text)
    TIM8_UP_IRQHandler                       0x0800020b   Thumb Code     0  startup_stm32g431xx.o(.text)
    UART4_IRQHandler                         0x0800020b   Thumb Code     0  startup_stm32g431xx.o(.text)
    UCPD1_IRQHandler                         0x0800020b   Thumb Code     0  startup_stm32g431xx.o(.text)
    USART2_IRQHandler                        0x0800020b   Thumb Code     0  startup_stm32g431xx.o(.text)
    USART3_IRQHandler                        0x0800020b   Thumb Code     0  startup_stm32g431xx.o(.text)
    USBWakeUp_IRQHandler                     0x0800020b   Thumb Code     0  startup_stm32g431xx.o(.text)
    USB_HP_IRQHandler                        0x0800020b   Thumb Code     0  startup_stm32g431xx.o(.text)
    USB_LP_IRQHandler                        0x0800020b   Thumb Code     0  startup_stm32g431xx.o(.text)
    WWDG_IRQHandler                          0x0800020b   Thumb Code     0  startup_stm32g431xx.o(.text)
    __aeabi_uldivmod                         0x08000215   Thumb Code    98  uldiv.o(.text)
    __aeabi_memset                           0x08000277   Thumb Code    14  memseta.o(.text)
    __aeabi_memset4                          0x08000277   Thumb Code     0  memseta.o(.text)
    __aeabi_memset8                          0x08000277   Thumb Code     0  memseta.o(.text)
    __aeabi_memclr                           0x08000285   Thumb Code     4  memseta.o(.text)
    __aeabi_memclr4                          0x08000285   Thumb Code     0  memseta.o(.text)
    __aeabi_memclr8                          0x08000285   Thumb Code     0  memseta.o(.text)
    _memset$wrapper                          0x08000289   Thumb Code    18  memseta.o(.text)
    __aeabi_f2d                              0x0800029b   Thumb Code    38  f2d.o(.text)
    __aeabi_uidiv                            0x080002c1   Thumb Code     0  uidiv.o(.text)
    __aeabi_uidivmod                         0x080002c1   Thumb Code    44  uidiv.o(.text)
    __aeabi_llsl                             0x080002ed   Thumb Code    30  llshl.o(.text)
    _ll_shift_l                              0x080002ed   Thumb Code     0  llshl.o(.text)
    __aeabi_llsr                             0x0800030b   Thumb Code    32  llushr.o(.text)
    _ll_ushift_r                             0x0800030b   Thumb Code     0  llushr.o(.text)
    __I$use$fp                               0x0800032b   Thumb Code     0  iusefp.o(.text)
    __aeabi_dadd                             0x0800032b   Thumb Code   322  dadd.o(.text)
    __aeabi_dsub                             0x0800046d   Thumb Code     6  dadd.o(.text)
    __aeabi_drsub                            0x08000473   Thumb Code     6  dadd.o(.text)
    __aeabi_dmul                             0x08000479   Thumb Code   228  dmul.o(.text)
    __aeabi_ddiv                             0x0800055d   Thumb Code   222  ddiv.o(.text)
    __aeabi_d2ulz                            0x0800063b   Thumb Code    48  dfixul.o(.text)
    __aeabi_cdrcmple                         0x0800066d   Thumb Code    48  cdrcmple.o(.text)
    __scatterload                            0x0800069d   Thumb Code    28  init.o(.text)
    __scatterload_rt2                        0x0800069d   Thumb Code     0  init.o(.text)
    __aeabi_lasr                             0x080006c1   Thumb Code    36  llsshr.o(.text)
    _ll_sshift_r                             0x080006c1   Thumb Code     0  llsshr.o(.text)
    _double_round                            0x080006e5   Thumb Code    30  depilogue.o(.text)
    _double_epilogue                         0x08000703   Thumb Code   156  depilogue.o(.text)
    ADC_DMAConvCplt                          0x0800079f   Thumb Code   146  stm32g4xx_hal_adc.o(i.ADC_DMAConvCplt)
    ADC_DMAError                             0x08000831   Thumb Code    30  stm32g4xx_hal_adc.o(i.ADC_DMAError)
    ADC_DMAHalfConvCplt                      0x0800084f   Thumb Code    14  stm32g4xx_hal_adc.o(i.ADC_DMAHalfConvCplt)
    ADC_Enable                               0x0800085d   Thumb Code   128  stm32g4xx_hal_adc.o(i.ADC_Enable)
    BusFault_Handler                         0x080008e1   Thumb Code     4  stm32g4xx_it.o(i.BusFault_Handler)
    DMA1_Channel1_IRQHandler                 0x080008e5   Thumb Code    10  stm32g4xx_it.o(i.DMA1_Channel1_IRQHandler)
    DMA1_Channel2_IRQHandler                 0x080008f5   Thumb Code    10  stm32g4xx_it.o(i.DMA1_Channel2_IRQHandler)
    DMA1_Channel3_IRQHandler                 0x08000905   Thumb Code    10  stm32g4xx_it.o(i.DMA1_Channel3_IRQHandler)
    DebugMon_Handler                         0x080009bd   Thumb Code     2  stm32g4xx_it.o(i.DebugMon_Handler)
    Delay_LCD                                0x080009bf   Thumb Code    30  lcd.o(i.Delay_LCD)
    Error_Handler                            0x080009dd   Thumb Code     6  main.o(i.Error_Handler)
    HAL_ADCEx_MultiModeConfigChannel         0x080009e5   Thumb Code   260  stm32g4xx_hal_adc_ex.o(i.HAL_ADCEx_MultiModeConfigChannel)
    HAL_ADC_ConfigChannel                    0x08000af1   Thumb Code  1252  stm32g4xx_hal_adc.o(i.HAL_ADC_ConfigChannel)
    HAL_ADC_ConvCpltCallback                 0x08000ff9   Thumb Code     2  stm32g4xx_hal_adc.o(i.HAL_ADC_ConvCpltCallback)
    HAL_ADC_ConvHalfCpltCallback             0x08000ffb   Thumb Code     2  stm32g4xx_hal_adc.o(i.HAL_ADC_ConvHalfCpltCallback)
    HAL_ADC_ErrorCallback                    0x08000ffd   Thumb Code     2  stm32g4xx_hal_adc.o(i.HAL_ADC_ErrorCallback)
    HAL_ADC_Init                             0x08001001   Thumb Code   586  stm32g4xx_hal_adc.o(i.HAL_ADC_Init)
    HAL_ADC_MspInit                          0x08001269   Thumb Code   392  adc.o(i.HAL_ADC_MspInit)
    HAL_ADC_Start_DMA                        0x0800140d   Thumb Code   254  stm32g4xx_hal_adc.o(i.HAL_ADC_Start_DMA)
    HAL_DMA_Abort                            0x08001521   Thumb Code   118  stm32g4xx_hal_dma.o(i.HAL_DMA_Abort)
    HAL_DMA_Abort_IT                         0x08001597   Thumb Code   148  stm32g4xx_hal_dma.o(i.HAL_DMA_Abort_IT)
    HAL_DMA_IRQHandler                       0x0800162b   Thumb Code   254  stm32g4xx_hal_dma.o(i.HAL_DMA_IRQHandler)
    HAL_DMA_Init                             0x08001729   Thumb Code   200  stm32g4xx_hal_dma.o(i.HAL_DMA_Init)
    HAL_DMA_Start_IT                         0x080017f9   Thumb Code   194  stm32g4xx_hal_dma.o(i.HAL_DMA_Start_IT)
    HAL_Delay                                0x080018bd   Thumb Code    36  stm32g4xx_hal.o(i.HAL_Delay)
    HAL_GPIO_Init                            0x080018e5   Thumb Code   438  stm32g4xx_hal_gpio.o(i.HAL_GPIO_Init)
    HAL_GPIO_ReadPin                         0x08001abd   Thumb Code    16  stm32g4xx_hal_gpio.o(i.HAL_GPIO_ReadPin)
    HAL_GPIO_WritePin                        0x08001acd   Thumb Code    10  stm32g4xx_hal_gpio.o(i.HAL_GPIO_WritePin)
    HAL_GetTick                              0x08001ad9   Thumb Code     6  stm32g4xx_hal.o(i.HAL_GetTick)
    HAL_IncTick                              0x08001ae5   Thumb Code    16  stm32g4xx_hal.o(i.HAL_IncTick)
    HAL_Init                                 0x08001afd   Thumb Code    30  stm32g4xx_hal.o(i.HAL_Init)
    HAL_InitTick                             0x08001b1d   Thumb Code    74  stm32g4xx_hal.o(i.HAL_InitTick)
    HAL_MspInit                              0x08001b75   Thumb Code    62  stm32g4xx_hal_msp.o(i.HAL_MspInit)
    HAL_NVIC_EnableIRQ                       0x08001bb9   Thumb Code    40  stm32g4xx_hal_cortex.o(i.HAL_NVIC_EnableIRQ)
    HAL_NVIC_SetPriority                     0x08001be1   Thumb Code   122  stm32g4xx_hal_cortex.o(i.HAL_NVIC_SetPriority)
    HAL_NVIC_SetPriorityGrouping             0x08001c5d   Thumb Code    32  stm32g4xx_hal_cortex.o(i.HAL_NVIC_SetPriorityGrouping)
    HAL_PWREx_ControlVoltageScaling          0x08001c85   Thumb Code   268  stm32g4xx_hal_pwr_ex.o(i.HAL_PWREx_ControlVoltageScaling)
    HAL_PWREx_DisableUCPDDeadBattery         0x08001d9d   Thumb Code    14  stm32g4xx_hal_pwr_ex.o(i.HAL_PWREx_DisableUCPDDeadBattery)
    HAL_RCCEx_PeriphCLKConfig                0x08001db1   Thumb Code   872  stm32g4xx_hal_rcc_ex.o(i.HAL_RCCEx_PeriphCLKConfig)
    HAL_RCC_ClockConfig                      0x08002121   Thumb Code   522  stm32g4xx_hal_rcc.o(i.HAL_RCC_ClockConfig)
    HAL_RCC_GetHCLKFreq                      0x08002345   Thumb Code     6  stm32g4xx_hal_rcc.o(i.HAL_RCC_GetHCLKFreq)
    HAL_RCC_GetPCLK1Freq                     0x08002351   Thumb Code    26  stm32g4xx_hal_rcc.o(i.HAL_RCC_GetPCLK1Freq)
    HAL_RCC_GetPCLK2Freq                     0x08002375   Thumb Code    26  stm32g4xx_hal_rcc.o(i.HAL_RCC_GetPCLK2Freq)
    HAL_RCC_GetSysClockFreq                  0x08002399   Thumb Code   138  stm32g4xx_hal_rcc.o(i.HAL_RCC_GetSysClockFreq)
    HAL_RCC_OscConfig                        0x08002431   Thumb Code  1370  stm32g4xx_hal_rcc.o(i.HAL_RCC_OscConfig)
    HAL_SYSTICK_Config                       0x08002999   Thumb Code    52  stm32g4xx_hal_cortex.o(i.HAL_SYSTICK_Config)
    HAL_UARTEx_DisableFifoMode               0x080029cd   Thumb Code    78  stm32g4xx_hal_uart_ex.o(i.HAL_UARTEx_DisableFifoMode)
    HAL_UARTEx_ReceiveToIdle_DMA             0x08002a1b   Thumb Code   102  stm32g4xx_hal_uart_ex.o(i.HAL_UARTEx_ReceiveToIdle_DMA)
    HAL_UARTEx_RxEventCallback               0x08002a81   Thumb Code    28  uart_app.o(i.HAL_UARTEx_RxEventCallback)
    HAL_UARTEx_RxFifoFullCallback            0x08002ad1   Thumb Code     2  stm32g4xx_hal_uart_ex.o(i.HAL_UARTEx_RxFifoFullCallback)
    HAL_UARTEx_SetRxFifoThreshold            0x08002ad3   Thumb Code    94  stm32g4xx_hal_uart_ex.o(i.HAL_UARTEx_SetRxFifoThreshold)
    HAL_UARTEx_SetTxFifoThreshold            0x08002b31   Thumb Code    94  stm32g4xx_hal_uart_ex.o(i.HAL_UARTEx_SetTxFifoThreshold)
    HAL_UARTEx_TxFifoEmptyCallback           0x08002b8f   Thumb Code     2  stm32g4xx_hal_uart_ex.o(i.HAL_UARTEx_TxFifoEmptyCallback)
    HAL_UARTEx_WakeupCallback                0x08002b91   Thumb Code     2  stm32g4xx_hal_uart_ex.o(i.HAL_UARTEx_WakeupCallback)
    HAL_UART_ErrorCallback                   0x08002b93   Thumb Code     2  stm32g4xx_hal_uart.o(i.HAL_UART_ErrorCallback)
    HAL_UART_IRQHandler                      0x08002b95   Thumb Code   762  stm32g4xx_hal_uart.o(i.HAL_UART_IRQHandler)
    HAL_UART_Init                            0x08002e9d   Thumb Code   120  stm32g4xx_hal_uart.o(i.HAL_UART_Init)
    HAL_UART_MspInit                         0x08002f15   Thumb Code   210  usart.o(i.HAL_UART_MspInit)
    HAL_UART_RxCpltCallback                  0x08002ff9   Thumb Code     2  stm32g4xx_hal_uart.o(i.HAL_UART_RxCpltCallback)
    HAL_UART_RxHalfCpltCallback              0x08002ffb   Thumb Code     2  stm32g4xx_hal_uart.o(i.HAL_UART_RxHalfCpltCallback)
    HAL_UART_Transmit                        0x08002ffd   Thumb Code   214  stm32g4xx_hal_uart.o(i.HAL_UART_Transmit)
    HAL_UART_TxCpltCallback                  0x080030d3   Thumb Code     2  stm32g4xx_hal_uart.o(i.HAL_UART_TxCpltCallback)
    HardFault_Handler                        0x080030d5   Thumb Code     4  stm32g4xx_it.o(i.HardFault_Handler)
    LCD_BusIn                                0x080030d9   Thumb Code    42  lcd.o(i.LCD_BusIn)
    LCD_BusOut                               0x08003109   Thumb Code    42  lcd.o(i.LCD_BusOut)
    LCD_Clear                                0x08003139   Thumb Code    38  lcd.o(i.LCD_Clear)
    LCD_CtrlLinesConfig                      0x08003161   Thumb Code   186  lcd.o(i.LCD_CtrlLinesConfig)
    LCD_DisplayChar                          0x08003225   Thumb Code    34  lcd.o(i.LCD_DisplayChar)
    LCD_DisplayStringLine                    0x0800324d   Thumb Code    44  lcd.o(i.LCD_DisplayStringLine)
    LCD_DrawChar                             0x08003279   Thumb Code   100  lcd.o(i.LCD_DrawChar)
    LCD_Init                                 0x080032e5   Thumb Code    50  lcd.o(i.LCD_Init)
    LCD_ReadReg                              0x0800331d   Thumb Code   164  lcd.o(i.LCD_ReadReg)
    LCD_SetBackColor                         0x080033c9   Thumb Code    12  lcd.o(i.LCD_SetBackColor)
    LCD_SetCursor                            0x080033d9   Thumb Code    24  lcd.o(i.LCD_SetCursor)
    LCD_SetTextColor                         0x080033f1   Thumb Code    12  lcd.o(i.LCD_SetTextColor)
    LCD_WriteRAM                             0x08003401   Thumb Code   110  lcd.o(i.LCD_WriteRAM)
    LCD_WriteRAM_Prepare                     0x08003479   Thumb Code   112  lcd.o(i.LCD_WriteRAM_Prepare)
    LCD_WriteReg                             0x080034f1   Thumb Code   136  lcd.o(i.LCD_WriteReg)
    MX_ADC1_Init                             0x08003665   Thumb Code   154  adc.o(i.MX_ADC1_Init)
    MX_ADC2_Init                             0x08003709   Thumb Code   126  adc.o(i.MX_ADC2_Init)
    MX_DMA_Init                              0x08003795   Thumb Code   106  dma.o(i.MX_DMA_Init)
    MX_GPIO_Init                             0x08003805   Thumb Code   344  gpio.o(i.MX_GPIO_Init)
    MX_USART1_UART_Init                      0x0800396d   Thumb Code   124  usart.o(i.MX_USART1_UART_Init)
    MemManage_Handler                        0x080039f9   Thumb Code     4  stm32g4xx_it.o(i.MemManage_Handler)
    NMI_Handler                              0x080039fd   Thumb Code     4  stm32g4xx_it.o(i.NMI_Handler)
    PendSV_Handler                           0x08003a01   Thumb Code     2  stm32g4xx_it.o(i.PendSV_Handler)
    REG_8230_Init                            0x08003a6d   Thumb Code   288  lcd.o(i.REG_8230_Init)
    REG_932X_Init                            0x08003b8d   Thumb Code   512  lcd.o(i.REG_932X_Init)
    SVC_Handler                              0x08003d8d   Thumb Code     2  stm32g4xx_it.o(i.SVC_Handler)
    SysTick_Handler                          0x08003d8f   Thumb Code     8  stm32g4xx_it.o(i.SysTick_Handler)
    SystemClock_Config                       0x08003d97   Thumb Code   104  main.o(i.SystemClock_Config)
    SystemInit                               0x08003e01   Thumb Code    14  system_stm32g4xx.o(i.SystemInit)
    UART_AdvFeatureConfig                    0x08003e6d   Thumb Code   248  stm32g4xx_hal_uart.o(i.UART_AdvFeatureConfig)
    UART_CheckIdleState                      0x08003f65   Thumb Code   118  stm32g4xx_hal_uart.o(i.UART_CheckIdleState)
    UART_SetConfig                           0x08004161   Thumb Code   866  stm32g4xx_hal_uart.o(i.UART_SetConfig)
    UART_Start_Receive_DMA                   0x080044ed   Thumb Code   146  stm32g4xx_hal_uart.o(i.UART_Start_Receive_DMA)
    UART_WaitOnFlagUntilTimeout              0x0800458d   Thumb Code   190  stm32g4xx_hal_uart.o(i.UART_WaitOnFlagUntilTimeout)
    USART1_IRQHandler                        0x0800464d   Thumb Code    36  stm32g4xx_it.o(i.USART1_IRQHandler)
    UsageFault_Handler                       0x0800467d   Thumb Code     4  stm32g4xx_it.o(i.UsageFault_Handler)
    __0printf                                0x08004681   Thumb Code    22  printfa.o(i.__0printf)
    __1printf                                0x08004681   Thumb Code     0  printfa.o(i.__0printf)
    __2printf                                0x08004681   Thumb Code     0  printfa.o(i.__0printf)
    __c89printf                              0x08004681   Thumb Code     0  printfa.o(i.__0printf)
    printf                                   0x08004681   Thumb Code     0  printfa.o(i.__0printf)
    __0vsprintf                              0x080046a1   Thumb Code    30  printfa.o(i.__0vsprintf)
    __1vsprintf                              0x080046a1   Thumb Code     0  printfa.o(i.__0vsprintf)
    __2vsprintf                              0x080046a1   Thumb Code     0  printfa.o(i.__0vsprintf)
    __c89vsprintf                            0x080046a1   Thumb Code     0  printfa.o(i.__0vsprintf)
    vsprintf                                 0x080046a1   Thumb Code     0  printfa.o(i.__0vsprintf)
    __scatterload_copy                       0x080046fd   Thumb Code    14  handlers.o(i.__scatterload_copy)
    __scatterload_null                       0x0800470b   Thumb Code     2  handlers.o(i.__scatterload_null)
    __scatterload_zeroinit                   0x0800470d   Thumb Code    14  handlers.o(i.__scatterload_zeroinit)
    adc_task                                 0x08004fb1   Thumb Code   140  adc_app.o(i.adc_task)
    fputc                                    0x0800504d   Thumb Code    20  usart.o(i.fputc)
    key_read                                 0x08005065   Thumb Code    64  key_app.o(i.key_read)
    key_task                                 0x080050a9   Thumb Code   138  key_app.o(i.key_task)
    lcd_sprintf                              0x08005149   Thumb Code    42  lcd_app.o(i.lcd_sprintf)
    lcd_task                                 0x08005175   Thumb Code    96  lcd_app.o(i.lcd_task)
    led_disp                                 0x08005211   Thumb Code    88  led_app.o(i.led_disp)
    led_task                                 0x08005271   Thumb Code    16  led_app.o(i.led_task)
    main                                     0x08005285   Thumb Code    40  main.o(i.main)
    scheduler_init                           0x080052ad   Thumb Code    56  scheduler.o(i.scheduler_init)
    scheduler_run                            0x080052f5   Thumb Code    78  scheduler.o(i.scheduler_run)
    uart_task                                0x0800534d   Thumb Code    40  uart_app.o(i.uart_task)
    UARTPrescTable                           0x080053a0   Data          24  stm32g4xx_hal_uart.o(.constdata)
    AHBPrescTable                            0x080053c8   Data          16  system_stm32g4xx.o(.constdata)
    APBPrescTable                            0x080053d8   Data           8  system_stm32g4xx.o(.constdata)
    ASCII_Table                              0x080053e0   Data        4560  lcd.o(.constdata)
    Region$$Table$$Base                      0x080065b0   Number         0  anon$$obj.o(Region$$Table)
    Region$$Table$$Limit                     0x080065d0   Number         0  anon$$obj.o(Region$$Table)
    uwTick                                   0x20000004   Data           4  stm32g4xx_hal.o(.data)
    uwTickPrio                               0x20000008   Data           4  stm32g4xx_hal.o(.data)
    uwTickFreq                               0x2000000c   Data           4  stm32g4xx_hal.o(.data)
    SystemCoreClock                          0x20000010   Data           4  system_stm32g4xx.o(.data)
    key_val                                  0x20000014   Data           1  key_app.o(.data)
    key_old                                  0x20000015   Data           1  key_app.o(.data)
    key_down                                 0x20000016   Data           1  key_app.o(.data)
    key_up                                   0x20000017   Data           1  key_app.o(.data)
    dummy                                    0x2000001c   Data           2  lcd.o(.data)
    led_buf                                  0x2000001e   Data           8  led_app.o(.data)
    SchedulerTasks                           0x20000028   Data          60  scheduler.o(.data)
    task_num                                 0x20000064   Data           1  scheduler.o(.data)
    uart_flag                                0x20000065   Data           1  uart_app.o(.data)
    adc_value                                0x20000068   Data           8  adc_app.o(.data)
    __stdout                                 0x20000070   Data           4  stdout.o(.data)
    hadc1                                    0x20000074   Data         108  adc.o(.bss)
    hadc2                                    0x200000e0   Data         108  adc.o(.bss)
    hdma_adc1                                0x2000014c   Data          96  adc.o(.bss)
    hdma_adc2                                0x200001ac   Data          96  adc.o(.bss)
    uart_rx_buf                              0x2000020c   Data         128  usart.o(.bss)
    uart_rx_dma_buf                          0x2000028c   Data         128  usart.o(.bss)
    huart1                                   0x2000030c   Data         144  usart.o(.bss)
    hdma_usart1_rx                           0x2000039c   Data          96  usart.o(.bss)
    adc_dma_buf                              0x200003fc   Data         240  adc_app.o(.bss)
    __initial_sp                             0x200008f0   Data           0  startup_stm32g431xx.o(STACK)



==============================================================================

Memory Map of the image

  Image Entry point : 0x080001d9

  Load Region LR_IROM1 (Base: 0x08000000, Size: 0x00006644, Max: 0x00020000, ABSOLUTE)

    Execution Region ER_IROM1 (Exec base: 0x08000000, Load base: 0x08000000, Size: 0x000065d0, Max: 0x00020000, ABSOLUTE)

    Exec Addr    Load Addr    Size         Type   Attr      Idx    E Section Name        Object

    0x08000000   0x08000000   0x000001d8   Data   RO            3    RESET               startup_stm32g431xx.o
    0x080001d8   0x080001d8   0x00000000   Code   RO         3549  * .ARM.Collect$$$$00000000  mc_w.l(entry.o)
    0x080001d8   0x080001d8   0x00000004   Code   RO         3819    .ARM.Collect$$$$00000001  mc_w.l(entry2.o)
    0x080001dc   0x080001dc   0x00000004   Code   RO         3822    .ARM.Collect$$$$00000004  mc_w.l(entry5.o)
    0x080001e0   0x080001e0   0x00000000   Code   RO         3824    .ARM.Collect$$$$00000008  mc_w.l(entry7b.o)
    0x080001e0   0x080001e0   0x00000000   Code   RO         3826    .ARM.Collect$$$$0000000A  mc_w.l(entry8b.o)
    0x080001e0   0x080001e0   0x00000008   Code   RO         3827    .ARM.Collect$$$$0000000B  mc_w.l(entry9a.o)
    0x080001e8   0x080001e8   0x00000004   Code   RO         3834    .ARM.Collect$$$$0000000E  mc_w.l(entry12b.o)
    0x080001ec   0x080001ec   0x00000000   Code   RO         3829    .ARM.Collect$$$$0000000F  mc_w.l(entry10a.o)
    0x080001ec   0x080001ec   0x00000000   Code   RO         3831    .ARM.Collect$$$$00000011  mc_w.l(entry11a.o)
    0x080001ec   0x080001ec   0x00000004   Code   RO         3820    .ARM.Collect$$$$00002712  mc_w.l(entry2.o)
    0x080001f0   0x080001f0   0x00000024   Code   RO            4    .text               startup_stm32g431xx.o
    0x08000214   0x08000214   0x00000062   Code   RO         3552    .text               mc_w.l(uldiv.o)
    0x08000276   0x08000276   0x00000024   Code   RO         3554    .text               mc_w.l(memseta.o)
    0x0800029a   0x0800029a   0x00000026   Code   RO         3817    .text               mf_w.l(f2d.o)
    0x080002c0   0x080002c0   0x0000002c   Code   RO         3836    .text               mc_w.l(uidiv.o)
    0x080002ec   0x080002ec   0x0000001e   Code   RO         3838    .text               mc_w.l(llshl.o)
    0x0800030a   0x0800030a   0x00000020   Code   RO         3840    .text               mc_w.l(llushr.o)
    0x0800032a   0x0800032a   0x00000000   Code   RO         3842    .text               mc_w.l(iusefp.o)
    0x0800032a   0x0800032a   0x0000014e   Code   RO         3843    .text               mf_w.l(dadd.o)
    0x08000478   0x08000478   0x000000e4   Code   RO         3845    .text               mf_w.l(dmul.o)
    0x0800055c   0x0800055c   0x000000de   Code   RO         3847    .text               mf_w.l(ddiv.o)
    0x0800063a   0x0800063a   0x00000030   Code   RO         3849    .text               mf_w.l(dfixul.o)
    0x0800066a   0x0800066a   0x00000002   PAD
    0x0800066c   0x0800066c   0x00000030   Code   RO         3851    .text               mf_w.l(cdrcmple.o)
    0x0800069c   0x0800069c   0x00000024   Code   RO         3853    .text               mc_w.l(init.o)
    0x080006c0   0x080006c0   0x00000024   Code   RO         3855    .text               mc_w.l(llsshr.o)
    0x080006e4   0x080006e4   0x000000ba   Code   RO         3857    .text               mf_w.l(depilogue.o)
    0x0800079e   0x0800079e   0x00000092   Code   RO          478    i.ADC_DMAConvCplt   stm32g4xx_hal_adc.o
    0x08000830   0x08000830   0x0000001e   Code   RO          479    i.ADC_DMAError      stm32g4xx_hal_adc.o
    0x0800084e   0x0800084e   0x0000000e   Code   RO          480    i.ADC_DMAHalfConvCplt  stm32g4xx_hal_adc.o
    0x0800085c   0x0800085c   0x00000084   Code   RO          482    i.ADC_Enable        stm32g4xx_hal_adc.o
    0x080008e0   0x080008e0   0x00000004   Code   RO          353    i.BusFault_Handler  stm32g4xx_it.o
    0x080008e4   0x080008e4   0x00000010   Code   RO          354    i.DMA1_Channel1_IRQHandler  stm32g4xx_it.o
    0x080008f4   0x080008f4   0x00000010   Code   RO          355    i.DMA1_Channel2_IRQHandler  stm32g4xx_it.o
    0x08000904   0x08000904   0x00000010   Code   RO          356    i.DMA1_Channel3_IRQHandler  stm32g4xx_it.o
    0x08000914   0x08000914   0x00000044   Code   RO         1882    i.DMA_CalcDMAMUXChannelBaseAndMask  stm32g4xx_hal_dma.o
    0x08000958   0x08000958   0x00000024   Code   RO         1883    i.DMA_CalcDMAMUXRequestGenBaseAndMask  stm32g4xx_hal_dma.o
    0x0800097c   0x0800097c   0x00000040   Code   RO         1884    i.DMA_SetConfig     stm32g4xx_hal_dma.o
    0x080009bc   0x080009bc   0x00000002   Code   RO          357    i.DebugMon_Handler  stm32g4xx_it.o
    0x080009be   0x080009be   0x0000001e   Code   RO         3166    i.Delay_LCD         lcd.o
    0x080009dc   0x080009dc   0x00000006   Code   RO           13    i.Error_Handler     main.o
    0x080009e2   0x080009e2   0x00000002   PAD
    0x080009e4   0x080009e4   0x0000010c   Code   RO          772    i.HAL_ADCEx_MultiModeConfigChannel  stm32g4xx_hal_adc_ex.o
    0x08000af0   0x08000af0   0x00000508   Code   RO          484    i.HAL_ADC_ConfigChannel  stm32g4xx_hal_adc.o
    0x08000ff8   0x08000ff8   0x00000002   Code   RO          485    i.HAL_ADC_ConvCpltCallback  stm32g4xx_hal_adc.o
    0x08000ffa   0x08000ffa   0x00000002   Code   RO          486    i.HAL_ADC_ConvHalfCpltCallback  stm32g4xx_hal_adc.o
    0x08000ffc   0x08000ffc   0x00000002   Code   RO          488    i.HAL_ADC_ErrorCallback  stm32g4xx_hal_adc.o
    0x08000ffe   0x08000ffe   0x00000002   PAD
    0x08001000   0x08001000   0x00000268   Code   RO          493    i.HAL_ADC_Init      stm32g4xx_hal_adc.o
    0x08001268   0x08001268   0x000001a4   Code   RO          228    i.HAL_ADC_MspInit   adc.o
    0x0800140c   0x0800140c   0x00000114   Code   RO          501    i.HAL_ADC_Start_DMA  stm32g4xx_hal_adc.o
    0x08001520   0x08001520   0x00000076   Code   RO         1885    i.HAL_DMA_Abort     stm32g4xx_hal_dma.o
    0x08001596   0x08001596   0x00000094   Code   RO         1886    i.HAL_DMA_Abort_IT  stm32g4xx_hal_dma.o
    0x0800162a   0x0800162a   0x000000fe   Code   RO         1890    i.HAL_DMA_IRQHandler  stm32g4xx_hal_dma.o
    0x08001728   0x08001728   0x000000d0   Code   RO         1891    i.HAL_DMA_Init      stm32g4xx_hal_dma.o
    0x080017f8   0x080017f8   0x000000c2   Code   RO         1895    i.HAL_DMA_Start_IT  stm32g4xx_hal_dma.o
    0x080018ba   0x080018ba   0x00000002   PAD
    0x080018bc   0x080018bc   0x00000028   Code   RO          996    i.HAL_Delay         stm32g4xx_hal.o
    0x080018e4   0x080018e4   0x000001d8   Code   RO         1747    i.HAL_GPIO_Init     stm32g4xx_hal_gpio.o
    0x08001abc   0x08001abc   0x00000010   Code   RO         1749    i.HAL_GPIO_ReadPin  stm32g4xx_hal_gpio.o
    0x08001acc   0x08001acc   0x0000000a   Code   RO         1751    i.HAL_GPIO_WritePin  stm32g4xx_hal_gpio.o
    0x08001ad6   0x08001ad6   0x00000002   PAD
    0x08001ad8   0x08001ad8   0x0000000c   Code   RO         1000    i.HAL_GetTick       stm32g4xx_hal.o
    0x08001ae4   0x08001ae4   0x00000018   Code   RO         1003    i.HAL_IncTick       stm32g4xx_hal.o
    0x08001afc   0x08001afc   0x0000001e   Code   RO         1004    i.HAL_Init          stm32g4xx_hal.o
    0x08001b1a   0x08001b1a   0x00000002   PAD
    0x08001b1c   0x08001b1c   0x00000058   Code   RO         1005    i.HAL_InitTick      stm32g4xx_hal.o
    0x08001b74   0x08001b74   0x00000044   Code   RO          453    i.HAL_MspInit       stm32g4xx_hal_msp.o
    0x08001bb8   0x08001bb8   0x00000028   Code   RO         2394    i.HAL_NVIC_EnableIRQ  stm32g4xx_hal_cortex.o
    0x08001be0   0x08001be0   0x0000007a   Code   RO         2400    i.HAL_NVIC_SetPriority  stm32g4xx_hal_cortex.o
    0x08001c5a   0x08001c5a   0x00000002   PAD
    0x08001c5c   0x08001c5c   0x00000028   Code   RO         2401    i.HAL_NVIC_SetPriorityGrouping  stm32g4xx_hal_cortex.o
    0x08001c84   0x08001c84   0x00000118   Code   RO         2150    i.HAL_PWREx_ControlVoltageScaling  stm32g4xx_hal_pwr_ex.o
    0x08001d9c   0x08001d9c   0x00000014   Code   RO         2162    i.HAL_PWREx_DisableUCPDDeadBattery  stm32g4xx_hal_pwr_ex.o
    0x08001db0   0x08001db0   0x00000370   Code   RO         1354    i.HAL_RCCEx_PeriphCLKConfig  stm32g4xx_hal_rcc_ex.o
    0x08002120   0x08002120   0x00000224   Code   RO         1224    i.HAL_RCC_ClockConfig  stm32g4xx_hal_rcc.o
    0x08002344   0x08002344   0x0000000c   Code   RO         1230    i.HAL_RCC_GetHCLKFreq  stm32g4xx_hal_rcc.o
    0x08002350   0x08002350   0x00000024   Code   RO         1232    i.HAL_RCC_GetPCLK1Freq  stm32g4xx_hal_rcc.o
    0x08002374   0x08002374   0x00000024   Code   RO         1233    i.HAL_RCC_GetPCLK2Freq  stm32g4xx_hal_rcc.o
    0x08002398   0x08002398   0x00000098   Code   RO         1234    i.HAL_RCC_GetSysClockFreq  stm32g4xx_hal_rcc.o
    0x08002430   0x08002430   0x00000568   Code   RO         1237    i.HAL_RCC_OscConfig  stm32g4xx_hal_rcc.o
    0x08002998   0x08002998   0x00000034   Code   RO         2405    i.HAL_SYSTICK_Config  stm32g4xx_hal_cortex.o
    0x080029cc   0x080029cc   0x0000004e   Code   RO         2954    i.HAL_UARTEx_DisableFifoMode  stm32g4xx_hal_uart_ex.o
    0x08002a1a   0x08002a1a   0x00000066   Code   RO         2959    i.HAL_UARTEx_ReceiveToIdle_DMA  stm32g4xx_hal_uart_ex.o
    0x08002a80   0x08002a80   0x00000050   Code   RO         3484    i.HAL_UARTEx_RxEventCallback  uart_app.o
    0x08002ad0   0x08002ad0   0x00000002   Code   RO         2961    i.HAL_UARTEx_RxFifoFullCallback  stm32g4xx_hal_uart_ex.o
    0x08002ad2   0x08002ad2   0x0000005e   Code   RO         2962    i.HAL_UARTEx_SetRxFifoThreshold  stm32g4xx_hal_uart_ex.o
    0x08002b30   0x08002b30   0x0000005e   Code   RO         2963    i.HAL_UARTEx_SetTxFifoThreshold  stm32g4xx_hal_uart_ex.o
    0x08002b8e   0x08002b8e   0x00000002   Code   RO         2965    i.HAL_UARTEx_TxFifoEmptyCallback  stm32g4xx_hal_uart_ex.o
    0x08002b90   0x08002b90   0x00000002   Code   RO         2966    i.HAL_UARTEx_WakeupCallback  stm32g4xx_hal_uart_ex.o
    0x08002b92   0x08002b92   0x00000002   Code   RO         2554    i.HAL_UART_ErrorCallback  stm32g4xx_hal_uart.o
    0x08002b94   0x08002b94   0x00000308   Code   RO         2557    i.HAL_UART_IRQHandler  stm32g4xx_hal_uart.o
    0x08002e9c   0x08002e9c   0x00000078   Code   RO         2558    i.HAL_UART_Init     stm32g4xx_hal_uart.o
    0x08002f14   0x08002f14   0x000000e4   Code   RO          301    i.HAL_UART_MspInit  usart.o
    0x08002ff8   0x08002ff8   0x00000002   Code   RO         2565    i.HAL_UART_RxCpltCallback  stm32g4xx_hal_uart.o
    0x08002ffa   0x08002ffa   0x00000002   Code   RO         2566    i.HAL_UART_RxHalfCpltCallback  stm32g4xx_hal_uart.o
    0x08002ffc   0x08002ffc   0x000000d6   Code   RO         2567    i.HAL_UART_Transmit  stm32g4xx_hal_uart.o
    0x080030d2   0x080030d2   0x00000002   Code   RO         2570    i.HAL_UART_TxCpltCallback  stm32g4xx_hal_uart.o
    0x080030d4   0x080030d4   0x00000004   Code   RO          358    i.HardFault_Handler  stm32g4xx_it.o
    0x080030d8   0x080030d8   0x00000030   Code   RO         3167    i.LCD_BusIn         lcd.o
    0x08003108   0x08003108   0x00000030   Code   RO         3168    i.LCD_BusOut        lcd.o
    0x08003138   0x08003138   0x00000026   Code   RO         3169    i.LCD_Clear         lcd.o
    0x0800315e   0x0800315e   0x00000002   PAD
    0x08003160   0x08003160   0x000000c4   Code   RO         3171    i.LCD_CtrlLinesConfig  lcd.o
    0x08003224   0x08003224   0x00000028   Code   RO         3172    i.LCD_DisplayChar   lcd.o
    0x0800324c   0x0800324c   0x0000002c   Code   RO         3175    i.LCD_DisplayStringLine  lcd.o
    0x08003278   0x08003278   0x0000006c   Code   RO         3176    i.LCD_DrawChar      lcd.o
    0x080032e4   0x080032e4   0x00000038   Code   RO         3182    i.LCD_Init          lcd.o
    0x0800331c   0x0800331c   0x000000ac   Code   RO         3185    i.LCD_ReadReg       lcd.o
    0x080033c8   0x080033c8   0x00000010   Code   RO         3186    i.LCD_SetBackColor  lcd.o
    0x080033d8   0x080033d8   0x00000018   Code   RO         3187    i.LCD_SetCursor     lcd.o
    0x080033f0   0x080033f0   0x00000010   Code   RO         3189    i.LCD_SetTextColor  lcd.o
    0x08003400   0x08003400   0x00000078   Code   RO         3192    i.LCD_WriteRAM      lcd.o
    0x08003478   0x08003478   0x00000078   Code   RO         3193    i.LCD_WriteRAM_Prepare  lcd.o
    0x080034f0   0x080034f0   0x00000090   Code   RO         3194    i.LCD_WriteReg      lcd.o
    0x08003580   0x08003580   0x00000010   Code   RO          507    i.LL_ADC_Enable     stm32g4xx_hal_adc.o
    0x08003590   0x08003590   0x0000000a   Code   RO          508    i.LL_ADC_GetMultimode  stm32g4xx_hal_adc.o
    0x0800359a   0x0800359a   0x00000012   Code   RO          509    i.LL_ADC_GetOffsetChannel  stm32g4xx_hal_adc.o
    0x080035ac   0x080035ac   0x0000000a   Code   RO          510    i.LL_ADC_INJ_IsConversionOngoing  stm32g4xx_hal_adc.o
    0x080035b6   0x080035b6   0x0000000a   Code   RO          512    i.LL_ADC_IsEnabled  stm32g4xx_hal_adc.o
    0x080035c0   0x080035c0   0x0000000a   Code   RO          784    i.LL_ADC_IsEnabled  stm32g4xx_hal_adc_ex.o
    0x080035ca   0x080035ca   0x0000000a   Code   RO          513    i.LL_ADC_IsInternalRegulatorEnabled  stm32g4xx_hal_adc.o
    0x080035d4   0x080035d4   0x0000000a   Code   RO          514    i.LL_ADC_REG_IsConversionOngoing  stm32g4xx_hal_adc.o
    0x080035de   0x080035de   0x0000000a   Code   RO          785    i.LL_ADC_REG_IsConversionOngoing  stm32g4xx_hal_adc_ex.o
    0x080035e8   0x080035e8   0x00000012   Code   RO          515    i.LL_ADC_REG_IsTriggerSourceSWStart  stm32g4xx_hal_adc.o
    0x080035fa   0x080035fa   0x00000002   PAD
    0x080035fc   0x080035fc   0x00000010   Code   RO          516    i.LL_ADC_REG_StartConversion  stm32g4xx_hal_adc.o
    0x0800360c   0x0800360c   0x00000028   Code   RO          518    i.LL_ADC_SetChannelSamplingTime  stm32g4xx_hal_adc.o
    0x08003634   0x08003634   0x0000000c   Code   RO          519    i.LL_ADC_SetCommonPathInternalCh  stm32g4xx_hal_adc.o
    0x08003640   0x08003640   0x00000016   Code   RO          520    i.LL_ADC_SetOffsetState  stm32g4xx_hal_adc.o
    0x08003656   0x08003656   0x0000000c   Code   RO          521    i.LL_ADC_SetSamplingTimeCommonConfig  stm32g4xx_hal_adc.o
    0x08003662   0x08003662   0x00000002   PAD
    0x08003664   0x08003664   0x000000a4   Code   RO          229    i.MX_ADC1_Init      adc.o
    0x08003708   0x08003708   0x0000008c   Code   RO          230    i.MX_ADC2_Init      adc.o
    0x08003794   0x08003794   0x00000070   Code   RO          276    i.MX_DMA_Init       dma.o
    0x08003804   0x08003804   0x00000168   Code   RO          203    i.MX_GPIO_Init      gpio.o
    0x0800396c   0x0800396c   0x0000008c   Code   RO          302    i.MX_USART1_UART_Init  usart.o
    0x080039f8   0x080039f8   0x00000004   Code   RO          359    i.MemManage_Handler  stm32g4xx_it.o
    0x080039fc   0x080039fc   0x00000004   Code   RO          360    i.NMI_Handler       stm32g4xx_it.o
    0x08003a00   0x08003a00   0x00000002   Code   RO          361    i.PendSV_Handler    stm32g4xx_it.o
    0x08003a02   0x08003a02   0x00000002   PAD
    0x08003a04   0x08003a04   0x00000068   Code   RO         1238    i.RCC_GetSysClockFreqFromPLLSource  stm32g4xx_hal_rcc.o
    0x08003a6c   0x08003a6c   0x00000120   Code   RO         3195    i.REG_8230_Init     lcd.o
    0x08003b8c   0x08003b8c   0x00000200   Code   RO         3196    i.REG_932X_Init     lcd.o
    0x08003d8c   0x08003d8c   0x00000002   Code   RO          362    i.SVC_Handler       stm32g4xx_it.o
    0x08003d8e   0x08003d8e   0x00000008   Code   RO          363    i.SysTick_Handler   stm32g4xx_it.o
    0x08003d96   0x08003d96   0x00000068   Code   RO           14    i.SystemClock_Config  main.o
    0x08003dfe   0x08003dfe   0x00000002   PAD
    0x08003e00   0x08003e00   0x00000014   Code   RO         3072    i.SystemInit        system_stm32g4xx.o
    0x08003e14   0x08003e14   0x00000058   Code   RO         2967    i.UARTEx_SetNbDataToProcess  stm32g4xx_hal_uart_ex.o
    0x08003e6c   0x08003e6c   0x000000f8   Code   RO         2572    i.UART_AdvFeatureConfig  stm32g4xx_hal_uart.o
    0x08003f64   0x08003f64   0x00000076   Code   RO         2573    i.UART_CheckIdleState  stm32g4xx_hal_uart.o
    0x08003fda   0x08003fda   0x00000018   Code   RO         2574    i.UART_DMAAbortOnError  stm32g4xx_hal_uart.o
    0x08003ff2   0x08003ff2   0x0000005e   Code   RO         2575    i.UART_DMAError     stm32g4xx_hal_uart.o
    0x08004050   0x08004050   0x0000006c   Code   RO         2576    i.UART_DMAReceiveCplt  stm32g4xx_hal_uart.o
    0x080040bc   0x080040bc   0x00000022   Code   RO         2578    i.UART_DMARxHalfCplt  stm32g4xx_hal_uart.o
    0x080040de   0x080040de   0x00000002   PAD
    0x080040e0   0x080040e0   0x0000003c   Code   RO         2584    i.UART_EndRxTransfer  stm32g4xx_hal_uart.o
    0x0800411c   0x0800411c   0x00000022   Code   RO         2585    i.UART_EndTransmit_IT  stm32g4xx_hal_uart.o
    0x0800413e   0x0800413e   0x00000020   Code   RO         2586    i.UART_EndTxTransfer  stm32g4xx_hal_uart.o
    0x0800415e   0x0800415e   0x00000002   PAD
    0x08004160   0x08004160   0x0000038c   Code   RO         2591    i.UART_SetConfig    stm32g4xx_hal_uart.o
    0x080044ec   0x080044ec   0x000000a0   Code   RO         2592    i.UART_Start_Receive_DMA  stm32g4xx_hal_uart.o
    0x0800458c   0x0800458c   0x000000be   Code   RO         2598    i.UART_WaitOnFlagUntilTimeout  stm32g4xx_hal_uart.o
    0x0800464a   0x0800464a   0x00000002   PAD
    0x0800464c   0x0800464c   0x00000030   Code   RO          364    i.USART1_IRQHandler  stm32g4xx_it.o
    0x0800467c   0x0800467c   0x00000004   Code   RO          365    i.UsageFault_Handler  stm32g4xx_it.o
    0x08004680   0x08004680   0x00000020   Code   RO         3789    i.__0printf         mc_w.l(printfa.o)
    0x080046a0   0x080046a0   0x00000024   Code   RO         3795    i.__0vsprintf       mc_w.l(printfa.o)
    0x080046c4   0x080046c4   0x00000010   Code   RO         2407    i.__NVIC_GetPriorityGrouping  stm32g4xx_hal_cortex.o
    0x080046d4   0x080046d4   0x00000028   Code   RO         2408    i.__NVIC_SetPriority  stm32g4xx_hal_cortex.o
    0x080046fc   0x080046fc   0x0000000e   Code   RO         3861    i.__scatterload_copy  mc_w.l(handlers.o)
    0x0800470a   0x0800470a   0x00000002   Code   RO         3862    i.__scatterload_null  mc_w.l(handlers.o)
    0x0800470c   0x0800470c   0x0000000e   Code   RO         3863    i.__scatterload_zeroinit  mc_w.l(handlers.o)
    0x0800471a   0x0800471a   0x00000002   PAD
    0x0800471c   0x0800471c   0x00000184   Code   RO         3796    i._fp_digits        mc_w.l(printfa.o)
    0x080048a0   0x080048a0   0x000006b4   Code   RO         3797    i._printf_core      mc_w.l(printfa.o)
    0x08004f54   0x08004f54   0x00000024   Code   RO         3798    i._printf_post_padding  mc_w.l(printfa.o)
    0x08004f78   0x08004f78   0x0000002e   Code   RO         3799    i._printf_pre_padding  mc_w.l(printfa.o)
    0x08004fa6   0x08004fa6   0x0000000a   Code   RO         3801    i._sputc            mc_w.l(printfa.o)
    0x08004fb0   0x08004fb0   0x0000009c   Code   RO         3520    i.adc_task          adc_app.o
    0x0800504c   0x0800504c   0x00000018   Code   RO          303    i.fputc             usart.o
    0x08005064   0x08005064   0x00000044   Code   RO         3108    i.key_read          key_app.o
    0x080050a8   0x080050a8   0x000000a0   Code   RO         3109    i.key_task          key_app.o
    0x08005148   0x08005148   0x0000002a   Code   RO         3377    i.lcd_sprintf       lcd_app.o
    0x08005172   0x08005172   0x00000002   PAD
    0x08005174   0x08005174   0x0000009c   Code   RO         3378    i.lcd_task          lcd_app.o
    0x08005210   0x08005210   0x00000060   Code   RO         3414    i.led_disp          led_app.o
    0x08005270   0x08005270   0x00000014   Code   RO         3415    i.led_task          led_app.o
    0x08005284   0x08005284   0x00000028   Code   RO           15    i.main              main.o
    0x080052ac   0x080052ac   0x00000048   Code   RO         3451    i.scheduler_init    scheduler.o
    0x080052f4   0x080052f4   0x00000058   Code   RO         3452    i.scheduler_run     scheduler.o
    0x0800534c   0x0800534c   0x00000054   Code   RO         3485    i.uart_task         uart_app.o
    0x080053a0   0x080053a0   0x00000018   Data   RO         2599    .constdata          stm32g4xx_hal_uart.o
    0x080053b8   0x080053b8   0x00000010   Data   RO         2969    .constdata          stm32g4xx_hal_uart_ex.o
    0x080053c8   0x080053c8   0x00000018   Data   RO         3073    .constdata          system_stm32g4xx.o
    0x080053e0   0x080053e0   0x000011d0   Data   RO         3197    .constdata          lcd.o
    0x080065b0   0x080065b0   0x00000020   Data   RO         3859    Region$$Table       anon$$obj.o


    Execution Region RW_IRAM1 (Exec base: 0x20000000, Load base: 0x080065d0, Size: 0x000008f0, Max: 0x00008000, ABSOLUTE)

    Exec Addr    Load Addr    Size         Type   Attr      Idx    E Section Name        Object

    0x20000000   0x080065d0   0x00000004   Data   RW          232    .data               adc.o
    0x20000004   0x080065d4   0x0000000c   Data   RW         1024    .data               stm32g4xx_hal.o
    0x20000010   0x080065e0   0x00000004   Data   RW         3074    .data               system_stm32g4xx.o
    0x20000014   0x080065e4   0x00000004   Data   RW         3110    .data               key_app.o
    0x20000018   0x080065e8   0x00000006   Data   RW         3198    .data               lcd.o
    0x2000001e   0x080065ee   0x00000008   Data   RW         3416    .data               led_app.o
    0x20000026   0x080065f6   0x00000002   PAD
    0x20000028   0x080065f8   0x0000003d   Data   RW         3453    .data               scheduler.o
    0x20000065   0x08006635   0x00000001   Data   RW         3486    .data               uart_app.o
    0x20000066   0x08006636   0x00000002   PAD
    0x20000068   0x08006638   0x00000008   Data   RW         3522    .data               adc_app.o
    0x20000070   0x08006640   0x00000004   Data   RW         3835    .data               mc_w.l(stdout.o)
    0x20000074        -       0x00000198   Zero   RW          231    .bss                adc.o
    0x2000020c        -       0x000001f0   Zero   RW          304    .bss                usart.o
    0x200003fc        -       0x000000f0   Zero   RW         3521    .bss                adc_app.o
    0x200004ec   0x08006644   0x00000004   PAD
    0x200004f0        -       0x00000400   Zero   RW            1    STACK               startup_stm32g431xx.o


==============================================================================

Image component sizes


      Code (inc. data)   RO Data    RW Data    ZI Data      Debug   Object Name

       724         52          0          4        408       3110   adc.o
       156         16          0          8        240       1195   adc_app.o
       112          6          0          0          0        914   dma.o
       360         16          0          0          0       1191   gpio.o
       228         26          0          4          0       3560   key_app.o
      2020         84       4560          6          0      12216   lcd.o
       198         60          0          0          0       1861   lcd_app.o
       116         12          0          8          0       1808   led_app.o
       150          0          0          0          0     612637   main.o
       160         26          0         61          0       1887   scheduler.o
        36          8        472          0       1024        888   startup_stm32g431xx.o
       194         32          0         12          0       4673   stm32g4xx_hal.o
      2712        114          0          0          0      83561   stm32g4xx_hal_adc.o
       288          8          0          0          0      68067   stm32g4xx_hal_adc_ex.o
       310         22          0          0          0      34719   stm32g4xx_hal_cortex.o
      1090         22          0          0          0       6758   stm32g4xx_hal_dma.o
       498         34          0          0          0       3139   stm32g4xx_hal_gpio.o
        68          6          0          0          0        958   stm32g4xx_hal_msp.o
       300         18          0          0          0       1509   stm32g4xx_hal_pwr_ex.o
      2272        108          0          0          0       7364   stm32g4xx_hal_rcc.o
       880          8          0          0          0       1976   stm32g4xx_hal_rcc_ex.o
      3128         94         24          0          0      35052   stm32g4xx_hal_uart.o
       462         10         16          0          0       6757   stm32g4xx_hal_uart_ex.o
       130         30          0          0          0       6907   stm32g4xx_it.o
        20          6         24          4          0       1283   system_stm32g4xx.o
       164         96          0          1          0       1737   uart_app.o
       392         38          0          0        496       2997   usart.o

    ----------------------------------------------------------------------
     17198        952       5128        112       2172     908724   Object Totals
         0          0         32          0          0          0   (incl. Generated)
        30          0          0          4          4          0   (incl. Padding)

    ----------------------------------------------------------------------

      Code (inc. data)   RO Data    RW Data    ZI Data      Debug   Library Member Name

         0          0          0          0          0          0   entry.o
         0          0          0          0          0          0   entry10a.o
         0          0          0          0          0          0   entry11a.o
         4          0          0          0          0          0   entry12b.o
         8          4          0          0          0          0   entry2.o
         4          0          0          0          0          0   entry5.o
         0          0          0          0          0          0   entry7b.o
         0          0          0          0          0          0   entry8b.o
         8          4          0          0          0          0   entry9a.o
        30          0          0          0          0          0   handlers.o
        36          8          0          0          0         68   init.o
         0          0          0          0          0          0   iusefp.o
        30          0          0          0          0         68   llshl.o
        36          0          0          0          0         68   llsshr.o
        32          0          0          0          0         68   llushr.o
        36          0          0          0          0        108   memseta.o
      2264         96          0          0          0        612   printfa.o
         0          0          0          4          0          0   stdout.o
        44          0          0          0          0         80   uidiv.o
        98          0          0          0          0         92   uldiv.o
        48          0          0          0          0         68   cdrcmple.o
       334          0          0          0          0        148   dadd.o
       222          0          0          0          0        100   ddiv.o
       186          0          0          0          0        176   depilogue.o
        48          0          0          0          0         68   dfixul.o
       228          0          0          0          0         96   dmul.o
        38          0          0          0          0         68   f2d.o

    ----------------------------------------------------------------------
      3738        112          0          4          0       1888   Library Totals
         4          0          0          0          0          0   (incl. Padding)

    ----------------------------------------------------------------------

      Code (inc. data)   RO Data    RW Data    ZI Data      Debug   Library Name

      2630        112          0          4          0       1164   mc_w.l
      1104          0          0          0          0        724   mf_w.l

    ----------------------------------------------------------------------
      3738        112          0          4          0       1888   Library Totals

    ----------------------------------------------------------------------

==============================================================================


      Code (inc. data)   RO Data    RW Data    ZI Data      Debug   

     20936       1064       5128        116       2172     896680   Grand Totals
     20936       1064       5128        116       2172     896680   ELF Image Totals
     20936       1064       5128        116          0          0   ROM Totals

==============================================================================

    Total RO  Size (Code + RO Data)                26064 (  25.45kB)
    Total RW  Size (RW Data + ZI Data)              2288 (   2.23kB)
    Total ROM Size (Code + RO Data + RW Data)      26180 (  25.57kB)

==============================================================================

