Component: ARM Compiler 5.06 update 7 (build 960) Tool: armlink [4d3601]

==============================================================================

Section Cross References

    startup_stm32g431xx.o(RESET) refers to startup_stm32g431xx.o(STACK) for __initial_sp
    startup_stm32g431xx.o(RESET) refers to startup_stm32g431xx.o(.text) for Reset_Handler
    startup_stm32g431xx.o(RESET) refers to stm32g4xx_it.o(i.NMI_Handler) for NMI_Handler
    startup_stm32g431xx.o(RESET) refers to stm32g4xx_it.o(i.HardFault_Handler) for HardFault_Handler
    startup_stm32g431xx.o(RESET) refers to stm32g4xx_it.o(i.MemManage_Handler) for MemManage_Handler
    startup_stm32g431xx.o(RESET) refers to stm32g4xx_it.o(i.BusFault_Handler) for BusFault_Handler
    startup_stm32g431xx.o(RESET) refers to stm32g4xx_it.o(i.UsageFault_Handler) for UsageFault_Handler
    startup_stm32g431xx.o(RESET) refers to stm32g4xx_it.o(i.SVC_Handler) for SVC_Handler
    startup_stm32g431xx.o(RESET) refers to stm32g4xx_it.o(i.DebugMon_Handler) for DebugMon_Handler
    startup_stm32g431xx.o(RESET) refers to stm32g4xx_it.o(i.PendSV_Handler) for PendSV_Handler
    startup_stm32g431xx.o(RESET) refers to stm32g4xx_it.o(i.SysTick_Handler) for SysTick_Handler
    startup_stm32g431xx.o(.text) refers to system_stm32g4xx.o(i.SystemInit) for SystemInit
    startup_stm32g431xx.o(.text) refers to entry.o(.ARM.Collect$$$$00000000) for __main
    main.o(i.SystemClock_Config) refers to memseta.o(.text) for __aeabi_memclr4
    main.o(i.SystemClock_Config) refers to stm32g4xx_hal_pwr_ex.o(i.HAL_PWREx_ControlVoltageScaling) for HAL_PWREx_ControlVoltageScaling
    main.o(i.SystemClock_Config) refers to stm32g4xx_hal_rcc.o(i.HAL_RCC_OscConfig) for HAL_RCC_OscConfig
    main.o(i.SystemClock_Config) refers to main.o(i.Error_Handler) for Error_Handler
    main.o(i.SystemClock_Config) refers to stm32g4xx_hal_rcc.o(i.HAL_RCC_ClockConfig) for HAL_RCC_ClockConfig
    main.o(i.main) refers to stm32g4xx_hal.o(i.HAL_Init) for HAL_Init
    main.o(i.main) refers to main.o(i.SystemClock_Config) for SystemClock_Config
    main.o(i.main) refers to gpio.o(i.MX_GPIO_Init) for MX_GPIO_Init
    main.o(i.main) refers to scheduler.o(i.scheduler_init) for scheduler_init
    main.o(i.main) refers to scheduler.o(i.scheduler_run) for scheduler_run
    gpio.o(i.MX_GPIO_Init) refers to memseta.o(.text) for __aeabi_memclr4
    gpio.o(i.MX_GPIO_Init) refers to stm32g4xx_hal_gpio.o(i.HAL_GPIO_WritePin) for HAL_GPIO_WritePin
    gpio.o(i.MX_GPIO_Init) refers to stm32g4xx_hal_gpio.o(i.HAL_GPIO_Init) for HAL_GPIO_Init
    stm32g4xx_it.o(i.SysTick_Handler) refers to stm32g4xx_hal.o(i.HAL_IncTick) for HAL_IncTick
    stm32g4xx_hal_msp.o(i.HAL_MspInit) refers to stm32g4xx_hal_pwr_ex.o(i.HAL_PWREx_DisableUCPDDeadBattery) for HAL_PWREx_DisableUCPDDeadBattery
    stm32g4xx_hal_pwr_ex.o(i.HAL_PWREx_ControlVoltageScaling) refers to system_stm32g4xx.o(.data) for SystemCoreClock
    stm32g4xx_hal_pwr_ex.o(i.HAL_PWREx_DisableLowPowerRunMode) refers to system_stm32g4xx.o(.data) for SystemCoreClock
    stm32g4xx_hal_pwr_ex.o(i.HAL_PWREx_PVD_PVM_IRQHandler) refers to stm32g4xx_hal_pwr.o(i.HAL_PWR_PVDCallback) for HAL_PWR_PVDCallback
    stm32g4xx_hal_pwr_ex.o(i.HAL_PWREx_PVD_PVM_IRQHandler) refers to stm32g4xx_hal_pwr_ex.o(i.HAL_PWREx_PVM1Callback) for HAL_PWREx_PVM1Callback
    stm32g4xx_hal_pwr_ex.o(i.HAL_PWREx_PVD_PVM_IRQHandler) refers to stm32g4xx_hal_pwr_ex.o(i.HAL_PWREx_PVM2Callback) for HAL_PWREx_PVM2Callback
    stm32g4xx_hal_pwr_ex.o(i.HAL_PWREx_PVD_PVM_IRQHandler) refers to stm32g4xx_hal_pwr_ex.o(i.HAL_PWREx_PVM3Callback) for HAL_PWREx_PVM3Callback
    stm32g4xx_hal_pwr_ex.o(i.HAL_PWREx_PVD_PVM_IRQHandler) refers to stm32g4xx_hal_pwr_ex.o(i.HAL_PWREx_PVM4Callback) for HAL_PWREx_PVM4Callback
    stm32g4xx_hal.o(i.HAL_DeInit) refers to stm32g4xx_hal.o(i.HAL_MspDeInit) for HAL_MspDeInit
    stm32g4xx_hal.o(i.HAL_Delay) refers to stm32g4xx_hal.o(i.HAL_GetTick) for HAL_GetTick
    stm32g4xx_hal.o(i.HAL_Delay) refers to stm32g4xx_hal.o(.data) for uwTickFreq
    stm32g4xx_hal.o(i.HAL_GetTick) refers to stm32g4xx_hal.o(.data) for uwTick
    stm32g4xx_hal.o(i.HAL_GetTickFreq) refers to stm32g4xx_hal.o(.data) for uwTickFreq
    stm32g4xx_hal.o(i.HAL_GetTickPrio) refers to stm32g4xx_hal.o(.data) for uwTickPrio
    stm32g4xx_hal.o(i.HAL_IncTick) refers to stm32g4xx_hal.o(.data) for uwTick
    stm32g4xx_hal.o(i.HAL_Init) refers to stm32g4xx_hal_cortex.o(i.HAL_NVIC_SetPriorityGrouping) for HAL_NVIC_SetPriorityGrouping
    stm32g4xx_hal.o(i.HAL_Init) refers to stm32g4xx_hal.o(i.HAL_InitTick) for HAL_InitTick
    stm32g4xx_hal.o(i.HAL_Init) refers to stm32g4xx_hal_msp.o(i.HAL_MspInit) for HAL_MspInit
    stm32g4xx_hal.o(i.HAL_InitTick) refers to stm32g4xx_hal_cortex.o(i.HAL_SYSTICK_Config) for HAL_SYSTICK_Config
    stm32g4xx_hal.o(i.HAL_InitTick) refers to stm32g4xx_hal_cortex.o(i.HAL_NVIC_SetPriority) for HAL_NVIC_SetPriority
    stm32g4xx_hal.o(i.HAL_InitTick) refers to stm32g4xx_hal.o(.data) for uwTickFreq
[...]
    stm32g4xx_hal_dma.o(i.HAL_DMA_DeInit) refers to stm32g4xx_hal_dma.o(i.DMA_CalcDMAMUXChannelBaseAndMask) for DMA_CalcDMAMUXChannelBaseAndMask
    stm32g4xx_hal_dma.o(i.HAL_DMA_DeInit) refers to stm32g4xx_hal_dma.o(i.DMA_CalcDMAMUXRequestGenBaseAndMask) for DMA_CalcDMAMUXRequestGenBaseAndMask
    stm32g4xx_hal_dma.o(i.HAL_DMA_Init) refers to stm32g4xx_hal_dma.o(i.DMA_CalcDMAMUXChannelBaseAndMask) for DMA_CalcDMAMUXChannelBaseAndMask
    stm32g4xx_hal_dma.o(i.HAL_DMA_Init) refers to stm32g4xx_hal_dma.o(i.DMA_CalcDMAMUXRequestGenBaseAndMask) for DMA_CalcDMAMUXRequestGenBaseAndMask
    stm32g4xx_hal_dma.o(i.HAL_DMA_PollForTransfer) refers to stm32g4xx_hal.o(i.HAL_GetTick) for HAL_GetTick
    stm32g4xx_hal_dma.o(i.HAL_DMA_Start) refers to stm32g4xx_hal_dma.o(i.DMA_SetConfig) for DMA_SetConfig
    stm32g4xx_hal_dma.o(i.HAL_DMA_Start_IT) refers to stm32g4xx_hal_dma.o(i.DMA_SetConfig) for DMA_SetConfig
    stm32g4xx_hal_pwr.o(i.HAL_PWR_EnterSLEEPMode) refers to stm32g4xx_hal_pwr_ex.o(i.HAL_PWREx_DisableLowPowerRunMode) for HAL_PWREx_DisableLowPowerRunMode
    stm32g4xx_hal_pwr.o(i.HAL_PWR_EnterSLEEPMode) refers to stm32g4xx_hal_pwr_ex.o(i.HAL_PWREx_EnableLowPowerRunMode) for HAL_PWREx_EnableLowPowerRunMode
    stm32g4xx_hal_pwr.o(i.HAL_PWR_EnterSTOPMode) refers to stm32g4xx_hal_pwr_ex.o(i.HAL_PWREx_EnterSTOP1Mode) for HAL_PWREx_EnterSTOP1Mode
    stm32g4xx_hal_pwr.o(i.HAL_PWR_EnterSTOPMode) refers to stm32g4xx_hal_pwr_ex.o(i.HAL_PWREx_EnterSTOP0Mode) for HAL_PWREx_EnterSTOP0Mode
    stm32g4xx_hal_cortex.o(i.HAL_NVIC_GetPriorityGrouping) refers to stm32g4xx_hal_cortex.o(i.__NVIC_GetPriorityGrouping) for __NVIC_GetPriorityGrouping
    stm32g4xx_hal_cortex.o(i.HAL_NVIC_SetPriority) refers to stm32g4xx_hal_cortex.o(i.__NVIC_GetPriorityGrouping) for __NVIC_GetPriorityGrouping
    stm32g4xx_hal_cortex.o(i.HAL_NVIC_SetPriority) refers to stm32g4xx_hal_cortex.o(i.__NVIC_SetPriority) for __NVIC_SetPriority
    stm32g4xx_hal_cortex.o(i.HAL_SYSTICK_Config) refers to stm32g4xx_hal_cortex.o(i.__NVIC_SetPriority) for __NVIC_SetPriority
    stm32g4xx_hal_cortex.o(i.HAL_SYSTICK_IRQHandler) refers to stm32g4xx_hal_cortex.o(i.HAL_SYSTICK_Callback) for HAL_SYSTICK_Callback
    system_stm32g4xx.o(i.SystemCoreClockUpdate) refers to system_stm32g4xx.o(.data) for SystemCoreClock
    system_stm32g4xx.o(i.SystemCoreClockUpdate) refers to system_stm32g4xx.o(.constdata) for AHBPrescTable
    key_app.o(i.key_read) refers to stm32g4xx_hal_gpio.o(i.HAL_GPIO_ReadPin) for HAL_GPIO_ReadPin
    key_app.o(i.key_task) refers to key_app.o(i.key_read) for key_read
    key_app.o(i.key_task) refers to key_app.o(.data) for key_val
    key_app.o(i.key_task) refers to lcd_app.o(.data) for key_id
    key_app.o(i.key_task) refers to led_app.o(.data) for led_buf
    lcd.o(i.LCD_BusIn) refers to memseta.o(.text) for __aeabi_memclr4
    lcd.o(i.LCD_BusIn) refers to stm32g4xx_hal_gpio.o(i.HAL_GPIO_Init) for HAL_GPIO_Init
    lcd.o(i.LCD_BusOut) refers to memseta.o(.text) for __aeabi_memclr4
    lcd.o(i.LCD_BusOut) refers to stm32g4xx_hal_gpio.o(i.HAL_GPIO_Init) for HAL_GPIO_Init
    lcd.o(i.LCD_Clear) refers to lcd.o(i.LCD_SetCursor) for LCD_SetCursor
    lcd.o(i.LCD_Clear) refers to lcd.o(i.LCD_WriteRAM_Prepare) for LCD_WriteRAM_Prepare
    lcd.o(i.LCD_Clear) refers to lcd.o(i.LCD_WriteRAM) for LCD_WriteRAM
    lcd.o(i.LCD_ClearLine) refers to lcd.o(i.LCD_DisplayStringLine) for LCD_DisplayStringLine
    lcd.o(i.LCD_CtrlLinesConfig) refers to memseta.o(.text) for __aeabi_memclr4
    lcd.o(i.LCD_CtrlLinesConfig) refers to stm32g4xx_hal_gpio.o(i.HAL_GPIO_Init) for HAL_GPIO_Init
    lcd.o(i.LCD_CtrlLinesConfig) refers to lcd.o(i.LCD_BusOut) for LCD_BusOut
    lcd.o(i.LCD_DisplayChar) refers to lcd.o(i.LCD_DrawChar) for LCD_DrawChar
    lcd.o(i.LCD_DisplayChar) refers to lcd.o(.constdata) for ASCII_Table
    lcd.o(i.LCD_DisplayOff) refers to lcd.o(i.LCD_WriteReg) for LCD_WriteReg
    lcd.o(i.LCD_DisplayOn) refers to lcd.o(i.LCD_WriteReg) for LCD_WriteReg
    lcd.o(i.LCD_DisplayStringLine) refers to lcd.o(i.LCD_DisplayChar) for LCD_DisplayChar
    lcd.o(i.LCD_DrawChar) refers to lcd.o(i.LCD_SetCursor) for LCD_SetCursor
    lcd.o(i.LCD_DrawChar) refers to lcd.o(i.LCD_WriteRAM_Prepare) for LCD_WriteRAM_Prepare
    lcd.o(i.LCD_DrawChar) refers to lcd.o(i.LCD_WriteRAM) for LCD_WriteRAM
    lcd.o(i.LCD_DrawChar) refers to lcd.o(.data) for BackColor
    lcd.o(i.LCD_DrawCircle) refers to lcd.o(i.LCD_SetCursor) for LCD_SetCursor
    lcd.o(i.LCD_DrawCircle) refers to lcd.o(i.LCD_WriteRAM_Prepare) for LCD_WriteRAM_Prepare
    lcd.o(i.LCD_DrawCircle) refers to lcd.o(i.LCD_WriteRAM) for LCD_WriteRAM
    lcd.o(i.LCD_DrawCircle) refers to lcd.o(.data) for TextColor
    lcd.o(i.LCD_DrawLine) refers to lcd.o(i.LCD_SetCursor) for LCD_SetCursor
    lcd.o(i.LCD_DrawLine) refers to lcd.o(i.LCD_WriteRAM_Prepare) for LCD_WriteRAM_Prepare
    lcd.o(i.LCD_DrawLine) refers to lcd.o(i.LCD_WriteRAM) for LCD_WriteRAM
    lcd.o(i.LCD_DrawLine) refers to lcd.o(.data) for TextColor
    lcd.o(i.LCD_DrawMonoPict) refers to lcd.o(i.LCD_SetCursor) for LCD_SetCursor
    lcd.o(i.LCD_DrawMonoPict) refers to lcd.o(i.LCD_WriteRAM_Prepare) for LCD_WriteRAM_Prepare
    lcd.o(i.LCD_DrawMonoPict) refers to lcd.o(i.LCD_WriteRAM) for LCD_WriteRAM
    lcd.o(i.LCD_DrawMonoPict) refers to lcd.o(.data) for BackColor
    lcd.o(i.LCD_DrawPicture) refers to lcd.o(i.LCD_SetCursor) for LCD_SetCursor
    lcd.o(i.LCD_DrawPicture) refers to lcd.o(i.LCD_WriteRAM_Prepare) for LCD_WriteRAM_Prepare
    lcd.o(i.LCD_DrawPicture) refers to lcd.o(i.LCD_WriteRAM) for LCD_WriteRAM
    lcd.o(i.LCD_DrawRect) refers to lcd.o(i.LCD_DrawLine) for LCD_DrawLine
    lcd.o(i.LCD_Init) refers to lcd.o(i.LCD_CtrlLinesConfig) for LCD_CtrlLinesConfig
    lcd.o(i.LCD_Init) refers to lcd.o(i.LCD_ReadReg) for LCD_ReadReg
    lcd.o(i.LCD_Init) refers to lcd.o(i.REG_8230_Init) for REG_8230_Init
    lcd.o(i.LCD_Init) refers to lcd.o(i.REG_932X_Init) for REG_932X_Init
    lcd.o(i.LCD_Init) refers to lcd.o(.data) for dummy
    lcd.o(i.LCD_PowerOn) refers to lcd.o(i.LCD_WriteReg) for LCD_WriteReg
    lcd.o(i.LCD_PowerOn) refers to lcd.o(i.Delay_LCD) for Delay_LCD
    lcd.o(i.LCD_ReadRAM) refers to lcd.o(i.LCD_BusIn) for LCD_BusIn
    lcd.o(i.LCD_ReadRAM) refers to lcd.o(i.LCD_BusOut) for LCD_BusOut
    lcd.o(i.LCD_ReadReg) refers to lcd.o(i.LCD_BusIn) for LCD_BusIn
    lcd.o(i.LCD_ReadReg) refers to lcd.o(i.LCD_BusOut) for LCD_BusOut
    lcd.o(i.LCD_SetBackColor) refers to lcd.o(.data) for BackColor
    lcd.o(i.LCD_SetCursor) refers to lcd.o(i.LCD_WriteReg) for LCD_WriteReg
    lcd.o(i.LCD_SetDisplayWindow) refers to lcd.o(i.LCD_WriteReg) for LCD_WriteReg
    lcd.o(i.LCD_SetDisplayWindow) refers to lcd.o(i.LCD_SetCursor) for LCD_SetCursor
    lcd.o(i.LCD_SetTextColor) refers to lcd.o(.data) for TextColor
    lcd.o(i.LCD_WindowModeDisable) refers to lcd.o(i.LCD_SetDisplayWindow) for LCD_SetDisplayWindow
    lcd.o(i.LCD_WindowModeDisable) refers to lcd.o(i.LCD_WriteReg) for LCD_WriteReg
    lcd.o(i.LCD_WriteBMP) refers to lcd.o(i.LCD_WriteReg) for LCD_WriteReg
    lcd.o(i.LCD_WriteBMP) refers to lcd.o(i.LCD_WriteRAM_Prepare) for LCD_WriteRAM_Prepare
    lcd.o(i.LCD_WriteBMP) refers to lcd.o(i.LCD_WriteRAM) for LCD_WriteRAM
    lcd.o(i.REG_8230_Init) refers to lcd.o(i.LCD_WriteReg) for LCD_WriteReg
    lcd.o(i.REG_8230_Init) refers to lcd.o(i.Delay_LCD) for Delay_LCD
    lcd.o(i.REG_932X_Init) refers to lcd.o(i.LCD_WriteReg) for LCD_WriteReg
    lcd.o(i.REG_932X_Init) refers to stm32g4xx_hal.o(i.HAL_Delay) for HAL_Delay
    lcd_app.o(i.lcd_sprintf) refers to printfa.o(i.__0vsprintf) for vsprintf
    lcd_app.o(i.lcd_sprintf) refers to lcd.o(i.LCD_DisplayStringLine) for LCD_DisplayStringLine
    lcd_app.o(i.lcd_task) refers to lcd_app.o(i.lcd_sprintf) for lcd_sprintf
    lcd_app.o(i.lcd_task) refers to lcd_app.o(.data) for count
    led_app.o(i.led_disp) refers to led_app.o(.data) for led_buf
    led_app.o(i.led_task) refers to led_app.o(i.led_disp) for led_disp
    led_app.o(i.led_task) refers to led_app.o(.data) for led_buf
    scheduler.o(i.scheduler_init) refers to lcd.o(i.LCD_Init) for LCD_Init
    scheduler.o(i.scheduler_init) refers to lcd.o(i.LCD_Clear) for LCD_Clear
    scheduler.o(i.scheduler_init) refers to lcd.o(i.LCD_SetBackColor) for LCD_SetBackColor
    scheduler.o(i.scheduler_init) refers to lcd.o(i.LCD_SetTextColor) for LCD_SetTextColor
    scheduler.o(i.scheduler_init) refers to scheduler.o(.data) for task_num
    scheduler.o(i.scheduler_run) refers to stm32g4xx_hal.o(i.HAL_GetTick) for HAL_GetTick
    scheduler.o(i.scheduler_run) refers to scheduler.o(.data) for SchedulerTasks
    scheduler.o(.data) refers to led_app.o(i.led_task) for led_task
    scheduler.o(.data) refers to key_app.o(i.key_task) for key_task
    scheduler.o(.data) refers to lcd_app.o(i.lcd_task) for lcd_task
    entry.o(.ARM.Collect$$$$00000000) refers (Special) to entry10a.o(.ARM.Collect$$$$0000000F) for __rt_final_cpp
    entry.o(.ARM.Collect$$$$00000000) refers (Special) to entry11a.o(.ARM.Collect$$$$00000011) for __rt_final_exit
    entry.o(.ARM.Collect$$$$00000000) refers (Special) to entry12b.o(.ARM.Collect$$$$0000000E) for __rt_lib_shutdown_fini
    entry.o(.ARM.Collect$$$$00000000) refers (Special) to entry7b.o(.ARM.Collect$$$$00000008) for _main_clock
    entry.o(.ARM.Collect$$$$00000000) refers (Special) to entry8b.o(.ARM.Collect$$$$0000000A) for _main_cpp_init
    entry.o(.ARM.Collect$$$$00000000) refers (Special) to entry9a.o(.ARM.Collect$$$$0000000B) for _main_init
    entry.o(.ARM.Collect$$$$00000000) refers (Special) to entry5.o(.ARM.Collect$$$$00000004) for _main_scatterload
    entry.o(.ARM.Collect$$$$00000000) refers (Special) to entry2.o(.ARM.Collect$$$$00000001) for _main_stk
    printfa.o(i.__0fprintf) refers (Special) to iusefp.o(.text) for __I$use$fp
    printfa.o(i.__0fprintf) refers to printfa.o(i._printf_core) for _printf_core
    printfa.o(i.__0fprintf) refers to fputc.o(i.fputc) for fputc
    printfa.o(i.__0printf) refers (Special) to iusefp.o(.text) for __I$use$fp
    printfa.o(i.__0printf) refers to printfa.o(i._printf_core) for _printf_core
    printfa.o(i.__0printf) refers to fputc.o(i.fputc) for fputc
    printfa.o(i.__0printf) refers to stdout.o(.data) for __stdout
    printfa.o(i.__0snprintf) refers (Special) to iusefp.o(.text) for __I$use$fp
    printfa.o(i.__0snprintf) refers to printfa.o(i._printf_core) for _printf_core
    printfa.o(i.__0snprintf) refers to printfa.o(i._snputc) for _snputc
    printfa.o(i.__0sprintf) refers (Special) to iusefp.o(.text) for __I$use$fp
    printfa.o(i.__0sprintf) refers to printfa.o(i._printf_core) for _printf_core
    printfa.o(i.__0sprintf) refers to printfa.o(i._sputc) for _sputc
    printfa.o(i.__0vfprintf) refers (Special) to iusefp.o(.text) for __I$use$fp
    printfa.o(i.__0vfprintf) refers to printfa.o(i._printf_core) for _printf_core
    printfa.o(i.__0vfprintf) refers to fputc.o(i.fputc) for fputc
    printfa.o(i.__0vprintf) refers (Special) to iusefp.o(.text) for __I$use$fp
    printfa.o(i.__0vprintf) refers to printfa.o(i._printf_core) for _printf_core
    printfa.o(i.__0vprintf) refers to fputc.o(i.fputc) for fputc
    printfa.o(i.__0vprintf) refers to stdout.o(.data) for __stdout
    printfa.o(i.__0vsnprintf) refers (Special) to iusefp.o(.text) for __I$use$fp
    printfa.o(i.__0vsnprintf) refers to printfa.o(i._printf_core) for _printf_core
    printfa.o(i.__0vsnprintf) refers to printfa.o(i._snputc) for _snputc
    printfa.o(i.__0vsprintf) refers (Special) to iusefp.o(.text) for __I$use$fp
    printfa.o(i.__0vsprintf) refers to printfa.o(i._printf_core) for _printf_core
    printfa.o(i.__0vsprintf) refers to printfa.o(i._sputc) for _sputc
    printfa.o(i._fp_digits) refers (Special) to iusefp.o(.text) for __I$use$fp
    printfa.o(i._fp_digits) refers to dmul.o(.text) for __aeabi_dmul
    printfa.o(i._fp_digits) refers to ddiv.o(.text) for __aeabi_ddiv
    printfa.o(i._fp_digits) refers to cdrcmple.o(.text) for __aeabi_cdrcmple
    printfa.o(i._fp_digits) refers to dadd.o(.text) for __aeabi_dadd
    printfa.o(i._fp_digits) refers to dfixul.o(.text) for __aeabi_d2ulz
    printfa.o(i._fp_digits) refers to uldiv.o(.text) for __aeabi_uldivmod
    printfa.o(i._printf_core) refers (Special) to iusefp.o(.text) for __I$use$fp
    printfa.o(i._printf_core) refers to printfa.o(i._printf_pre_padding) for _printf_pre_padding
    printfa.o(i._printf_core) refers to uldiv.o(.text) for __aeabi_uldivmod
    printfa.o(i._printf_core) refers to printfa.o(i._printf_post_padding) for _printf_post_padding
    printfa.o(i._printf_core) refers to printfa.o(i._fp_digits) for _fp_digits
    printfa.o(i._printf_core) refers to uidiv.o(.text) for __aeabi_uidivmod
    printfa.o(i._printf_post_padding) refers (Special) to iusefp.o(.text) for __I$use$fp
    printfa.o(i._printf_pre_padding) refers (Special) to iusefp.o(.text) for __I$use$fp
    printfa.o(i._snputc) refers (Special) to iusefp.o(.text) for __I$use$fp
    printfa.o(i._sputc) refers (Special) to iusefp.o(.text) for __I$use$fp
    entry2.o(.ARM.Collect$$$$00000001) refers to entry2.o(.ARM.Collect$$$$00002712) for __lit__00000000
    entry2.o(.ARM.Collect$$$$00002712) refers to startup_stm32g431xx.o(STACK) for __initial_sp
    entry2.o(__vectab_stack_and_reset_area) refers to startup_stm32g431xx.o(STACK) for __initial_sp
    entry2.o(__vectab_stack_and_reset_area) refers to entry.o(.ARM.Collect$$$$00000000) for __main
    entry5.o(.ARM.Collect$$$$00000004) refers to init.o(.text) for __scatterload
    entry9a.o(.ARM.Collect$$$$0000000B) refers to main.o(i.main) for main
    entry9b.o(.ARM.Collect$$$$0000000C) refers to main.o(i.main) for main
    fputc.o(i.fputc) refers (Special) to iusesemip.o(.text) for __I$use$semihosting$fputc
    fputc.o(i.fputc) refers (Special) to semi.o(.text) for __semihosting_library_function
    uldiv.o(.text) refers to llushr.o(.text) for __aeabi_llsr
    uldiv.o(.text) refers to llshl.o(.text) for __aeabi_llsl
    dadd.o(.text) refers to llshl.o(.text) for __aeabi_llsl
    dadd.o(.text) refers to llsshr.o(.text) for __aeabi_lasr
    dadd.o(.text) refers to depilogue.o(.text) for _double_epilogue
    dmul.o(.text) refers to depilogue.o(.text) for _double_epilogue
    ddiv.o(.text) refers to depilogue.o(.text) for _double_round
    dfixul.o(.text) refers to llushr.o(.text) for __aeabi_llsr
    dfixul.o(.text) refers to llshl.o(.text) for __aeabi_llsl
    init.o(.text) refers to entry5.o(.ARM.Collect$$$$00000004) for __main_after_scatterload
    depilogue.o(.text) refers to llshl.o(.text) for __aeabi_llsl
    depilogue.o(.text) refers to llushr.o(.text) for __aeabi_llsr


==============================================================================

Removing Unused input sections from the image.

    Removing startup_stm32g431xx.o(HEAP), (512 bytes).
    Removing main.o(.rev16_text), (4 bytes).
    Removing main.o(.revsh_text), (4 bytes).
    Removing main.o(.rrx_text), (6 bytes).
    Removing gpio.o(.rev16_text), (4 bytes).
    Removing gpio.o(.revsh_text), (4 bytes).
    Removing gpio.o(.rrx_text), (6 bytes).
    Removing stm32g4xx_it.o(.rev16_text), (4 bytes).
    Removing stm32g4xx_it.o(.revsh_text), (4 bytes).
    Removing stm32g4xx_it.o(.rrx_text), (6 bytes).
    Removing stm32g4xx_hal_msp.o(.rev16_text), (4 bytes).
    Removing stm32g4xx_hal_msp.o(.revsh_text), (4 bytes).
    Removing stm32g4xx_hal_msp.o(.rrx_text), (6 bytes).
    Removing stm32g4xx_hal_pwr_ex.o(.rev16_text), (4 bytes).
    Removing stm32g4xx_hal_pwr_ex.o(.revsh_text), (4 bytes).
    Removing stm32g4xx_hal_pwr_ex.o(.rrx_text), (6 bytes).
    Removing stm32g4xx_hal_pwr_ex.o(i.HAL_PWREx_ConfigPVM), (668 bytes).
    Removing stm32g4xx_hal_pwr_ex.o(i.HAL_PWREx_DisableBatteryCharging), (20 bytes).
    Removing stm32g4xx_hal_pwr_ex.o(i.HAL_PWREx_DisableGPIOPullDown), (132 bytes).
    Removing stm32g4xx_hal_pwr_ex.o(i.HAL_PWREx_DisableGPIOPullUp), (132 bytes).
    Removing stm32g4xx_hal_pwr_ex.o(i.HAL_PWREx_DisableInternalWakeUpLine), (20 bytes).
    Removing stm32g4xx_hal_pwr_ex.o(i.HAL_PWREx_DisableLowPowerRunMode), (84 bytes).
    Removing stm32g4xx_hal_pwr_ex.o(i.HAL_PWREx_DisablePVM1), (20 bytes).
    Removing stm32g4xx_hal_pwr_ex.o(i.HAL_PWREx_DisablePVM2), (20 bytes).
    Removing stm32g4xx_hal_pwr_ex.o(i.HAL_PWREx_DisablePVM3), (20 bytes).
    Removing stm32g4xx_hal_pwr_ex.o(i.HAL_PWREx_DisablePVM4), (20 bytes).
    Removing stm32g4xx_hal_pwr_ex.o(i.HAL_PWREx_DisablePullUpPullDownConfig), (20 bytes).
    Removing stm32g4xx_hal_pwr_ex.o(i.HAL_PWREx_DisableSRAM2ContentRetention), (20 bytes).
    Removing stm32g4xx_hal_pwr_ex.o(i.HAL_PWREx_DisableUCPDStandbyMode), (20 bytes).
    Removing stm32g4xx_hal_pwr_ex.o(i.HAL_PWREx_EnableBatteryCharging), (32 bytes).
    Removing stm32g4xx_hal_pwr_ex.o(i.HAL_PWREx_EnableGPIOPullDown), (208 bytes).
    Removing stm32g4xx_hal_pwr_ex.o(i.HAL_PWREx_EnableGPIOPullUp), (208 bytes).
    Removing stm32g4xx_hal_pwr_ex.o(i.HAL_PWREx_EnableInternalWakeUpLine), (20 bytes).
    Removing stm32g4xx_hal_pwr_ex.o(i.HAL_PWREx_EnableLowPowerRunMode), (20 bytes).
    Removing stm32g4xx_hal_pwr_ex.o(i.HAL_PWREx_EnablePVM1), (20 bytes).
    Removing stm32g4xx_hal_pwr_ex.o(i.HAL_PWREx_EnablePVM2), (20 bytes).
    Removing stm32g4xx_hal_pwr_ex.o(i.HAL_PWREx_EnablePVM3), (20 bytes).
    Removing stm32g4xx_hal_pwr_ex.o(i.HAL_PWREx_EnablePVM4), (20 bytes).
    Removing stm32g4xx_hal_pwr_ex.o(i.HAL_PWREx_EnablePullUpPullDownConfig), (20 bytes).
    Removing stm32g4xx_hal_pwr_ex.o(i.HAL_PWREx_EnableSRAM2ContentRetention), (20 bytes).
    Removing stm32g4xx_hal_pwr_ex.o(i.HAL_PWREx_EnableUCPDDeadBattery), (20 bytes).
    Removing stm32g4xx_hal_pwr_ex.o(i.HAL_PWREx_EnableUCPDStandbyMode), (20 bytes).
    Removing stm32g4xx_hal_pwr_ex.o(i.HAL_PWREx_EnterSHUTDOWNMode), (44 bytes).
    Removing stm32g4xx_hal_pwr_ex.o(i.HAL_PWREx_EnterSTOP0Mode), (60 bytes).
    Removing stm32g4xx_hal_pwr_ex.o(i.HAL_PWREx_EnterSTOP1Mode), (64 bytes).
    Removing stm32g4xx_hal_pwr_ex.o(i.HAL_PWREx_GetVoltageRange), (52 bytes).
    Removing stm32g4xx_hal_pwr_ex.o(i.HAL_PWREx_PVD_PVM_IRQHandler), (128 bytes).
    Removing stm32g4xx_hal_pwr_ex.o(i.HAL_PWREx_PVM1Callback), (2 bytes).
    Removing stm32g4xx_hal_pwr_ex.o(i.HAL_PWREx_PVM2Callback), (2 bytes).
    Removing stm32g4xx_hal_pwr_ex.o(i.HAL_PWREx_PVM3Callback), (2 bytes).
    Removing stm32g4xx_hal_pwr_ex.o(i.HAL_PWREx_PVM4Callback), (2 bytes).
    Removing stm32g4xx_hal.o(.rev16_text), (4 bytes).
    Removing stm32g4xx_hal.o(.revsh_text), (4 bytes).
    Removing stm32g4xx_hal.o(.rrx_text), (6 bytes).
    Removing stm32g4xx_hal.o(i.HAL_DBGMCU_DisableDBGSleepMode), (20 bytes).
    Removing stm32g4xx_hal.o(i.HAL_DBGMCU_DisableDBGStandbyMode), (20 bytes).
    Removing stm32g4xx_hal.o(i.HAL_DBGMCU_DisableDBGStopMode), (20 bytes).
    Removing stm32g4xx_hal.o(i.HAL_DBGMCU_EnableDBGSleepMode), (20 bytes).
    Removing stm32g4xx_hal.o(i.HAL_DBGMCU_EnableDBGStandbyMode), (20 bytes).
    Removing stm32g4xx_hal.o(i.HAL_DBGMCU_EnableDBGStopMode), (20 bytes).
    Removing stm32g4xx_hal.o(i.HAL_DeInit), (60 bytes).
    Removing stm32g4xx_hal.o(i.HAL_GetDEVID), (16 bytes).
    Removing stm32g4xx_hal.o(i.HAL_GetHalVersion), (8 bytes).
    Removing stm32g4xx_hal.o(i.HAL_GetREVID), (12 bytes).
    Removing stm32g4xx_hal.o(i.HAL_GetTickFreq), (12 bytes).
    Removing stm32g4xx_hal.o(i.HAL_GetTickPrio), (12 bytes).
    Removing stm32g4xx_hal.o(i.HAL_GetUIDw0), (12 bytes).
    Removing stm32g4xx_hal.o(i.HAL_GetUIDw1), (12 bytes).
    Removing stm32g4xx_hal.o(i.HAL_GetUIDw2), (12 bytes).
    Removing stm32g4xx_hal.o(i.HAL_MspDeInit), (2 bytes).
    Removing stm32g4xx_hal.o(i.HAL_MspInit), (2 bytes).
    Removing stm32g4xx_hal.o(i.HAL_ResumeTick), (18 bytes).
    Removing stm32g4xx_hal.o(i.HAL_SYSCFG_CCMSRAMErase), (28 bytes).
    Removing stm32g4xx_hal.o(i.HAL_SYSCFG_CCMSRAM_WriteProtectionEnable), (16 bytes).
    Removing stm32g4xx_hal.o(i.HAL_SYSCFG_DisableIOSwitchBooster), (20 bytes).
    Removing stm32g4xx_hal.o(i.HAL_SYSCFG_DisableIOSwitchVDD), (20 bytes).
    Removing stm32g4xx_hal.o(i.HAL_SYSCFG_DisableMemorySwappingBank), (20 bytes).
    Removing stm32g4xx_hal.o(i.HAL_SYSCFG_DisableVREFBUF), (20 bytes).
    Removing stm32g4xx_hal.o(i.HAL_SYSCFG_EnableIOSwitchBooster), (20 bytes).
    Removing stm32g4xx_hal.o(i.HAL_SYSCFG_EnableIOSwitchVDD), (20 bytes).
    Removing stm32g4xx_hal.o(i.HAL_SYSCFG_EnableMemorySwappingBank), (20 bytes).
    Removing stm32g4xx_hal.o(i.HAL_SYSCFG_EnableVREFBUF), (56 bytes).
    Removing stm32g4xx_hal.o(i.HAL_SYSCFG_VREFBUF_HighImpedanceConfig), (20 bytes).
    Removing stm32g4xx_hal.o(i.HAL_SYSCFG_VREFBUF_TrimmingConfig), (20 bytes).
    Removing stm32g4xx_hal.o(i.HAL_SYSCFG_VREFBUF_VoltageScalingConfig), (20 bytes).
    Removing stm32g4xx_hal.o(i.HAL_SetTickFreq), (48 bytes).
    Removing stm32g4xx_hal.o(i.HAL_SuspendTick), (18 bytes).
    Removing stm32g4xx_hal_rcc.o(.rev16_text), (4 bytes).
    Removing stm32g4xx_hal_rcc.o(.revsh_text), (4 bytes).
    Removing stm32g4xx_hal_rcc.o(.rrx_text), (6 bytes).
    Removing stm32g4xx_hal_rcc.o(i.HAL_RCC_CSSCallback), (2 bytes).
    Removing stm32g4xx_hal_rcc.o(i.HAL_RCC_DeInit), (220 bytes).
    Removing stm32g4xx_hal_rcc.o(i.HAL_RCC_DisableLSECSS), (24 bytes).
    Removing stm32g4xx_hal_rcc.o(i.HAL_RCC_EnableCSS), (20 bytes).
    Removing stm32g4xx_hal_rcc.o(i.HAL_RCC_EnableLSECSS), (24 bytes).
    Removing stm32g4xx_hal_rcc.o(i.HAL_RCC_GetClockConfig), (68 bytes).
    Removing stm32g4xx_hal_rcc.o(i.HAL_RCC_GetHCLKFreq), (12 bytes).
    Removing stm32g4xx_hal_rcc.o(i.HAL_RCC_GetOscConfig), (272 bytes).
    Removing stm32g4xx_hal_rcc.o(i.HAL_RCC_GetPCLK1Freq), (36 bytes).
    Removing stm32g4xx_hal_rcc.o(i.HAL_RCC_GetPCLK2Freq), (36 bytes).
    Removing stm32g4xx_hal_rcc.o(i.HAL_RCC_MCOConfig), (108 bytes).
    Removing stm32g4xx_hal_rcc.o(i.HAL_RCC_NMI_IRQHandler), (36 bytes).
    Removing stm32g4xx_hal_rcc_ex.o(.rev16_text), (4 bytes).
    Removing stm32g4xx_hal_rcc_ex.o(.revsh_text), (4 bytes).
    Removing stm32g4xx_hal_rcc_ex.o(.rrx_text), (6 bytes).
    Removing stm32g4xx_hal_rcc_ex.o(i.HAL_RCCEx_CRSConfig), (84 bytes).
    Removing stm32g4xx_hal_rcc_ex.o(i.HAL_RCCEx_CRSGetSynchronizationInfo), (44 bytes).
    Removing stm32g4xx_hal_rcc_ex.o(i.HAL_RCCEx_CRSSoftwareSynchronizationGenerate), (20 bytes).
    Removing stm32g4xx_hal_rcc_ex.o(i.HAL_RCCEx_CRSWaitSynchronization), (196 bytes).
    Removing stm32g4xx_hal_rcc_ex.o(i.HAL_RCCEx_CRS_ErrorCallback), (2 bytes).
    Removing stm32g4xx_hal_rcc_ex.o(i.HAL_RCCEx_CRS_ExpectedSyncCallback), (2 bytes).
    Removing stm32g4xx_hal_rcc_ex.o(i.HAL_RCCEx_CRS_IRQHandler), (144 bytes).
    Removing stm32g4xx_hal_rcc_ex.o(i.HAL_RCCEx_CRS_SyncOkCallback), (2 bytes).
    Removing stm32g4xx_hal_rcc_ex.o(i.HAL_RCCEx_CRS_SyncWarnCallback), (2 bytes).
    Removing stm32g4xx_hal_rcc_ex.o(i.HAL_RCCEx_DisableLSCO), (112 bytes).
    Removing stm32g4xx_hal_rcc_ex.o(i.HAL_RCCEx_DisableLSECSS), (32 bytes).
    Removing stm32g4xx_hal_rcc_ex.o(i.HAL_RCCEx_EnableLSCO), (180 bytes).
    Removing stm32g4xx_hal_rcc_ex.o(i.HAL_RCCEx_EnableLSECSS), (24 bytes).
    Removing stm32g4xx_hal_rcc_ex.o(i.HAL_RCCEx_EnableLSECSS_IT), (64 bytes).
    Removing stm32g4xx_hal_rcc_ex.o(i.HAL_RCCEx_GetPeriphCLKConfig), (176 bytes).
    Removing stm32g4xx_hal_rcc_ex.o(i.HAL_RCCEx_GetPeriphCLKFreq), (1560 bytes).
    Removing stm32g4xx_hal_rcc_ex.o(i.HAL_RCCEx_LSECSS_Callback), (2 bytes).
    Removing stm32g4xx_hal_rcc_ex.o(i.HAL_RCCEx_LSECSS_IRQHandler), (36 bytes).
    Removing stm32g4xx_hal_rcc_ex.o(i.HAL_RCCEx_PeriphCLKConfig), (880 bytes).
    Removing stm32g4xx_hal_flash.o(.rev16_text), (4 bytes).
    Removing stm32g4xx_hal_flash.o(.revsh_text), (4 bytes).
    Removing stm32g4xx_hal_flash.o(.rrx_text), (6 bytes).
    Removing stm32g4xx_hal_flash.o(i.FLASH_Program_DoubleWord), (40 bytes).
    Removing stm32g4xx_hal_flash.o(i.FLASH_Program_Fast), (64 bytes).
    Removing stm32g4xx_hal_flash.o(i.FLASH_WaitForLastOperation), (140 bytes).
    Removing stm32g4xx_hal_flash.o(i.HAL_FLASH_EndOfOperationCallback), (2 bytes).
    Removing stm32g4xx_hal_flash.o(i.HAL_FLASH_GetError), (12 bytes).
    Removing stm32g4xx_hal_flash.o(i.HAL_FLASH_IRQHandler), (344 bytes).
    Removing stm32g4xx_hal_flash.o(i.HAL_FLASH_Lock), (32 bytes).
    Removing stm32g4xx_hal_flash.o(i.HAL_FLASH_OB_Launch), (28 bytes).
    Removing stm32g4xx_hal_flash.o(i.HAL_FLASH_OB_Lock), (32 bytes).
    Removing stm32g4xx_hal_flash.o(i.HAL_FLASH_OB_Unlock), (48 bytes).
    Removing stm32g4xx_hal_flash.o(i.HAL_FLASH_OperationErrorCallback), (2 bytes).
    Removing stm32g4xx_hal_flash.o(i.HAL_FLASH_Program), (192 bytes).
    Removing stm32g4xx_hal_flash.o(i.HAL_FLASH_Program_IT), (184 bytes).
    Removing stm32g4xx_hal_flash.o(i.HAL_FLASH_Unlock), (48 bytes).
    Removing stm32g4xx_hal_flash.o(.data), (32 bytes).
    Removing stm32g4xx_hal_flash_ex.o(.rev16_text), (4 bytes).
    Removing stm32g4xx_hal_flash_ex.o(.revsh_text), (4 bytes).
    Removing stm32g4xx_hal_flash_ex.o(.rrx_text), (6 bytes).
    Removing stm32g4xx_hal_flash_ex.o(i.FLASH_FlushCaches), (120 bytes).
    Removing stm32g4xx_hal_flash_ex.o(i.FLASH_MassErase), (36 bytes).
    Removing stm32g4xx_hal_flash_ex.o(i.FLASH_OB_BootLockConfig), (60 bytes).
    Removing stm32g4xx_hal_flash_ex.o(i.FLASH_OB_GetBootLock), (16 bytes).
    Removing stm32g4xx_hal_flash_ex.o(i.FLASH_OB_GetPCROP), (64 bytes).
    Removing stm32g4xx_hal_flash_ex.o(i.FLASH_OB_GetRDP), (28 bytes).
    Removing stm32g4xx_hal_flash_ex.o(i.FLASH_OB_GetSecMem), (20 bytes).
    Removing stm32g4xx_hal_flash_ex.o(i.FLASH_OB_GetUser), (16 bytes).
    Removing stm32g4xx_hal_flash_ex.o(i.FLASH_OB_GetWRP), (56 bytes).
    Removing stm32g4xx_hal_flash_ex.o(i.FLASH_OB_PCROPConfig), (124 bytes).
    Removing stm32g4xx_hal_flash_ex.o(i.FLASH_OB_RDPConfig), (60 bytes).
    Removing stm32g4xx_hal_flash_ex.o(i.FLASH_OB_SecMemConfig), (68 bytes).
    Removing stm32g4xx_hal_flash_ex.o(i.FLASH_OB_UserConfig), (316 bytes).
    Removing stm32g4xx_hal_flash_ex.o(i.FLASH_OB_WRPConfig), (80 bytes).
    Removing stm32g4xx_hal_flash_ex.o(i.FLASH_PageErase), (44 bytes).
    Removing stm32g4xx_hal_flash_ex.o(i.HAL_FLASHEx_DisableDebugger), (20 bytes).
    Removing stm32g4xx_hal_flash_ex.o(i.HAL_FLASHEx_EnableDebugger), (20 bytes).
    Removing stm32g4xx_hal_flash_ex.o(i.HAL_FLASHEx_EnableSecMemProtection), (24 bytes).
    Removing stm32g4xx_hal_flash_ex.o(i.HAL_FLASHEx_Erase), (256 bytes).
    Removing stm32g4xx_hal_flash_ex.o(i.HAL_FLASHEx_Erase_IT), (192 bytes).
    Removing stm32g4xx_hal_flash_ex.o(i.HAL_FLASHEx_OBGetConfig), (116 bytes).
    Removing stm32g4xx_hal_flash_ex.o(i.HAL_FLASHEx_OBProgram), (176 bytes).
    Removing stm32g4xx_hal_flash_ramfunc.o(.rev16_text), (4 bytes).
    Removing stm32g4xx_hal_flash_ramfunc.o(.revsh_text), (4 bytes).
    Removing stm32g4xx_hal_flash_ramfunc.o(.rrx_text), (6 bytes).
    Removing stm32g4xx_hal_flash_ramfunc.o(i.HAL_FLASHEx_DisableRunPowerDown), (40 bytes).
    Removing stm32g4xx_hal_flash_ramfunc.o(i.HAL_FLASHEx_EnableRunPowerDown), (40 bytes).
    Removing stm32g4xx_hal_gpio.o(.rev16_text), (4 bytes).
    Removing stm32g4xx_hal_gpio.o(.revsh_text), (4 bytes).
    Removing stm32g4xx_hal_gpio.o(.rrx_text), (6 bytes).
    Removing stm32g4xx_hal_gpio.o(i.HAL_GPIO_DeInit), (300 bytes).
    Removing stm32g4xx_hal_gpio.o(i.HAL_GPIO_EXTI_Callback), (2 bytes).
    Removing stm32g4xx_hal_gpio.o(i.HAL_GPIO_EXTI_IRQHandler), (28 bytes).
    Removing stm32g4xx_hal_gpio.o(i.HAL_GPIO_LockPin), (46 bytes).
    Removing stm32g4xx_hal_gpio.o(i.HAL_GPIO_TogglePin), (20 bytes).
    Removing stm32g4xx_hal_exti.o(.rev16_text), (4 bytes).
    Removing stm32g4xx_hal_exti.o(.revsh_text), (4 bytes).
    Removing stm32g4xx_hal_exti.o(.rrx_text), (6 bytes).
    Removing stm32g4xx_hal_exti.o(i.HAL_EXTI_ClearConfigLine), (148 bytes).
    Removing stm32g4xx_hal_exti.o(i.HAL_EXTI_ClearPending), (36 bytes).
    Removing stm32g4xx_hal_exti.o(i.HAL_EXTI_GenerateSWI), (36 bytes).
    Removing stm32g4xx_hal_exti.o(i.HAL_EXTI_GetConfigLine), (192 bytes).
    Removing stm32g4xx_hal_exti.o(i.HAL_EXTI_GetHandle), (14 bytes).
    Removing stm32g4xx_hal_exti.o(i.HAL_EXTI_GetPending), (44 bytes).
    Removing stm32g4xx_hal_exti.o(i.HAL_EXTI_IRQHandler), (56 bytes).
    Removing stm32g4xx_hal_exti.o(i.HAL_EXTI_RegisterCallback), (24 bytes).
    Removing stm32g4xx_hal_exti.o(i.HAL_EXTI_SetConfigLine), (228 bytes).
    Removing stm32g4xx_hal_dma.o(.rev16_text), (4 bytes).
    Removing stm32g4xx_hal_dma.o(.revsh_text), (4 bytes).
    Removing stm32g4xx_hal_dma.o(.rrx_text), (6 bytes).
    Removing stm32g4xx_hal_dma.o(i.DMA_CalcDMAMUXChannelBaseAndMask), (68 bytes).
    Removing stm32g4xx_hal_dma.o(i.DMA_CalcDMAMUXRequestGenBaseAndMask), (36 bytes).
    Removing stm32g4xx_hal_dma.o(i.DMA_SetConfig), (64 bytes).
    Removing stm32g4xx_hal_dma.o(i.HAL_DMA_Abort), (118 bytes).
    Removing stm32g4xx_hal_dma.o(i.HAL_DMA_Abort_IT), (148 bytes).
    Removing stm32g4xx_hal_dma.o(i.HAL_DMA_DeInit), (188 bytes).
    Removing stm32g4xx_hal_dma.o(i.HAL_DMA_GetError), (6 bytes).
    Removing stm32g4xx_hal_dma.o(i.HAL_DMA_GetState), (8 bytes).
    Removing stm32g4xx_hal_dma.o(i.HAL_DMA_IRQHandler), (254 bytes).
    Removing stm32g4xx_hal_dma.o(i.HAL_DMA_Init), (208 bytes).
    Removing stm32g4xx_hal_dma.o(i.HAL_DMA_PollForTransfer), (328 bytes).
    Removing stm32g4xx_hal_dma.o(i.HAL_DMA_RegisterCallback), (90 bytes).
    Removing stm32g4xx_hal_dma.o(i.HAL_DMA_Start), (114 bytes).
    Removing stm32g4xx_hal_dma.o(i.HAL_DMA_Start_IT), (194 bytes).
    Removing stm32g4xx_hal_dma.o(i.HAL_DMA_UnRegisterCallback), (106 bytes).
    Removing stm32g4xx_hal_dma_ex.o(.rev16_text), (4 bytes).
    Removing stm32g4xx_hal_dma_ex.o(.revsh_text), (4 bytes).
    Removing stm32g4xx_hal_dma_ex.o(.rrx_text), (6 bytes).
    Removing stm32g4xx_hal_dma_ex.o(i.HAL_DMAEx_ConfigMuxRequestGenerator), (86 bytes).
    Removing stm32g4xx_hal_dma_ex.o(i.HAL_DMAEx_ConfigMuxSync), (88 bytes).
    Removing stm32g4xx_hal_dma_ex.o(i.HAL_DMAEx_DisableMuxRequestGenerator), (32 bytes).
    Removing stm32g4xx_hal_dma_ex.o(i.HAL_DMAEx_EnableMuxRequestGenerator), (32 bytes).
    Removing stm32g4xx_hal_dma_ex.o(i.HAL_DMAEx_MUX_IRQHandler), (102 bytes).
    Removing stm32g4xx_hal_pwr.o(.rev16_text), (4 bytes).
    Removing stm32g4xx_hal_pwr.o(.revsh_text), (4 bytes).
    Removing stm32g4xx_hal_pwr.o(.rrx_text), (6 bytes).
    Removing stm32g4xx_hal_pwr.o(i.HAL_PWR_ConfigPVD), (184 bytes).
    Removing stm32g4xx_hal_pwr.o(i.HAL_PWR_DeInit), (28 bytes).
    Removing stm32g4xx_hal_pwr.o(i.HAL_PWR_DisableBkUpAccess), (20 bytes).
    Removing stm32g4xx_hal_pwr.o(i.HAL_PWR_DisablePVD), (20 bytes).
    Removing stm32g4xx_hal_pwr.o(i.HAL_PWR_DisableSEVOnPend), (20 bytes).
    Removing stm32g4xx_hal_pwr.o(i.HAL_PWR_DisableSleepOnExit), (20 bytes).
    Removing stm32g4xx_hal_pwr.o(i.HAL_PWR_DisableWakeUpPin), (20 bytes).
    Removing stm32g4xx_hal_pwr.o(i.HAL_PWR_EnableBkUpAccess), (20 bytes).
    Removing stm32g4xx_hal_pwr.o(i.HAL_PWR_EnablePVD), (20 bytes).
    Removing stm32g4xx_hal_pwr.o(i.HAL_PWR_EnableSEVOnPend), (20 bytes).
    Removing stm32g4xx_hal_pwr.o(i.HAL_PWR_EnableSleepOnExit), (20 bytes).
    Removing stm32g4xx_hal_pwr.o(i.HAL_PWR_EnableWakeUpPin), (40 bytes).
    Removing stm32g4xx_hal_pwr.o(i.HAL_PWR_EnterSLEEPMode), (80 bytes).
    Removing stm32g4xx_hal_pwr.o(i.HAL_PWR_EnterSTANDBYMode), (44 bytes).
    Removing stm32g4xx_hal_pwr.o(i.HAL_PWR_EnterSTOPMode), (28 bytes).
    Removing stm32g4xx_hal_pwr.o(i.HAL_PWR_PVDCallback), (2 bytes).
    Removing stm32g4xx_hal_cortex.o(.rev16_text), (4 bytes).
    Removing stm32g4xx_hal_cortex.o(.revsh_text), (4 bytes).
    Removing stm32g4xx_hal_cortex.o(.rrx_text), (6 bytes).
    Removing stm32g4xx_hal_cortex.o(i.HAL_MPU_ConfigRegion), (92 bytes).
    Removing stm32g4xx_hal_cortex.o(i.HAL_MPU_Disable), (28 bytes).
    Removing stm32g4xx_hal_cortex.o(i.HAL_MPU_DisableRegion), (28 bytes).
    Removing stm32g4xx_hal_cortex.o(i.HAL_MPU_Enable), (48 bytes).
    Removing stm32g4xx_hal_cortex.o(i.HAL_MPU_EnableRegion), (28 bytes).
    Removing stm32g4xx_hal_cortex.o(i.HAL_NVIC_ClearPendingIRQ), (36 bytes).
    Removing stm32g4xx_hal_cortex.o(i.HAL_NVIC_DisableIRQ), (68 bytes).
    Removing stm32g4xx_hal_cortex.o(i.HAL_NVIC_EnableIRQ), (40 bytes).
    Removing stm32g4xx_hal_cortex.o(i.HAL_NVIC_GetActive), (48 bytes).
    Removing stm32g4xx_hal_cortex.o(i.HAL_NVIC_GetPendingIRQ), (48 bytes).
    Removing stm32g4xx_hal_cortex.o(i.HAL_NVIC_GetPriority), (148 bytes).
    Removing stm32g4xx_hal_cortex.o(i.HAL_NVIC_GetPriorityGrouping), (8 bytes).
    Removing stm32g4xx_hal_cortex.o(i.HAL_NVIC_SetPendingIRQ), (36 bytes).
    Removing stm32g4xx_hal_cortex.o(i.HAL_NVIC_SystemReset), (68 bytes).
    Removing stm32g4xx_hal_cortex.o(i.HAL_SYSTICK_CLKSourceConfig), (40 bytes).
    Removing stm32g4xx_hal_cortex.o(i.HAL_SYSTICK_Callback), (2 bytes).
    Removing stm32g4xx_hal_cortex.o(i.HAL_SYSTICK_IRQHandler), (8 bytes).
    Removing system_stm32g4xx.o(.rev16_text), (4 bytes).
    Removing system_stm32g4xx.o(.revsh_text), (4 bytes).
    Removing system_stm32g4xx.o(.rrx_text), (6 bytes).
    Removing system_stm32g4xx.o(i.SystemCoreClockUpdate), (156 bytes).
    Removing key_app.o(.rev16_text), (4 bytes).
    Removing key_app.o(.revsh_text), (4 bytes).
    Removing key_app.o(.rrx_text), (6 bytes).
    Removing lcd.o(.rev16_text), (4 bytes).
    Removing lcd.o(.revsh_text), (4 bytes).
    Removing lcd.o(.rrx_text), (6 bytes).
    Removing lcd.o(i.LCD_ClearLine), (40 bytes).
    Removing lcd.o(i.LCD_DisplayOff), (12 bytes).
    Removing lcd.o(i.LCD_DisplayOn), (14 bytes).
    Removing lcd.o(i.LCD_DrawCircle), (256 bytes).
    Removing lcd.o(i.LCD_DrawLine), (92 bytes).
    Removing lcd.o(i.LCD_DrawMonoPict), (84 bytes).
    Removing lcd.o(i.LCD_DrawPicture), (48 bytes).
    Removing lcd.o(i.LCD_DrawRect), (66 bytes).
    Removing lcd.o(i.LCD_PowerOn), (118 bytes).
    Removing lcd.o(i.LCD_ReadRAM), (172 bytes).
    Removing lcd.o(i.LCD_SetDisplayWindow), (88 bytes).
    Removing lcd.o(i.LCD_WindowModeDisable), (28 bytes).
    Removing lcd.o(i.LCD_WriteBMP), (74 bytes).
    Removing lcd_app.o(.rev16_text), (4 bytes).
    Removing lcd_app.o(.revsh_text), (4 bytes).
    Removing lcd_app.o(.rrx_text), (6 bytes).
    Removing led_app.o(.rev16_text), (4 bytes).
    Removing led_app.o(.revsh_text), (4 bytes).
    Removing led_app.o(.rrx_text), (6 bytes).
    Removing scheduler.o(.rev16_text), (4 bytes).
    Removing scheduler.o(.revsh_text), (4 bytes).
    Removing scheduler.o(.rrx_text), (6 bytes).

289 unused section(s) (total 17362 bytes) removed from the image.

==============================================================================

Image Symbol Table

    Local Symbols

    Symbol Name                              Value     Ov Type        Size  Object(Section)

    ../Core/Src/gpio.c                       0x00000000   Number         0  gpio.o ABSOLUTE
    ../Core/Src/main.c                       0x00000000   Number         0  main.o ABSOLUTE
    ../Core/Src/stm32g4xx_hal_msp.c          0x00000000   Number         0  stm32g4xx_hal_msp.o ABSOLUTE
    ../Core/Src/stm32g4xx_it.c               0x00000000   Number         0  stm32g4xx_it.o ABSOLUTE
    ../Core/Src/system_stm32g4xx.c           0x00000000   Number         0  system_stm32g4xx.o ABSOLUTE
    ../Drivers/STM32G4xx_HAL_Driver/Src/stm32g4xx_hal.c 0x00000000   Number         0  stm32g4xx_hal.o ABSOLUTE
    ../Drivers/STM32G4xx_HAL_Driver/Src/stm32g4xx_hal_cortex.c 0x00000000   Number         0  stm32g4xx_hal_cortex.o ABSOLUTE
    ../Drivers/STM32G4xx_HAL_Driver/Src/stm32g4xx_hal_dma.c 0x00000000   Number         0  stm32g4xx_hal_dma.o ABSOLUTE
    ../Drivers/STM32G4xx_HAL_Driver/Src/stm32g4xx_hal_dma_ex.c 0x00000000   Number         0  stm32g4xx_hal_dma_ex.o ABSOLUTE
    ../Drivers/STM32G4xx_HAL_Driver/Src/stm32g4xx_hal_exti.c 0x00000000   Number         0  stm32g4xx_hal_exti.o ABSOLUTE
    ../Drivers/STM32G4xx_HAL_Driver/Src/stm32g4xx_hal_flash.c 0x00000000   Number         0  stm32g4xx_hal_flash.o ABSOLUTE
    ../Drivers/STM32G4xx_HAL_Driver/Src/stm32g4xx_hal_flash_ex.c 0x00000000   Number         0  stm32g4xx_hal_flash_ex.o ABSOLUTE
    ../Drivers/STM32G4xx_HAL_Driver/Src/stm32g4xx_hal_flash_ramfunc.c 0x00000000   Number         0  stm32g4xx_hal_flash_ramfunc.o ABSOLUTE
    ../Drivers/STM32G4xx_HAL_Driver/Src/stm32g4xx_hal_gpio.c 0x00000000   Number         0  stm32g4xx_hal_gpio.o ABSOLUTE
    ../Drivers/STM32G4xx_HAL_Driver/Src/stm32g4xx_hal_pwr.c 0x00000000   Number         0  stm32g4xx_hal_pwr.o ABSOLUTE
    ../Drivers/STM32G4xx_HAL_Driver/Src/stm32g4xx_hal_pwr_ex.c 0x00000000   Number         0  stm32g4xx_hal_pwr_ex.o ABSOLUTE
    ../Drivers/STM32G4xx_HAL_Driver/Src/stm32g4xx_hal_rcc.c 0x00000000   Number         0  stm32g4xx_hal_rcc.o ABSOLUTE
    ../Drivers/STM32G4xx_HAL_Driver/Src/stm32g4xx_hal_rcc_ex.c 0x00000000   Number         0  stm32g4xx_hal_rcc_ex.o ABSOLUTE
    ../clib/microlib/division.c              0x00000000   Number         0  uldiv.o ABSOLUTE
    ../clib/microlib/division.c              0x00000000   Number         0  uidiv.o ABSOLUTE
    ../clib/microlib/init/entry.s            0x00000000   Number         0  entry.o ABSOLUTE
    ../clib/microlib/init/entry.s            0x00000000   Number         0  entry5.o ABSOLUTE
    ../clib/microlib/init/entry.s            0x00000000   Number         0  entry7b.o ABSOLUTE
    ../clib/microlib/init/entry.s            0x00000000   Number         0  entry12b.o ABSOLUTE
    ../clib/microlib/init/entry.s            0x00000000   Number         0  entry12a.o ABSOLUTE
    ../clib/microlib/init/entry.s            0x00000000   Number         0  entry11b.o ABSOLUTE
    ../clib/microlib/init/entry.s            0x00000000   Number         0  entry8a.o ABSOLUTE
    ../clib/microlib/init/entry.s            0x00000000   Number         0  entry8b.o ABSOLUTE
    ../clib/microlib/init/entry.s            0x00000000   Number         0  entry2.o ABSOLUTE
    ../clib/microlib/init/entry.s            0x00000000   Number         0  entry11a.o ABSOLUTE
    ../clib/microlib/init/entry.s            0x00000000   Number         0  entry10b.o ABSOLUTE
    ../clib/microlib/init/entry.s            0x00000000   Number         0  entry10a.o ABSOLUTE
    ../clib/microlib/init/entry.s            0x00000000   Number         0  entry9b.o ABSOLUTE
    ../clib/microlib/init/entry.s            0x00000000   Number         0  entry9a.o ABSOLUTE
    ../clib/microlib/init/entry.s            0x00000000   Number         0  entry7a.o ABSOLUTE
    ../clib/microlib/longlong.c              0x00000000   Number         0  llushr.o ABSOLUTE
    ../clib/microlib/longlong.c              0x00000000   Number         0  llshl.o ABSOLUTE
    ../clib/microlib/longlong.c              0x00000000   Number         0  llsshr.o ABSOLUTE
    ../clib/microlib/printf/printf.c         0x00000000   Number         0  printfa.o ABSOLUTE
    ../clib/microlib/stdio/fputc.c           0x00000000   Number         0  fputc.o ABSOLUTE
    ../clib/microlib/stdio/semi.s            0x00000000   Number         0  semi.o ABSOLUTE
    ../clib/microlib/stdio/streams.c         0x00000000   Number         0  stdout.o ABSOLUTE
    ../clib/microlib/string/memset.c         0x00000000   Number         0  memseta.o ABSOLUTE
    ../clib/microlib/stubs.s                 0x00000000   Number         0  iusefp.o ABSOLUTE
    ../clib/microlib/stubs.s                 0x00000000   Number         0  iusesemip.o ABSOLUTE
    ../fplib/microlib/fpadd.c                0x00000000   Number         0  dadd.o ABSOLUTE
    ../fplib/microlib/fpdiv.c                0x00000000   Number         0  ddiv.o ABSOLUTE
    ../fplib/microlib/fpepilogue.c           0x00000000   Number         0  depilogue.o ABSOLUTE
    ../fplib/microlib/fpfix.c                0x00000000   Number         0  dfixul.o ABSOLUTE
    ../fplib/microlib/fpmul.c                0x00000000   Number         0  dmul.o ABSOLUTE
    ..\App\key_app.c                         0x00000000   Number         0  key_app.o ABSOLUTE
    ..\App\lcd.c                             0x00000000   Number         0  lcd.o ABSOLUTE
    ..\App\lcd_app.c                         0x00000000   Number         0  lcd_app.o ABSOLUTE
    ..\App\led_app.c                         0x00000000   Number         0  led_app.o ABSOLUTE
    ..\App\scheduler.c                       0x00000000   Number         0  scheduler.o ABSOLUTE
    ..\Core\Src\gpio.c                       0x00000000   Number         0  gpio.o ABSOLUTE
    ..\Core\Src\main.c                       0x00000000   Number         0  main.o ABSOLUTE
    ..\Core\Src\stm32g4xx_hal_msp.c          0x00000000   Number         0  stm32g4xx_hal_msp.o ABSOLUTE
    ..\Core\Src\stm32g4xx_it.c               0x00000000   Number         0  stm32g4xx_it.o ABSOLUTE
    ..\Core\Src\system_stm32g4xx.c           0x00000000   Number         0  system_stm32g4xx.o ABSOLUTE
    ..\Drivers\STM32G4xx_HAL_Driver\Src\stm32g4xx_hal.c 0x00000000   Number         0  stm32g4xx_hal.o ABSOLUTE
    ..\Drivers\STM32G4xx_HAL_Driver\Src\stm32g4xx_hal_cortex.c 0x00000000   Number         0  stm32g4xx_hal_cortex.o ABSOLUTE
    ..\Drivers\STM32G4xx_HAL_Driver\Src\stm32g4xx_hal_dma.c 0x00000000   Number         0  stm32g4xx_hal_dma.o ABSOLUTE
    ..\Drivers\STM32G4xx_HAL_Driver\Src\stm32g4xx_hal_dma_ex.c 0x00000000   Number         0  stm32g4xx_hal_dma_ex.o ABSOLUTE
    ..\Drivers\STM32G4xx_HAL_Driver\Src\stm32g4xx_hal_exti.c 0x00000000   Number         0  stm32g4xx_hal_exti.o ABSOLUTE
    ..\Drivers\STM32G4xx_HAL_Driver\Src\stm32g4xx_hal_flash.c 0x00000000   Number         0  stm32g4xx_hal_flash.o ABSOLUTE
    ..\Drivers\STM32G4xx_HAL_Driver\Src\stm32g4xx_hal_flash_ex.c 0x00000000   Number         0  stm32g4xx_hal_flash_ex.o ABSOLUTE
    ..\Drivers\STM32G4xx_HAL_Driver\Src\stm32g4xx_hal_flash_ramfunc.c 0x00000000   Number         0  stm32g4xx_hal_flash_ramfunc.o ABSOLUTE
    ..\Drivers\STM32G4xx_HAL_Driver\Src\stm32g4xx_hal_gpio.c 0x00000000   Number         0  stm32g4xx_hal_gpio.o ABSOLUTE
    ..\Drivers\STM32G4xx_HAL_Driver\Src\stm32g4xx_hal_pwr.c 0x00000000   Number         0  stm32g4xx_hal_pwr.o ABSOLUTE
    ..\Drivers\STM32G4xx_HAL_Driver\Src\stm32g4xx_hal_pwr_ex.c 0x00000000   Number         0  stm32g4xx_hal_pwr_ex.o ABSOLUTE
    ..\Drivers\STM32G4xx_HAL_Driver\Src\stm32g4xx_hal_rcc.c 0x00000000   Number         0  stm32g4xx_hal_rcc.o ABSOLUTE
    ..\Drivers\STM32G4xx_HAL_Driver\Src\stm32g4xx_hal_rcc_ex.c 0x00000000   Number         0  stm32g4xx_hal_rcc_ex.o ABSOLUTE
    ..\\App\\key_app.c                       0x00000000   Number         0  key_app.o ABSOLUTE
    ..\\App\\lcd.c                           0x00000000   Number         0  lcd.o ABSOLUTE
    ..\\App\\lcd_app.c                       0x00000000   Number         0  lcd_app.o ABSOLUTE
    ..\\App\\led_app.c                       0x00000000   Number         0  led_app.o ABSOLUTE
    ..\\App\\scheduler.c                     0x00000000   Number         0  scheduler.o ABSOLUTE
    cdrcmple.s                               0x00000000   Number         0  cdrcmple.o ABSOLUTE
    dc.s                                     0x00000000   Number         0  dc.o ABSOLUTE
    handlers.s                               0x00000000   Number         0  handlers.o ABSOLUTE
    init.s                                   0x00000000   Number         0  init.o ABSOLUTE
    startup_stm32g431xx.s                    0x00000000   Number         0  startup_stm32g431xx.o ABSOLUTE
    RESET                                    0x08000000   Section      472  startup_stm32g431xx.o(RESET)
    .ARM.Collect$$$$00000000                 0x080001d8   Section        0  entry.o(.ARM.Collect$$$$00000000)
    .ARM.Collect$$$$00000001                 0x080001d8   Section        4  entry2.o(.ARM.Collect$$$$00000001)
    .ARM.Collect$$$$00000004                 0x080001dc   Section        4  entry5.o(.ARM.Collect$$$$00000004)
    .ARM.Collect$$$$00000008                 0x080001e0   Section        0  entry7b.o(.ARM.Collect$$$$00000008)
    .ARM.Collect$$$$0000000A                 0x080001e0   Section        0  entry8b.o(.ARM.Collect$$$$0000000A)
    .ARM.Collect$$$$0000000B                 0x080001e0   Section        8  entry9a.o(.ARM.Collect$$$$0000000B)
    .ARM.Collect$$$$0000000E                 0x080001e8   Section        4  entry12b.o(.ARM.Collect$$$$0000000E)
    .ARM.Collect$$$$0000000F                 0x080001ec   Section        0  entry10a.o(.ARM.Collect$$$$0000000F)
    .ARM.Collect$$$$00000011                 0x080001ec   Section        0  entry11a.o(.ARM.Collect$$$$00000011)
    .ARM.Collect$$$$00002712                 0x080001ec   Section        4  entry2.o(.ARM.Collect$$$$00002712)
    __lit__00000000                          0x080001ec   Data           4  entry2.o(.ARM.Collect$$$$00002712)
    .text                                    0x080001f0   Section       36  startup_stm32g431xx.o(.text)
    $v0                                      0x080001f0   Number         0  startup_stm32g431xx.o(.text)
    .text                                    0x08000214   Section        0  memseta.o(.text)
    .text                                    0x08000238   Section        0  uidiv.o(.text)
    .text                                    0x08000264   Section        0  uldiv.o(.text)
    .text                                    0x080002c6   Section        0  iusefp.o(.text)
    .text                                    0x080002c6   Section        0  dadd.o(.text)
    .text                                    0x08000414   Section        0  dmul.o(.text)
    .text                                    0x080004f8   Section        0  ddiv.o(.text)
    .text                                    0x080005d6   Section        0  dfixul.o(.text)
    .text                                    0x08000608   Section       48  cdrcmple.o(.text)
    .text                                    0x08000638   Section       36  init.o(.text)
    .text                                    0x0800065c   Section        0  llshl.o(.text)
    .text                                    0x0800067a   Section        0  llushr.o(.text)
    .text                                    0x0800069a   Section        0  llsshr.o(.text)
    .text                                    0x080006be   Section        0  depilogue.o(.text)
    i.BusFault_Handler                       0x08000778   Section        0  stm32g4xx_it.o(i.BusFault_Handler)
    i.DebugMon_Handler                       0x0800077c   Section        0  stm32g4xx_it.o(i.DebugMon_Handler)
    i.Delay_LCD                              0x0800077e   Section        0  lcd.o(i.Delay_LCD)
    i.Error_Handler                          0x0800079c   Section        0  main.o(i.Error_Handler)
    i.HAL_Delay                              0x080007a4   Section        0  stm32g4xx_hal.o(i.HAL_Delay)
    i.HAL_GPIO_Init                          0x080007cc   Section        0  stm32g4xx_hal_gpio.o(i.HAL_GPIO_Init)
    i.HAL_GPIO_ReadPin                       0x08000998   Section        0  stm32g4xx_hal_gpio.o(i.HAL_GPIO_ReadPin)
    i.HAL_GPIO_WritePin                      0x080009a8   Section        0  stm32g4xx_hal_gpio.o(i.HAL_GPIO_WritePin)
    i.HAL_GetTick                            0x080009b4   Section        0  stm32g4xx_hal.o(i.HAL_GetTick)
    i.HAL_IncTick                            0x080009c0   Section        0  stm32g4xx_hal.o(i.HAL_IncTick)
    i.HAL_Init                               0x080009d8   Section        0  stm32g4xx_hal.o(i.HAL_Init)
    i.HAL_InitTick                           0x080009f8   Section        0  stm32g4xx_hal.o(i.HAL_InitTick)
    i.HAL_MspInit                            0x08000a50   Section        0  stm32g4xx_hal_msp.o(i.HAL_MspInit)
    i.HAL_NVIC_SetPriority                   0x08000a94   Section        0  stm32g4xx_hal_cortex.o(i.HAL_NVIC_SetPriority)
    i.HAL_NVIC_SetPriorityGrouping           0x08000b10   Section        0  stm32g4xx_hal_cortex.o(i.HAL_NVIC_SetPriorityGrouping)
    i.HAL_PWREx_ControlVoltageScaling        0x08000b38   Section        0  stm32g4xx_hal_pwr_ex.o(i.HAL_PWREx_ControlVoltageScaling)
    i.HAL_PWREx_DisableUCPDDeadBattery       0x08000c50   Section        0  stm32g4xx_hal_pwr_ex.o(i.HAL_PWREx_DisableUCPDDeadBattery)
    i.HAL_RCC_ClockConfig                    0x08000c64   Section        0  stm32g4xx_hal_rcc.o(i.HAL_RCC_ClockConfig)
    i.HAL_RCC_GetSysClockFreq                0x08000e88   Section        0  stm32g4xx_hal_rcc.o(i.HAL_RCC_GetSysClockFreq)
    i.HAL_RCC_OscConfig                      0x08000f20   Section        0  stm32g4xx_hal_rcc.o(i.HAL_RCC_OscConfig)
    i.HAL_SYSTICK_Config                     0x0800147c   Section        0  stm32g4xx_hal_cortex.o(i.HAL_SYSTICK_Config)
    i.HardFault_Handler                      0x080014b0   Section        0  stm32g4xx_it.o(i.HardFault_Handler)
    i.LCD_BusIn                              0x080014b4   Section        0  lcd.o(i.LCD_BusIn)
    i.LCD_BusOut                             0x080014e4   Section        0  lcd.o(i.LCD_BusOut)
    i.LCD_Clear                              0x08001514   Section        0  lcd.o(i.LCD_Clear)
    i.LCD_CtrlLinesConfig                    0x0800153c   Section        0  lcd.o(i.LCD_CtrlLinesConfig)
    i.LCD_DisplayChar                        0x08001600   Section        0  lcd.o(i.LCD_DisplayChar)
    i.LCD_DisplayStringLine                  0x08001628   Section        0  lcd.o(i.LCD_DisplayStringLine)
    i.LCD_DrawChar                           0x08001654   Section        0  lcd.o(i.LCD_DrawChar)
    i.LCD_Init                               0x080016c0   Section        0  lcd.o(i.LCD_Init)
    i.LCD_ReadReg                            0x080016f8   Section        0  lcd.o(i.LCD_ReadReg)
    i.LCD_SetBackColor                       0x080017a4   Section        0  lcd.o(i.LCD_SetBackColor)
    i.LCD_SetCursor                          0x080017b4   Section        0  lcd.o(i.LCD_SetCursor)
    i.LCD_SetTextColor                       0x080017cc   Section        0  lcd.o(i.LCD_SetTextColor)
    i.LCD_WriteRAM                           0x080017dc   Section        0  lcd.o(i.LCD_WriteRAM)
    i.LCD_WriteRAM_Prepare                   0x08001854   Section        0  lcd.o(i.LCD_WriteRAM_Prepare)
    i.LCD_WriteReg                           0x080018cc   Section        0  lcd.o(i.LCD_WriteReg)
    i.MX_GPIO_Init                           0x0800195c   Section        0  gpio.o(i.MX_GPIO_Init)
    i.MemManage_Handler                      0x08001ac4   Section        0  stm32g4xx_it.o(i.MemManage_Handler)
    i.NMI_Handler                            0x08001ac8   Section        0  stm32g4xx_it.o(i.NMI_Handler)
    i.PendSV_Handler                         0x08001acc   Section        0  stm32g4xx_it.o(i.PendSV_Handler)
    i.RCC_GetSysClockFreqFromPLLSource       0x08001ad0   Section        0  stm32g4xx_hal_rcc.o(i.RCC_GetSysClockFreqFromPLLSource)
    RCC_GetSysClockFreqFromPLLSource         0x08001ad1   Thumb Code    90  stm32g4xx_hal_rcc.o(i.RCC_GetSysClockFreqFromPLLSource)
    i.REG_8230_Init                          0x08001b38   Section        0  lcd.o(i.REG_8230_Init)
    i.REG_932X_Init                          0x08001c58   Section        0  lcd.o(i.REG_932X_Init)
    i.SVC_Handler                            0x08001e58   Section        0  stm32g4xx_it.o(i.SVC_Handler)
    i.SysTick_Handler                        0x08001e5a   Section        0  stm32g4xx_it.o(i.SysTick_Handler)
    i.SystemClock_Config                     0x08001e62   Section        0  main.o(i.SystemClock_Config)
    i.SystemInit                             0x08001ecc   Section        0  system_stm32g4xx.o(i.SystemInit)
    i.UsageFault_Handler                     0x08001ee0   Section        0  stm32g4xx_it.o(i.UsageFault_Handler)
    i.__0vsprintf                            0x08001ee4   Section        0  printfa.o(i.__0vsprintf)
    i.__NVIC_GetPriorityGrouping             0x08001f08   Section        0  stm32g4xx_hal_cortex.o(i.__NVIC_GetPriorityGrouping)
    __NVIC_GetPriorityGrouping               0x08001f09   Thumb Code    10  stm32g4xx_hal_cortex.o(i.__NVIC_GetPriorityGrouping)
    i.__NVIC_SetPriority                     0x08001f18   Section        0  stm32g4xx_hal_cortex.o(i.__NVIC_SetPriority)
    __NVIC_SetPriority                       0x08001f19   Thumb Code    32  stm32g4xx_hal_cortex.o(i.__NVIC_SetPriority)
    i.__scatterload_copy                     0x08001f40   Section       14  handlers.o(i.__scatterload_copy)
    i.__scatterload_null                     0x08001f4e   Section        2  handlers.o(i.__scatterload_null)
    i.__scatterload_zeroinit                 0x08001f50   Section       14  handlers.o(i.__scatterload_zeroinit)
    i._fp_digits                             0x08001f60   Section        0  printfa.o(i._fp_digits)
    _fp_digits                               0x08001f61   Thumb Code   366  printfa.o(i._fp_digits)
    i._printf_core                           0x080020e4   Section        0  printfa.o(i._printf_core)
    _printf_core                             0x080020e5   Thumb Code  1704  printfa.o(i._printf_core)
    i._printf_post_padding                   0x08002798   Section        0  printfa.o(i._printf_post_padding)
    _printf_post_padding                     0x08002799   Thumb Code    36  printfa.o(i._printf_post_padding)
    i._printf_pre_padding                    0x080027bc   Section        0  printfa.o(i._printf_pre_padding)
    _printf_pre_padding                      0x080027bd   Thumb Code    46  printfa.o(i._printf_pre_padding)
    i._sputc                                 0x080027ea   Section        0  printfa.o(i._sputc)
    _sputc                                   0x080027eb   Thumb Code    10  printfa.o(i._sputc)
    i.key_read                               0x080027f4   Section        0  key_app.o(i.key_read)
    i.key_task                               0x08002838   Section        0  key_app.o(i.key_task)
    i.lcd_sprintf                            0x080028ec   Section        0  lcd_app.o(i.lcd_sprintf)
    i.lcd_task                               0x08002914   Section        0  lcd_app.o(i.lcd_task)
    i.led_disp                               0x0800297c   Section        0  led_app.o(i.led_disp)
    i.led_task                               0x080029e4   Section        0  led_app.o(i.led_task)
    i.main                                   0x080029f4   Section        0  main.o(i.main)
    i.scheduler_init                         0x08002a0c   Section        0  scheduler.o(i.scheduler_init)
    i.scheduler_run                          0x08002a34   Section        0  scheduler.o(i.scheduler_run)
    .constdata                               0x08002a8c   Section       24  system_stm32g4xx.o(.constdata)
    .constdata                               0x08002aa4   Section     4560  lcd.o(.constdata)
    .data                                    0x20000000   Section       12  stm32g4xx_hal.o(.data)
    .data                                    0x2000000c   Section        4  system_stm32g4xx.o(.data)
    .data                                    0x20000010   Section        4  key_app.o(.data)
    .data                                    0x20000014   Section        6  lcd.o(.data)
    TextColor                                0x20000014   Data           2  lcd.o(.data)
    BackColor                                0x20000016   Data           2  lcd.o(.data)
    .data                                    0x2000001a   Section        3  lcd_app.o(.data)
    .data                                    0x2000001d   Section        8  led_app.o(.data)
    .data                                    0x20000028   Section       37  scheduler.o(.data)
    STACK                                    0x20000050   Section     1024  startup_stm32g431xx.o(STACK)

    Global Symbols

    Symbol Name                              Value     Ov Type        Size  Object(Section)

    BuildAttributes$$THM_ISAv4$E$P$D$K$B$S$7EM$VFPi3$EXTD16$VFPS$VFMA$PE$A:L22UL41UL21$X:L11$S22US41US21$IEEE1$IW$USESV6$~STKCKD$USESV7$~SHL$OSPACE$ROPI$EBA8$MICROLIB$REQ8$PRES8$EABIv2 0x00000000   Number         0  anon$$obj.o ABSOLUTE
    __ARM_use_no_argv                        0x00000000   Number         0  main.o ABSOLUTE
    __arm_fini_                               - Undefined Weak Reference
    __cpp_initialize__aeabi_                  - Undefined Weak Reference
    __cxa_finalize                            - Undefined Weak Reference
    __decompress                              - Undefined Weak Reference
    _clock_init                               - Undefined Weak Reference
    _microlib_exit                            - Undefined Weak Reference
    __Vectors_Size                           0x000001d8   Number         0  startup_stm32g431xx.o ABSOLUTE
    __Vectors                                0x08000000   Data           4  startup_stm32g431xx.o(RESET)
    __Vectors_End                            0x080001d8   Data           0  startup_stm32g431xx.o(RESET)
    __main                                   0x080001d9   Thumb Code     0  entry.o(.ARM.Collect$$$$00000000)
    _main_stk                                0x080001d9   Thumb Code     0  entry2.o(.ARM.Collect$$$$00000001)
    _main_scatterload                        0x080001dd   Thumb Code     0  entry5.o(.ARM.Collect$$$$00000004)
    __main_after_scatterload                 0x080001e1   Thumb Code     0  entry5.o(.ARM.Collect$$$$00000004)
    _main_clock                              0x080001e1   Thumb Code     0  entry7b.o(.ARM.Collect$$$$00000008)
    _main_cpp_init                           0x080001e1   Thumb Code     0  entry8b.o(.ARM.Collect$$$$0000000A)
    _main_init                               0x080001e1   Thumb Code     0  entry9a.o(.ARM.Collect$$$$0000000B)
    __rt_lib_shutdown_fini                   0x080001e9   Thumb Code     0  entry12b.o(.ARM.Collect$$$$0000000E)
    __rt_final_cpp                           0x080001ed   Thumb Code     0  entry10a.o(.ARM.Collect$$$$0000000F)
    __rt_final_exit                          0x080001ed   Thumb Code     0  entry11a.o(.ARM.Collect$$$$00000011)
    Reset_Handler                            0x080001f1   Thumb Code     8  startup_stm32g431xx.o(.text)
    ADC1_2_IRQHandler                        0x0800020b   Thumb Code     0  startup_stm32g431xx.o(.text)
    COMP1_2_3_IRQHandler                     0x0800020b   Thumb Code     0  startup_stm32g431xx.o(.text)
    COMP4_IRQHandler                         0x0800020b   Thumb Code     0  startup_stm32g431xx.o(.text)
    CORDIC_IRQHandler                        0x0800020b   Thumb Code     0  startup_stm32g431xx.o(.text)
    CRS_IRQHandler                           0x0800020b   Thumb Code     0  startup_stm32g431xx.o(.text)
    DMA1_Channel1_IRQHandler                 0x0800020b   Thumb Code     0  startup_stm32g431xx.o(.text)
    DMA1_Channel2_IRQHandler                 0x0800020b   Thumb Code     0  startup_stm32g431xx.o(.text)
    DMA1_Channel3_IRQHandler                 0x0800020b   Thumb Code     0  startup_stm32g431xx.o(.text)
    DMA1_Channel4_IRQHandler                 0x0800020b   Thumb Code     0  startup_stm32g431xx.o(.text)
    DMA1_Channel5_IRQHandler                 0x0800020b   Thumb Code     0  startup_stm32g431xx.o(.text)
    DMA1_Channel6_IRQHandler                 0x0800020b   Thumb Code     0  startup_stm32g431xx.o(.text)
    DMA2_Channel1_IRQHandler                 0x0800020b   Thumb Code     0  startup_stm32g431xx.o(.text)
    DMA2_Channel2_IRQHandler                 0x0800020b   Thumb Code     0  startup_stm32g431xx.o(.text)
    DMA2_Channel3_IRQHandler                 0x0800020b   Thumb Code     0  startup_stm32g431xx.o(.text)
    DMA2_Channel4_IRQHandler                 0x0800020b   Thumb Code     0  startup_stm32g431xx.o(.text)
    DMA2_Channel5_IRQHandler                 0x0800020b   Thumb Code     0  startup_stm32g431xx.o(.text)
    DMA2_Channel6_IRQHandler                 0x0800020b   Thumb Code     0  startup_stm32g431xx.o(.text)
    DMAMUX_OVR_IRQHandler                    0x0800020b   Thumb Code     0  startup_stm32g431xx.o(.text)
    EXTI0_IRQHandler                         0x0800020b   Thumb Code     0  startup_stm32g431xx.o(.text)
    EXTI15_10_IRQHandler                     0x0800020b   Thumb Code     0  startup_stm32g431xx.o(.text)
    EXTI1_IRQHandler                         0x0800020b   Thumb Code     0  startup_stm32g431xx.o(.text)
    EXTI2_IRQHandler                         0x0800020b   Thumb Code     0  startup_stm32g431xx.o(.text)
    EXTI3_IRQHandler                         0x0800020b   Thumb Code     0  startup_stm32g431xx.o(.text)
    EXTI4_IRQHandler                         0x0800020b   Thumb Code     0  startup_stm32g431xx.o(.text)
    EXTI9_5_IRQHandler                       0x0800020b   Thumb Code     0  startup_stm32g431xx.o(.text)
    FDCAN1_IT0_IRQHandler                    0x0800020b   Thumb Code     0  startup_stm32g431xx.o(.text)
    FDCAN1_IT1_IRQHandler                    0x0800020b   Thumb Code     0  startup_stm32g431xx.o(.text)
    FLASH_IRQHandler                         0x0800020b   Thumb Code     0  startup_stm32g431xx.o(.text)
    FMAC_IRQHandler                          0x0800020b   Thumb Code     0  startup_stm32g431xx.o(.text)
    FPU_IRQHandler                           0x0800020b   Thumb Code     0  startup_stm32g431xx.o(.text)
    I2C1_ER_IRQHandler                       0x0800020b   Thumb Code     0  startup_stm32g431xx.o(.text)
    I2C1_EV_IRQHandler                       0x0800020b   Thumb Code     0  startup_stm32g431xx.o(.text)
    I2C2_ER_IRQHandler                       0x0800020b   Thumb Code     0  startup_stm32g431xx.o(.text)
    I2C2_EV_IRQHandler                       0x0800020b   Thumb Code     0  startup_stm32g431xx.o(.text)
    I2C3_ER_IRQHandler                       0x0800020b   Thumb Code     0  startup_stm32g431xx.o(.text)
    I2C3_EV_IRQHandler                       0x0800020b   Thumb Code     0  startup_stm32g431xx.o(.text)
    LPTIM1_IRQHandler                        0x0800020b   Thumb Code     0  startup_stm32g431xx.o(.text)
    LPUART1_IRQHandler                       0x0800020b   Thumb Code     0  startup_stm32g431xx.o(.text)
    PVD_PVM_IRQHandler                       0x0800020b   Thumb Code     0  startup_stm32g431xx.o(.text)
    RCC_IRQHandler                           0x0800020b   Thumb Code     0  startup_stm32g431xx.o(.text)
    RNG_IRQHandler                           0x0800020b   Thumb Code     0  startup_stm32g431xx.o(.text)
    RTC_Alarm_IRQHandler                     0x0800020b   Thumb Code     0  startup_stm32g431xx.o(.text)
    RTC_TAMP_LSECSS_IRQHandler               0x0800020b   Thumb Code     0  startup_stm32g431xx.o(.text)
    RTC_WKUP_IRQHandler                      0x0800020b   Thumb Code     0  startup_stm32g431xx.o(.text)
    SAI1_IRQHandler                          0x0800020b   Thumb Code     0  startup_stm32g431xx.o(.text)
    SPI1_IRQHandler                          0x0800020b   Thumb Code     0  startup_stm32g431xx.o(.text)
    SPI2_IRQHandler                          0x0800020b   Thumb Code     0  startup_stm32g431xx.o(.text)
    SPI3_IRQHandler                          0x0800020b   Thumb Code     0  startup_stm32g431xx.o(.text)
    TIM1_BRK_TIM15_IRQHandler                0x0800020b   Thumb Code     0  startup_stm32g431xx.o(.text)
    TIM1_CC_IRQHandler                       0x0800020b   Thumb Code     0  startup_stm32g431xx.o(.text)
    TIM1_TRG_COM_TIM17_IRQHandler            0x0800020b   Thumb Code     0  startup_stm32g431xx.o(.text)
    TIM1_UP_TIM16_IRQHandler                 0x0800020b   Thumb Code     0  startup_stm32g431xx.o(.text)
    TIM2_IRQHandler                          0x0800020b   Thumb Code     0  startup_stm32g431xx.o(.text)
    TIM3_IRQHandler                          0x0800020b   Thumb Code     0  startup_stm32g431xx.o(.text)
    TIM4_IRQHandler                          0x0800020b   Thumb Code     0  startup_stm32g431xx.o(.text)
    TIM6_DAC_IRQHandler                      0x0800020b   Thumb Code     0  startup_stm32g431xx.o(.text)
    TIM7_IRQHandler                          0x0800020b   Thumb Code     0  startup_stm32g431xx.o(.text)
    TIM8_BRK_IRQHandler                      0x0800020b   Thumb Code     0  startup_stm32g431xx.o(.text)
    TIM8_CC_IRQHandler                       0x0800020b   Thumb Code     0  startup_stm32g431xx.o(.text)
    TIM8_TRG_COM_IRQHandler                  0x0800020b   Thumb Code     0  startup_stm32g431xx.o(.text)
    TIM8_UP_IRQHandler                       0x0800020b   Thumb Code     0  startup_stm32g431xx.o(.text)
    UART4_IRQHandler                         0x0800020b   Thumb Code     0  startup_stm32g431xx.o(.text)
    UCPD1_IRQHandler                         0x0800020b   Thumb Code     0  startup_stm32g431xx.o(.text)
    USART1_IRQHandler                        0x0800020b   Thumb Code     0  startup_stm32g431xx.o(.text)
    USART2_IRQHandler                        0x0800020b   Thumb Code     0  startup_stm32g431xx.o(.text)
    USART3_IRQHandler                        0x0800020b   Thumb Code     0  startup_stm32g431xx.o(.text)
    USBWakeUp_IRQHandler                     0x0800020b   Thumb Code     0  startup_stm32g431xx.o(.text)
    USB_HP_IRQHandler                        0x0800020b   Thumb Code     0  startup_stm32g431xx.o(.text)
    USB_LP_IRQHandler                        0x0800020b   Thumb Code     0  startup_stm32g431xx.o(.text)
    WWDG_IRQHandler                          0x0800020b   Thumb Code     0  startup_stm32g431xx.o(.text)
    __aeabi_memset                           0x08000215   Thumb Code    14  memseta.o(.text)
    __aeabi_memset4                          0x08000215   Thumb Code     0  memseta.o(.text)
    __aeabi_memset8                          0x08000215   Thumb Code     0  memseta.o(.text)
    __aeabi_memclr                           0x08000223   Thumb Code     4  memseta.o(.text)
    __aeabi_memclr4                          0x08000223   Thumb Code     0  memseta.o(.text)
    __aeabi_memclr8                          0x08000223   Thumb Code     0  memseta.o(.text)
    _memset$wrapper                          0x08000227   Thumb Code    18  memseta.o(.text)
    __aeabi_uidiv                            0x08000239   Thumb Code     0  uidiv.o(.text)
    __aeabi_uidivmod                         0x08000239   Thumb Code    44  uidiv.o(.text)
    __aeabi_uldivmod                         0x08000265   Thumb Code    98  uldiv.o(.text)
    __I$use$fp                               0x080002c7   Thumb Code     0  iusefp.o(.text)
    __aeabi_dadd                             0x080002c7   Thumb Code   322  dadd.o(.text)
    __aeabi_dsub                             0x08000409   Thumb Code     6  dadd.o(.text)
    __aeabi_drsub                            0x0800040f   Thumb Code     6  dadd.o(.text)
    __aeabi_dmul                             0x08000415   Thumb Code   228  dmul.o(.text)
    __aeabi_ddiv                             0x080004f9   Thumb Code   222  ddiv.o(.text)
    __aeabi_d2ulz                            0x080005d7   Thumb Code    48  dfixul.o(.text)
    __aeabi_cdrcmple                         0x08000609   Thumb Code    48  cdrcmple.o(.text)
    __scatterload                            0x08000639   Thumb Code    28  init.o(.text)
    __scatterload_rt2                        0x08000639   Thumb Code     0  init.o(.text)
    __aeabi_llsl                             0x0800065d   Thumb Code    30  llshl.o(.text)
    _ll_shift_l                              0x0800065d   Thumb Code     0  llshl.o(.text)
    __aeabi_llsr                             0x0800067b   Thumb Code    32  llushr.o(.text)
    _ll_ushift_r                             0x0800067b   Thumb Code     0  llushr.o(.text)
    __aeabi_lasr                             0x0800069b   Thumb Code    36  llsshr.o(.text)
    _ll_sshift_r                             0x0800069b   Thumb Code     0  llsshr.o(.text)
    _double_round                            0x080006bf   Thumb Code    30  depilogue.o(.text)
    _double_epilogue                         0x080006dd   Thumb Code   156  depilogue.o(.text)
    BusFault_Handler                         0x08000779   Thumb Code     4  stm32g4xx_it.o(i.BusFault_Handler)
    DebugMon_Handler                         0x0800077d   Thumb Code     2  stm32g4xx_it.o(i.DebugMon_Handler)
    Delay_LCD                                0x0800077f   Thumb Code    30  lcd.o(i.Delay_LCD)
    Error_Handler                            0x0800079d   Thumb Code     6  main.o(i.Error_Handler)
    HAL_Delay                                0x080007a5   Thumb Code    36  stm32g4xx_hal.o(i.HAL_Delay)
    HAL_GPIO_Init                            0x080007cd   Thumb Code   428  stm32g4xx_hal_gpio.o(i.HAL_GPIO_Init)
    HAL_GPIO_ReadPin                         0x08000999   Thumb Code    16  stm32g4xx_hal_gpio.o(i.HAL_GPIO_ReadPin)
    HAL_GPIO_WritePin                        0x080009a9   Thumb Code    10  stm32g4xx_hal_gpio.o(i.HAL_GPIO_WritePin)
    HAL_GetTick                              0x080009b5   Thumb Code     6  stm32g4xx_hal.o(i.HAL_GetTick)
    HAL_IncTick                              0x080009c1   Thumb Code    16  stm32g4xx_hal.o(i.HAL_IncTick)
    HAL_Init                                 0x080009d9   Thumb Code    30  stm32g4xx_hal.o(i.HAL_Init)
    HAL_InitTick                             0x080009f9   Thumb Code    74  stm32g4xx_hal.o(i.HAL_InitTick)
    HAL_MspInit                              0x08000a51   Thumb Code    62  stm32g4xx_hal_msp.o(i.HAL_MspInit)
    HAL_NVIC_SetPriority                     0x08000a95   Thumb Code   122  stm32g4xx_hal_cortex.o(i.HAL_NVIC_SetPriority)
    HAL_NVIC_SetPriorityGrouping             0x08000b11   Thumb Code    32  stm32g4xx_hal_cortex.o(i.HAL_NVIC_SetPriorityGrouping)
    HAL_PWREx_ControlVoltageScaling          0x08000b39   Thumb Code   268  stm32g4xx_hal_pwr_ex.o(i.HAL_PWREx_ControlVoltageScaling)
    HAL_PWREx_DisableUCPDDeadBattery         0x08000c51   Thumb Code    14  stm32g4xx_hal_pwr_ex.o(i.HAL_PWREx_DisableUCPDDeadBattery)
    HAL_RCC_ClockConfig                      0x08000c65   Thumb Code   522  stm32g4xx_hal_rcc.o(i.HAL_RCC_ClockConfig)
    HAL_RCC_GetSysClockFreq                  0x08000e89   Thumb Code   138  stm32g4xx_hal_rcc.o(i.HAL_RCC_GetSysClockFreq)
    HAL_RCC_OscConfig                        0x08000f21   Thumb Code  1360  stm32g4xx_hal_rcc.o(i.HAL_RCC_OscConfig)
    HAL_SYSTICK_Config                       0x0800147d   Thumb Code    52  stm32g4xx_hal_cortex.o(i.HAL_SYSTICK_Config)
    HardFault_Handler                        0x080014b1   Thumb Code     4  stm32g4xx_it.o(i.HardFault_Handler)
    LCD_BusIn                                0x080014b5   Thumb Code    42  lcd.o(i.LCD_BusIn)
    LCD_BusOut                               0x080014e5   Thumb Code    42  lcd.o(i.LCD_BusOut)
    LCD_Clear                                0x08001515   Thumb Code    38  lcd.o(i.LCD_Clear)
    LCD_CtrlLinesConfig                      0x0800153d   Thumb Code   186  lcd.o(i.LCD_CtrlLinesConfig)
    LCD_DisplayChar                          0x08001601   Thumb Code    34  lcd.o(i.LCD_DisplayChar)
    LCD_DisplayStringLine                    0x08001629   Thumb Code    44  lcd.o(i.LCD_DisplayStringLine)
    LCD_DrawChar                             0x08001655   Thumb Code   100  lcd.o(i.LCD_DrawChar)
    LCD_Init                                 0x080016c1   Thumb Code    50  lcd.o(i.LCD_Init)
    LCD_ReadReg                              0x080016f9   Thumb Code   164  lcd.o(i.LCD_ReadReg)
    LCD_SetBackColor                         0x080017a5   Thumb Code    12  lcd.o(i.LCD_SetBackColor)
    LCD_SetCursor                            0x080017b5   Thumb Code    24  lcd.o(i.LCD_SetCursor)
    LCD_SetTextColor                         0x080017cd   Thumb Code    12  lcd.o(i.LCD_SetTextColor)
    LCD_WriteRAM                             0x080017dd   Thumb Code   110  lcd.o(i.LCD_WriteRAM)
    LCD_WriteRAM_Prepare                     0x08001855   Thumb Code   112  lcd.o(i.LCD_WriteRAM_Prepare)
    LCD_WriteReg                             0x080018cd   Thumb Code   136  lcd.o(i.LCD_WriteReg)
    MX_GPIO_Init                             0x0800195d   Thumb Code   344  gpio.o(i.MX_GPIO_Init)
    MemManage_Handler                        0x08001ac5   Thumb Code     4  stm32g4xx_it.o(i.MemManage_Handler)
    NMI_Handler                              0x08001ac9   Thumb Code     4  stm32g4xx_it.o(i.NMI_Handler)
    PendSV_Handler                           0x08001acd   Thumb Code     2  stm32g4xx_it.o(i.PendSV_Handler)
    REG_8230_Init                            0x08001b39   Thumb Code   288  lcd.o(i.REG_8230_Init)
    REG_932X_Init                            0x08001c59   Thumb Code   512  lcd.o(i.REG_932X_Init)
    SVC_Handler                              0x08001e59   Thumb Code     2  stm32g4xx_it.o(i.SVC_Handler)
    SysTick_Handler                          0x08001e5b   Thumb Code     8  stm32g4xx_it.o(i.SysTick_Handler)
    SystemClock_Config                       0x08001e63   Thumb Code   104  main.o(i.SystemClock_Config)
    SystemInit                               0x08001ecd   Thumb Code    14  system_stm32g4xx.o(i.SystemInit)
    UsageFault_Handler                       0x08001ee1   Thumb Code     4  stm32g4xx_it.o(i.UsageFault_Handler)
    __0vsprintf                              0x08001ee5   Thumb Code    30  printfa.o(i.__0vsprintf)
    __1vsprintf                              0x08001ee5   Thumb Code     0  printfa.o(i.__0vsprintf)
    __2vsprintf                              0x08001ee5   Thumb Code     0  printfa.o(i.__0vsprintf)
    __c89vsprintf                            0x08001ee5   Thumb Code     0  printfa.o(i.__0vsprintf)
    vsprintf                                 0x08001ee5   Thumb Code     0  printfa.o(i.__0vsprintf)
    __scatterload_copy                       0x08001f41   Thumb Code    14  handlers.o(i.__scatterload_copy)
    __scatterload_null                       0x08001f4f   Thumb Code     2  handlers.o(i.__scatterload_null)
    __scatterload_zeroinit                   0x08001f51   Thumb Code    14  handlers.o(i.__scatterload_zeroinit)
    key_read                                 0x080027f5   Thumb Code    64  key_app.o(i.key_read)
    key_task                                 0x08002839   Thumb Code   152  key_app.o(i.key_task)
    lcd_sprintf                              0x080028ed   Thumb Code    38  lcd_app.o(i.lcd_sprintf)
    lcd_task                                 0x08002915   Thumb Code    46  lcd_app.o(i.lcd_task)
    led_disp                                 0x0800297d   Thumb Code    90  led_app.o(i.led_disp)
    led_task                                 0x080029e5   Thumb Code    10  led_app.o(i.led_task)
    main                                     0x080029f5   Thumb Code    24  main.o(i.main)
    scheduler_init                           0x08002a0d   Thumb Code    34  scheduler.o(i.scheduler_init)
    scheduler_run                            0x08002a35   Thumb Code    78  scheduler.o(i.scheduler_run)
    AHBPrescTable                            0x08002a8c   Data          16  system_stm32g4xx.o(.constdata)
    APBPrescTable                            0x08002a9c   Data           8  system_stm32g4xx.o(.constdata)
    ASCII_Table                              0x08002aa4   Data        4560  lcd.o(.constdata)
    Region$$Table$$Base                      0x08003c74   Number         0  anon$$obj.o(Region$$Table)
    Region$$Table$$Limit                     0x08003c94   Number         0  anon$$obj.o(Region$$Table)
    uwTick                                   0x20000000   Data           4  stm32g4xx_hal.o(.data)
    uwTickPrio                               0x20000004   Data           4  stm32g4xx_hal.o(.data)
    uwTickFreq                               0x20000008   Data           4  stm32g4xx_hal.o(.data)
    SystemCoreClock                          0x2000000c   Data           4  system_stm32g4xx.o(.data)
    key_val                                  0x20000010   Data           1  key_app.o(.data)
    key_old                                  0x20000011   Data           1  key_app.o(.data)
    key_down                                 0x20000012   Data           1  key_app.o(.data)
    key_up                                   0x20000013   Data           1  key_app.o(.data)
    dummy                                    0x20000018   Data           2  lcd.o(.data)
    count                                    0x2000001a   Data           2  lcd_app.o(.data)
    key_id                                   0x2000001c   Data           1  lcd_app.o(.data)
    led_buf                                  0x2000001d   Data           8  led_app.o(.data)
    SchedulerTasks                           0x20000028   Data          36  scheduler.o(.data)
    task_num                                 0x2000004c   Data           1  scheduler.o(.data)
    __initial_sp                             0x20000450   Data           0  startup_stm32g431xx.o(STACK)



==============================================================================

Memory Map of the image

  Image Entry point : 0x080001d9

  Load Region LR_IROM1 (Base: 0x08000000, Size: 0x00003ce4, Max: 0x00020000, ABSOLUTE)

    Execution Region ER_IROM1 (Exec base: 0x08000000, Load base: 0x08000000, Size: 0x00003c94, Max: 0x00020000, ABSOLUTE)

    Exec Addr    Load Addr    Size         Type   Attr      Idx    E Section Name        Object

    0x08000000   0x08000000   0x000001d8   Data   RO            3    RESET               startup_stm32g431xx.o
    0x080001d8   0x080001d8   0x00000000   Code   RO         2251  * .ARM.Collect$$$$00000000  mc_w.l(entry.o)
    0x080001d8   0x080001d8   0x00000004   Code   RO         2284    .ARM.Collect$$$$00000001  mc_w.l(entry2.o)
    0x080001dc   0x080001dc   0x00000004   Code   RO         2287    .ARM.Collect$$$$00000004  mc_w.l(entry5.o)
    0x080001e0   0x080001e0   0x00000000   Code   RO         2289    .ARM.Collect$$$$00000008  mc_w.l(entry7b.o)
    0x080001e0   0x080001e0   0x00000000   Code   RO         2291    .ARM.Collect$$$$0000000A  mc_w.l(entry8b.o)
    0x080001e0   0x080001e0   0x00000008   Code   RO         2292    .ARM.Collect$$$$0000000B  mc_w.l(entry9a.o)
    0x080001e8   0x080001e8   0x00000004   Code   RO         2299    .ARM.Collect$$$$0000000E  mc_w.l(entry12b.o)
    0x080001ec   0x080001ec   0x00000000   Code   RO         2294    .ARM.Collect$$$$0000000F  mc_w.l(entry10a.o)
    0x080001ec   0x080001ec   0x00000000   Code   RO         2296    .ARM.Collect$$$$00000011  mc_w.l(entry11a.o)
    0x080001ec   0x080001ec   0x00000004   Code   RO         2285    .ARM.Collect$$$$00002712  mc_w.l(entry2.o)
    0x080001f0   0x080001f0   0x00000024   Code   RO            4    .text               startup_stm32g431xx.o
    0x08000214   0x08000214   0x00000024   Code   RO         2254    .text               mc_w.l(memseta.o)
    0x08000238   0x08000238   0x0000002c   Code   RO         2303    .text               mc_w.l(uidiv.o)
    0x08000264   0x08000264   0x00000062   Code   RO         2305    .text               mc_w.l(uldiv.o)
    0x080002c6   0x080002c6   0x00000000   Code   RO         2307    .text               mc_w.l(iusefp.o)
    0x080002c6   0x080002c6   0x0000014e   Code   RO         2308    .text               mf_w.l(dadd.o)
    0x08000414   0x08000414   0x000000e4   Code   RO         2310    .text               mf_w.l(dmul.o)
    0x080004f8   0x080004f8   0x000000de   Code   RO         2312    .text               mf_w.l(ddiv.o)
    0x080005d6   0x080005d6   0x00000030   Code   RO         2314    .text               mf_w.l(dfixul.o)
    0x08000606   0x08000606   0x00000002   PAD
    0x08000608   0x08000608   0x00000030   Code   RO         2316    .text               mf_w.l(cdrcmple.o)
    0x08000638   0x08000638   0x00000024   Code   RO         2318    .text               mc_w.l(init.o)
    0x0800065c   0x0800065c   0x0000001e   Code   RO         2321    .text               mc_w.l(llshl.o)
    0x0800067a   0x0800067a   0x00000020   Code   RO         2323    .text               mc_w.l(llushr.o)
    0x0800069a   0x0800069a   0x00000024   Code   RO         2325    .text               mc_w.l(llsshr.o)
    0x080006be   0x080006be   0x000000ba   Code   RO         2328    .text               mf_w.l(depilogue.o)
    0x08000778   0x08000778   0x00000004   Code   RO          192    i.BusFault_Handler  stm32g4xx_it.o
    0x0800077c   0x0800077c   0x00000002   Code   RO          193    i.DebugMon_Handler  stm32g4xx_it.o
    0x0800077e   0x0800077e   0x0000001e   Code   RO         1931    i.Delay_LCD         lcd.o
    0x0800079c   0x0800079c   0x00000006   Code   RO           13    i.Error_Handler     main.o
    0x080007a2   0x080007a2   0x00000002   PAD
    0x080007a4   0x080007a4   0x00000028   Code   RO          538    i.HAL_Delay         stm32g4xx_hal.o
    0x080007cc   0x080007cc   0x000001cc   Code   RO         1307    i.HAL_GPIO_Init     stm32g4xx_hal_gpio.o
    0x08000998   0x08000998   0x00000010   Code   RO         1309    i.HAL_GPIO_ReadPin  stm32g4xx_hal_gpio.o
    0x080009a8   0x080009a8   0x0000000a   Code   RO         1311    i.HAL_GPIO_WritePin  stm32g4xx_hal_gpio.o
    0x080009b2   0x080009b2   0x00000002   PAD
    0x080009b4   0x080009b4   0x0000000c   Code   RO          542    i.HAL_GetTick       stm32g4xx_hal.o
    0x080009c0   0x080009c0   0x00000018   Code   RO          548    i.HAL_IncTick       stm32g4xx_hal.o
    0x080009d8   0x080009d8   0x0000001e   Code   RO          549    i.HAL_Init          stm32g4xx_hal.o
    0x080009f6   0x080009f6   0x00000002   PAD
    0x080009f8   0x080009f8   0x00000058   Code   RO          550    i.HAL_InitTick      stm32g4xx_hal.o
    0x08000a50   0x08000a50   0x00000044   Code   RO          267    i.HAL_MspInit       stm32g4xx_hal_msp.o
    0x08000a94   0x08000a94   0x0000007a   Code   RO         1722    i.HAL_NVIC_SetPriority  stm32g4xx_hal_cortex.o
    0x08000b0e   0x08000b0e   0x00000002   PAD
    0x08000b10   0x08000b10   0x00000028   Code   RO         1723    i.HAL_NVIC_SetPriorityGrouping  stm32g4xx_hal_cortex.o
    0x08000b38   0x08000b38   0x00000118   Code   RO          292    i.HAL_PWREx_ControlVoltageScaling  stm32g4xx_hal_pwr_ex.o
    0x08000c50   0x08000c50   0x00000014   Code   RO          304    i.HAL_PWREx_DisableUCPDDeadBattery  stm32g4xx_hal_pwr_ex.o
    0x08000c64   0x08000c64   0x00000224   Code   RO          784    i.HAL_RCC_ClockConfig  stm32g4xx_hal_rcc.o
    0x08000e88   0x08000e88   0x00000098   Code   RO          794    i.HAL_RCC_GetSysClockFreq  stm32g4xx_hal_rcc.o
    0x08000f20   0x08000f20   0x0000055c   Code   RO          797    i.HAL_RCC_OscConfig  stm32g4xx_hal_rcc.o
    0x0800147c   0x0800147c   0x00000034   Code   RO         1727    i.HAL_SYSTICK_Config  stm32g4xx_hal_cortex.o
    0x080014b0   0x080014b0   0x00000004   Code   RO          194    i.HardFault_Handler  stm32g4xx_it.o
    0x080014b4   0x080014b4   0x00000030   Code   RO         1932    i.LCD_BusIn         lcd.o
    0x080014e4   0x080014e4   0x00000030   Code   RO         1933    i.LCD_BusOut        lcd.o
    0x08001514   0x08001514   0x00000026   Code   RO         1934    i.LCD_Clear         lcd.o
    0x0800153a   0x0800153a   0x00000002   PAD
    0x0800153c   0x0800153c   0x000000c4   Code   RO         1936    i.LCD_CtrlLinesConfig  lcd.o
    0x08001600   0x08001600   0x00000028   Code   RO         1937    i.LCD_DisplayChar   lcd.o
    0x08001628   0x08001628   0x0000002c   Code   RO         1940    i.LCD_DisplayStringLine  lcd.o
    0x08001654   0x08001654   0x0000006c   Code   RO         1941    i.LCD_DrawChar      lcd.o
    0x080016c0   0x080016c0   0x00000038   Code   RO         1947    i.LCD_Init          lcd.o
    0x080016f8   0x080016f8   0x000000ac   Code   RO         1950    i.LCD_ReadReg       lcd.o
    0x080017a4   0x080017a4   0x00000010   Code   RO         1951    i.LCD_SetBackColor  lcd.o
    0x080017b4   0x080017b4   0x00000018   Code   RO         1952    i.LCD_SetCursor     lcd.o
    0x080017cc   0x080017cc   0x00000010   Code   RO         1954    i.LCD_SetTextColor  lcd.o
    0x080017dc   0x080017dc   0x00000078   Code   RO         1957    i.LCD_WriteRAM      lcd.o
    0x08001854   0x08001854   0x00000078   Code   RO         1958    i.LCD_WriteRAM_Prepare  lcd.o
    0x080018cc   0x080018cc   0x00000090   Code   RO         1959    i.LCD_WriteReg      lcd.o
    0x0800195c   0x0800195c   0x00000168   Code   RO          168    i.MX_GPIO_Init      gpio.o
    0x08001ac4   0x08001ac4   0x00000004   Code   RO          195    i.MemManage_Handler  stm32g4xx_it.o
    0x08001ac8   0x08001ac8   0x00000004   Code   RO          196    i.NMI_Handler       stm32g4xx_it.o
    0x08001acc   0x08001acc   0x00000002   Code   RO          197    i.PendSV_Handler    stm32g4xx_it.o
    0x08001ace   0x08001ace   0x00000002   PAD
    0x08001ad0   0x08001ad0   0x00000068   Code   RO          798    i.RCC_GetSysClockFreqFromPLLSource  stm32g4xx_hal_rcc.o
    0x08001b38   0x08001b38   0x00000120   Code   RO         1960    i.REG_8230_Init     lcd.o
    0x08001c58   0x08001c58   0x00000200   Code   RO         1961    i.REG_932X_Init     lcd.o
    0x08001e58   0x08001e58   0x00000002   Code   RO          198    i.SVC_Handler       stm32g4xx_it.o
    0x08001e5a   0x08001e5a   0x00000008   Code   RO          199    i.SysTick_Handler   stm32g4xx_it.o
    0x08001e62   0x08001e62   0x00000068   Code   RO           14    i.SystemClock_Config  main.o
    0x08001eca   0x08001eca   0x00000002   PAD
    0x08001ecc   0x08001ecc   0x00000014   Code   RO         1862    i.SystemInit        system_stm32g4xx.o
    0x08001ee0   0x08001ee0   0x00000004   Code   RO          200    i.UsageFault_Handler  stm32g4xx_it.o
    0x08001ee4   0x08001ee4   0x00000024   Code   RO         2263    i.__0vsprintf       mc_w.l(printfa.o)
    0x08001f08   0x08001f08   0x00000010   Code   RO         1729    i.__NVIC_GetPriorityGrouping  stm32g4xx_hal_cortex.o
    0x08001f18   0x08001f18   0x00000028   Code   RO         1730    i.__NVIC_SetPriority  stm32g4xx_hal_cortex.o
    0x08001f40   0x08001f40   0x0000000e   Code   RO         2332    i.__scatterload_copy  mc_w.l(handlers.o)
    0x08001f4e   0x08001f4e   0x00000002   Code   RO         2333    i.__scatterload_null  mc_w.l(handlers.o)
    0x08001f50   0x08001f50   0x0000000e   Code   RO         2334    i.__scatterload_zeroinit  mc_w.l(handlers.o)
    0x08001f5e   0x08001f5e   0x00000002   PAD
    0x08001f60   0x08001f60   0x00000184   Code   RO         2264    i._fp_digits        mc_w.l(printfa.o)
    0x080020e4   0x080020e4   0x000006b4   Code   RO         2265    i._printf_core      mc_w.l(printfa.o)
    0x08002798   0x08002798   0x00000024   Code   RO         2266    i._printf_post_padding  mc_w.l(printfa.o)
    0x080027bc   0x080027bc   0x0000002e   Code   RO         2267    i._printf_pre_padding  mc_w.l(printfa.o)
    0x080027ea   0x080027ea   0x0000000a   Code   RO         2269    i._sputc            mc_w.l(printfa.o)
    0x080027f4   0x080027f4   0x00000044   Code   RO         1898    i.key_read          key_app.o
    0x08002838   0x08002838   0x000000b4   Code   RO         1899    i.key_task          key_app.o
    0x080028ec   0x080028ec   0x00000026   Code   RO         2142    i.lcd_sprintf       lcd_app.o
    0x08002912   0x08002912   0x00000002   PAD
    0x08002914   0x08002914   0x00000068   Code   RO         2143    i.lcd_task          lcd_app.o
    0x0800297c   0x0800297c   0x00000068   Code   RO         2185    i.led_disp          led_app.o
    0x080029e4   0x080029e4   0x00000010   Code   RO         2186    i.led_task          led_app.o
    0x080029f4   0x080029f4   0x00000018   Code   RO           15    i.main              main.o
    0x08002a0c   0x08002a0c   0x00000028   Code   RO         2221    i.scheduler_init    scheduler.o
    0x08002a34   0x08002a34   0x00000058   Code   RO         2222    i.scheduler_run     scheduler.o
    0x08002a8c   0x08002a8c   0x00000018   Data   RO         1863    .constdata          system_stm32g4xx.o
    0x08002aa4   0x08002aa4   0x000011d0   Data   RO         1962    .constdata          lcd.o
    0x08003c74   0x08003c74   0x00000020   Data   RO         2330    Region$$Table       anon$$obj.o


    Execution Region RW_IRAM1 (Exec base: 0x20000000, Load base: 0x08003c94, Size: 0x00000450, Max: 0x00008000, ABSOLUTE)

    Exec Addr    Load Addr    Size         Type   Attr      Idx    E Section Name        Object

    0x20000000   0x08003c94   0x0000000c   Data   RW          569    .data               stm32g4xx_hal.o
    0x2000000c   0x08003ca0   0x00000004   Data   RW         1864    .data               system_stm32g4xx.o
    0x20000010   0x08003ca4   0x00000004   Data   RW         1900    .data               key_app.o
    0x20000014   0x08003ca8   0x00000006   Data   RW         1963    .data               lcd.o
    0x2000001a   0x08003cae   0x00000003   Data   RW         2144    .data               lcd_app.o
    0x2000001d   0x08003cb1   0x00000008   Data   RW         2187    .data               led_app.o
    0x20000025   0x08003cb9   0x00000003   PAD
    0x20000028   0x08003cbc   0x00000025   Data   RW         2223    .data               scheduler.o
    0x2000004d   0x08003ce1   0x00000003   PAD
    0x20000050        -       0x00000400   Zero   RW            1    STACK               startup_stm32g431xx.o


==============================================================================

Image component sizes


      Code (inc. data)   RO Data    RW Data    ZI Data      Debug   Object Name

       360         16          0          0          0       1167   gpio.o
       248         32          0          4          0       1472   key_app.o
      2020         84       4560          6          0      11936   lcd.o
       142         58          0          3          0       2060   lcd_app.o
       120         20          0          8          0       1744   led_app.o
       134          0          0          0          0     531788   main.o
       128         16          0         37          0       1827   scheduler.o
        36          8        472          0       1024        872   startup_stm32g431xx.o
       194         32          0         12          0       4581   stm32g4xx_hal.o
       270         22          0          0          0      33882   stm32g4xx_hal_cortex.o
       486         32          0          0          0       2879   stm32g4xx_hal_gpio.o
        68          6          0          0          0        930   stm32g4xx_hal_msp.o
       300         18          0          0          0       1485   stm32g4xx_hal_pwr_ex.o
      2176         80          0          0          0       5704   stm32g4xx_hal_rcc.o
        34          0          0          0          0       4562   stm32g4xx_it.o
        20          6         24          4          0       1243   system_stm32g4xx.o

    ----------------------------------------------------------------------
      6752        430       5088         80       1024     608132   Object Totals
         0          0         32          0          0          0   (incl. Generated)
        16          0          0          6          0          0   (incl. Padding)

    ----------------------------------------------------------------------

      Code (inc. data)   RO Data    RW Data    ZI Data      Debug   Library Member Name

         0          0          0          0          0          0   entry.o
         0          0          0          0          0          0   entry10a.o
         0          0          0          0          0          0   entry11a.o
         4          0          0          0          0          0   entry12b.o
         8          4          0          0          0          0   entry2.o
         4          0          0          0          0          0   entry5.o
         0          0          0          0          0          0   entry7b.o
         0          0          0          0          0          0   entry8b.o
         8          4          0          0          0          0   entry9a.o
        30          0          0          0          0          0   handlers.o
        36          8          0          0          0         68   init.o
         0          0          0          0          0          0   iusefp.o
        30          0          0          0          0         68   llshl.o
        36          0          0          0          0         68   llsshr.o
        32          0          0          0          0         68   llushr.o
        36          0          0          0          0        108   memseta.o
      2232         86          0          0          0        528   printfa.o
        44          0          0          0          0         80   uidiv.o
        98          0          0          0          0         92   uldiv.o
        48          0          0          0          0         68   cdrcmple.o
       334          0          0          0          0        148   dadd.o
       222          0          0          0          0        100   ddiv.o
       186          0          0          0          0        176   depilogue.o
        48          0          0          0          0         68   dfixul.o
       228          0          0          0          0         96   dmul.o

    ----------------------------------------------------------------------
      3668        102          0          0          0       1736   Library Totals
         4          0          0          0          0          0   (incl. Padding)

    ----------------------------------------------------------------------

      Code (inc. data)   RO Data    RW Data    ZI Data      Debug   Library Name

      2598        102          0          0          0       1080   mc_w.l
      1066          0          0          0          0        656   mf_w.l

    ----------------------------------------------------------------------
      3668        102          0          0          0       1736   Library Totals

    ----------------------------------------------------------------------

==============================================================================


      Code (inc. data)   RO Data    RW Data    ZI Data      Debug   

     10420        532       5088         80       1024     603788   Grand Totals
     10420        532       5088         80       1024     603788   ELF Image Totals
     10420        532       5088         80          0          0   ROM Totals

==============================================================================

    Total RO  Size (Code + RO Data)                15508 (  15.14kB)
    Total RW  Size (RW Data + ZI Data)              1104 (   1.08kB)
    Total ROM Size (Code + RO Data + RW Data)      15588 (  15.22kB)

==============================================================================

