<html>
<body>
<pre>
<h1>µVision Build Log</h1>
<h2>Tool Versions:</h2>
IDE-Version: ¦ÌVision V5.43.1.0
Copyright (C) 2025 ARM Ltd and ARM Germany GmbH. All rights reserved.
License Information: Twicis ., ., LIC=MPPLD-8BDX7-63JMB-2XVE3-CXLRD-H8UKE
 
Tool Versions:
Toolchain:       MDK-ARM Plus  Version: 5.43.0.0
Toolchain Path:  D:\Software\DevTools\01_Keilv5\ARM\ARMCC\Bin
C Compiler:      Armcc.exe V5.06 update 7 (build 960)
Assembler:       Armasm.exe V5.06 update 7 (build 960)
Linker/Locator:  ArmLink.exe V5.06 update 7 (build 960)
Library Manager: ArmAr.exe V5.06 update 7 (build 960)
Hex Converter:   FromElf.exe V5.06 update 7 (build 960)
CPU DLL:         SARMCM3.DLL V5.43.0.0
Dialog DLL:      DCM.DLL V1.17.5.0
Target DLL:      CMSIS_AGDI.dll V1.33.24.0
Dialog DLL:      TCM.DLL V1.56.6.0
 
<h2>Project:</h2>
F:\Projects\UniCross\Competitions\Lanqiao_Qianrushi\01_modules\Led_Key_Lcd_Uart_DMA_ADC_IIC\MDK-ARM\Led_Key_Lcd_Uart_DMA_ADC_IIC.uvprojx
Project File Date:  04/10/2026

<h2>Output:</h2>
*** Using Compiler 'V5.06 update 7 (build 960)', folder: 'D:\Software\DevTools\01_Keilv5\ARM\ARMCC\Bin'
Build target 'Led_Key_Lcd_Uart_DMA_ADC_IIC'
assembling startup_stm32g431xx.s...
compiling stm32g4xx_ll_adc.c...
compiling dma.c...
compiling stm32g4xx_hal_msp.c...
compiling adc.c...
compiling main.c...
compiling gpio.c...
compiling usart.c...
compiling stm32g4xx_hal.c...
compiling stm32g4xx_it.c...
compiling stm32g4xx_hal_rcc.c...
compiling stm32g4xx_hal_flash.c...
compiling stm32g4xx_hal_adc_ex.c...
compiling stm32g4xx_hal_adc.c...
compiling stm32g4xx_hal_rcc_ex.c...
compiling stm32g4xx_hal_flash_ramfunc.c...
compiling stm32g4xx_hal_dma_ex.c...
compiling system_stm32g4xx.c...
compiling stm32g4xx_hal_cortex.c...
compiling stm32g4xx_hal_dma.c...
compiling stm32g4xx_hal_pwr.c...
compiling stm32g4xx_hal_gpio.c...
compiling stm32g4xx_hal_uart_ex.c...
compiling adc_app.c...
compiling stm32g4xx_hal_exti.c...
compiling stm32g4xx_hal_flash_ex.c...
compiling stm32g4xx_hal_pwr_ex.c...
compiling stm32g4xx_hal_uart.c...
compiling key_app.c...
compiling i2c_hal.c...
compiling lcd_app.c...
compiling lcd.c...
compiling uart_app.c...
compiling scheduler.c...
compiling led_app.c...
linking...
Program Size: Code=22464 RO-data=5128 RW-data=128 ZI-data=2184  
FromELF: creating hex file...
"Led_Key_Lcd_Uart_DMA_ADC_IIC\Led_Key_Lcd_Uart_DMA_ADC_IIC.axf" - 0 Error(s), 0 Warning(s).

<h2>Software Packages used:</h2>

Package Vendor: Keil
                http://www.keil.com/pack/Keil.STM32G4xx_DFP.1.2.0.pack
                Keil::STM32G4xx_DFP@1.2.0
                STMicroelectronics STM32G4 Series Device Support, Drivers and Examples

<h2>Collection of Component include folders:</h2>
  D:/Software/DevTools/01_Keilv5/Arm/Packs/Keil/STM32G4xx_DFP/1.2.0/Drivers/CMSIS/Device/ST/STM32G4xx/Include

<h2>Collection of Component Files used:</h2>
Build Time Elapsed:  00:00:08
</pre>
</body>
</html>
